Archive member included to satisfy reference by file (symbol)

../../../nrf5_sdk/external/micro-ecc/nrf52hf_armgcc/armgcc/micro_ecc_lib_nrf52.a(uECC.c.o)
                              _build/nrf52832_xxaa_s332/micro_ecc_backend_ecc.c.o (uECC_set_rng)
c:/program files (x86)/gnu tools arm embedded/7 2018-q2-update/bin/../lib/gcc/arm-none-eabi/7.3.1/../../../../arm-none-eabi/lib/thumb/v7e-m/fpv4-sp/hard\libc_nano.a(lib_a-exit.o)
                              c:/program files (x86)/gnu tools arm embedded/7 2018-q2-update/bin/../lib/gcc/arm-none-eabi/7.3.1/../../../../arm-none-eabi/lib/thumb/v7e-m/fpv4-sp/hard/crt0.o (exit)
c:/program files (x86)/gnu tools arm embedded/7 2018-q2-update/bin/../lib/gcc/arm-none-eabi/7.3.1/../../../../arm-none-eabi/lib/thumb/v7e-m/fpv4-sp/hard\libc_nano.a(lib_a-impure.o)
                              c:/program files (x86)/gnu tools arm embedded/7 2018-q2-update/bin/../lib/gcc/arm-none-eabi/7.3.1/../../../../arm-none-eabi/lib/thumb/v7e-m/fpv4-sp/hard\libc_nano.a(lib_a-exit.o) (_global_impure_ptr)
c:/program files (x86)/gnu tools arm embedded/7 2018-q2-update/bin/../lib/gcc/arm-none-eabi/7.3.1/../../../../arm-none-eabi/lib/thumb/v7e-m/fpv4-sp/hard\libc_nano.a(lib_a-init.o)
                              c:/program files (x86)/gnu tools arm embedded/7 2018-q2-update/bin/../lib/gcc/arm-none-eabi/7.3.1/../../../../arm-none-eabi/lib/thumb/v7e-m/fpv4-sp/hard/crt0.o (__libc_init_array)
c:/program files (x86)/gnu tools arm embedded/7 2018-q2-update/bin/../lib/gcc/arm-none-eabi/7.3.1/../../../../arm-none-eabi/lib/thumb/v7e-m/fpv4-sp/hard\libc_nano.a(lib_a-memcmp.o)
                              _build/nrf52832_xxaa_s332/nrf_bootloader_fw_activation.c.o (memcmp)
c:/program files (x86)/gnu tools arm embedded/7 2018-q2-update/bin/../lib/gcc/arm-none-eabi/7.3.1/../../../../arm-none-eabi/lib/thumb/v7e-m/fpv4-sp/hard\libc_nano.a(lib_a-memcpy-stub.o)
                              _build/nrf52832_xxaa_s332/app_scheduler.c.o (memcpy)
c:/program files (x86)/gnu tools arm embedded/7 2018-q2-update/bin/../lib/gcc/arm-none-eabi/7.3.1/../../../../arm-none-eabi/lib/thumb/v7e-m/fpv4-sp/hard\libc_nano.a(lib_a-memset.o)
                              c:/program files (x86)/gnu tools arm embedded/7 2018-q2-update/bin/../lib/gcc/arm-none-eabi/7.3.1/../../../../arm-none-eabi/lib/thumb/v7e-m/fpv4-sp/hard/crt0.o (memset)
c:/program files (x86)/gnu tools arm embedded/7 2018-q2-update/bin/../lib/gcc/arm-none-eabi/7.3.1/../../../../arm-none-eabi/lib/thumb/v7e-m/fpv4-sp/hard\libc_nano.a(lib_a-strlen.o)
                              _build/nrf52832_xxaa_s332/nrf_fprintf_format.c.o (strlen)
c:/program files (x86)/gnu tools arm embedded/7 2018-q2-update/bin/../lib/gcc/arm-none-eabi/7.3.1/../../../../arm-none-eabi/lib/thumb/v7e-m/fpv4-sp/hard\libnosys.a(_exit.o)
                              c:/program files (x86)/gnu tools arm embedded/7 2018-q2-update/bin/../lib/gcc/arm-none-eabi/7.3.1/../../../../arm-none-eabi/lib/thumb/v7e-m/fpv4-sp/hard\libc_nano.a(lib_a-exit.o) (_exit)

Allocating common symbols
Common symbol       size              file

nrf_nvic_state      0xc               _build/nrf52832_xxaa_s332/app_util_platform.c.o
s_dfu_settings      0x380             _build/nrf52832_xxaa_s332/nrf_dfu_settings.c.o

Discarded input sections

 .text          0x00000000        0x0 c:/program files (x86)/gnu tools arm embedded/7 2018-q2-update/bin/../lib/gcc/arm-none-eabi/7.3.1/thumb/v7e-m/fpv4-sp/hard/crti.o
 .data          0x00000000        0x0 c:/program files (x86)/gnu tools arm embedded/7 2018-q2-update/bin/../lib/gcc/arm-none-eabi/7.3.1/thumb/v7e-m/fpv4-sp/hard/crti.o
 .bss           0x00000000        0x0 c:/program files (x86)/gnu tools arm embedded/7 2018-q2-update/bin/../lib/gcc/arm-none-eabi/7.3.1/thumb/v7e-m/fpv4-sp/hard/crti.o
 .data          0x00000000        0x4 c:/program files (x86)/gnu tools arm embedded/7 2018-q2-update/bin/../lib/gcc/arm-none-eabi/7.3.1/thumb/v7e-m/fpv4-sp/hard/crtbegin.o
 .data          0x00000000        0x0 c:/program files (x86)/gnu tools arm embedded/7 2018-q2-update/bin/../lib/gcc/arm-none-eabi/7.3.1/../../../../arm-none-eabi/lib/thumb/v7e-m/fpv4-sp/hard/crt0.o
 .bss           0x00000000        0x0 c:/program files (x86)/gnu tools arm embedded/7 2018-q2-update/bin/../lib/gcc/arm-none-eabi/7.3.1/../../../../arm-none-eabi/lib/thumb/v7e-m/fpv4-sp/hard/crt0.o
 .ARM.extab     0x00000000        0x0 c:/program files (x86)/gnu tools arm embedded/7 2018-q2-update/bin/../lib/gcc/arm-none-eabi/7.3.1/../../../../arm-none-eabi/lib/thumb/v7e-m/fpv4-sp/hard/crt0.o
 .data          0x00000000        0x0 _build/nrf52832_xxaa_s332/gcc_startup_nrf52.S.o
 .bss           0x00000000        0x0 _build/nrf52832_xxaa_s332/gcc_startup_nrf52.S.o
 .group         0x00000000        0xc _build/nrf52832_xxaa_s332/system_nrf52.c.o
 .group         0x00000000        0xc _build/nrf52832_xxaa_s332/system_nrf52.c.o
 .group         0x00000000        0xc _build/nrf52832_xxaa_s332/system_nrf52.c.o
[...]
Memory Configuration

Name             Origin             Length             Attributes
FLASH            0x00078000         0x00006000         xr
RAM              0x200057b8         0x0000a848         xrw
uicr_bootloader_start_address 0x00000ff8         0x00000004         r
uicr_mbr_params_page 0x00000ffc         0x00000004         r
mbr_params_page  0x0007e000         0x00001000         r
bootloader_settings_page 0x0007f000         0x00001000         r
*default*        0x00000000         0xffffffff

Linker script and memory map


.text           0x00078000     0x5a10
 *(.isr_vector)
 .isr_vector    0x00078000      0x200 _build/nrf52832_xxaa_s332/gcc_startup_nrf52.S.o
                0x00078000                __isr_vector
 *(.text*)
 .text          0x00078200       0x40 c:/program files (x86)/gnu tools arm embedded/7 2018-q2-update/bin/../lib/gcc/arm-none-eabi/7.3.1/thumb/v7e-m/fpv4-sp/hard/crtbegin.o
 .text          0x00078240       0x74 c:/program files (x86)/gnu tools arm embedded/7 2018-q2-update/bin/../lib/gcc/arm-none-eabi/7.3.1/../../../../arm-none-eabi/lib/thumb/v7e-m/fpv4-sp/hard/crt0.o
                0x00078240                _start
                0x00078240                _mainCRTStartup
 .text          0x000782b4       0x3c _build/nrf52832_xxaa_s332/gcc_startup_nrf52.S.o
                0x000782b4                Reset_Handler
                0x000782dc                NMI_Handler
                0x000782de                HardFault_Handler
                0x000782e0                MemoryManagement_Handler
                0x000782e2                BusFault_Handler
                0x000782e4                UsageFault_Handler
                0x000782e8                DebugMon_Handler
                0x000782ea                PendSV_Handler
                0x000782ec                SysTick_Handler
                0x000782ee                SWI0_EGU0_IRQHandler
                0x000782ee                POWER_CLOCK_IRQHandler
                0x000782ee                RADIO_IRQHandler
                0x000782ee                PDM_IRQHandler
                0x000782ee                TEMP_IRQHandler
                0x000782ee                QDEC_IRQHandler
                0x000782ee                PWM1_IRQHandler
                0x000782ee                FPU_IRQHandler
                0x000782ee                SPIM0_SPIS0_TWIM0_TWIS0_SPI0_TWI0_IRQHandler
                0x000782ee                GPIOTE_IRQHandler
                0x000782ee                UARTE0_UART0_IRQHandler
                0x000782ee                RTC0_IRQHandler
                0x000782ee                I2S_IRQHandler
                0x000782ee                SWI4_EGU4_IRQHandler
                0x000782ee                TIMER0_IRQHandler
                0x000782ee                TIMER3_IRQHandler
                0x000782ee                TIMER1_IRQHandler
                0x000782ee                PWM2_IRQHandler
                0x000782ee                ECB_IRQHandler
                0x000782ee                SPIM1_SPIS1_TWIM1_TWIS1_SPI1_TWI1_IRQHandler
                0x000782ee                Default_Handler
                0x000782ee                SAADC_IRQHandler
                0x000782ee                CCM_AAR_IRQHandler
                0x000782ee                SWI5_EGU5_IRQHandler
                0x000782ee                RNG_IRQHandler
                0x000782ee                PWM0_IRQHandler
                0x000782ee                SWI3_EGU3_IRQHandler
                0x000782ee                RTC1_IRQHandler
                0x000782ee                SWI1_EGU1_IRQHandler
                0x000782ee                SPIM2_SPIS2_SPI2_IRQHandler
                0x000782ee                NFCT_IRQHandler
                0x000782ee                TIMER4_IRQHandler
                0x000782ee                MWU_IRQHandler
                0x000782ee                TIMER2_IRQHandler
                0x000782ee                COMP_LPCOMP_IRQHandler
 .text.errata_12
                0x000782f0       0x40 _build/nrf52832_xxaa_s332/system_nrf52.c.o
 .text.errata_16
                0x00078330       0x34 _build/nrf52832_xxaa_s332/system_nrf52.c.o
 .text.SystemInit
                0x00078364      0x25c _build/nrf52832_xxaa_s332/system_nrf52.c.o
                0x00078364                SystemInit
 .text.app_sched_init
                0x000785c0       0x48 _build/nrf52832_xxaa_s332/app_scheduler.c.o
                0x000785c0                app_sched_init
 .text.app_sched_event_put
                0x00078608       0xcc _build/nrf52832_xxaa_s332/app_scheduler.c.o
                0x00078608                app_sched_event_put
 .text.app_sched_execute
                0x000786d4       0x64 _build/nrf52832_xxaa_s332/app_scheduler.c.o
                0x000786d4                app_sched_execute
 .text.app_util_critical_region_enter
                0x00078738       0x48 _build/nrf52832_xxaa_s332/app_util_platform.c.o
                0x00078738                app_util_critical_region_enter
 .text.app_util_critical_region_exit
                0x00078780       0x2c _build/nrf52832_xxaa_s332/app_util_platform.c.o
                0x00078780                app_util_critical_region_exit
 .text.crc32_compute
                0x000787ac       0x38 _build/nrf52832_xxaa_s332/crc32.c.o
                0x000787ac                crc32_compute
 .text.nrf_atfifo_init
                0x000787e4       0x26 _build/nrf52832_xxaa_s332/nrf_atfifo.c.o
                0x000787e4                nrf_atfifo_init
 .text.nrf_atfifo_clear
                0x0007880a       0x44 _build/nrf52832_xxaa_s332/nrf_atfifo.c.o
                0x0007880a                nrf_atfifo_clear
 .text.nrf_atfifo_item_alloc
                0x0007884e       0x54 _build/nrf52832_xxaa_s332/nrf_atfifo.c.o
                0x0007884e                nrf_atfifo_item_alloc
 .text.nrf_atfifo_item_put
                0x000788a2       0x20 _build/nrf52832_xxaa_s332/nrf_atfifo.c.o
                0x000788a2                nrf_atfifo_item_put
 .text.nrf_atfifo_item_get
                0x000788c2       0x56 _build/nrf52832_xxaa_s332/nrf_atfifo.c.o
                0x000788c2                nrf_atfifo_item_get
 .text.nrf_atfifo_item_free
                0x00078918       0x20 _build/nrf52832_xxaa_s332/nrf_atfifo.c.o
                0x00078918                nrf_atfifo_item_free
 .text.nrf_atomic_u32_fetch_or
                0x00078938       0x16 _build/nrf52832_xxaa_s332/nrf_atomic.c.o
                0x00078938                nrf_atomic_u32_fetch_or
 .text.nrf_atomic_u32_and
                0x0007894e       0x16 _build/nrf52832_xxaa_s332/nrf_atomic.c.o
                0x0007894e                nrf_atomic_u32_and
 .text.nrf_atomic_flag_set_fetch
                0x00078964        0x6 _build/nrf52832_xxaa_s332/nrf_atomic.c.o
                0x00078964                nrf_atomic_flag_set_fetch
 .text.nrf_atomic_flag_clear
                0x0007896a        0x6 _build/nrf52832_xxaa_s332/nrf_atomic.c.o
                0x0007896a                nrf_atomic_flag_clear
 .text.nrf_balloc_init
                0x00078970       0x2e _build/nrf52832_xxaa_s332/nrf_balloc.c.o
                0x00078970                nrf_balloc_init
 .text.nrf_balloc_alloc
                0x0007899e       0x4a _build/nrf52832_xxaa_s332/nrf_balloc.c.o
                0x0007899e                nrf_balloc_alloc
 .text.nrf_balloc_free
                0x000789e8       0x32 _build/nrf52832_xxaa_s332/nrf_balloc.c.o
                0x000789e8                nrf_balloc_free
 .text.nrf_fstorage_init
                0x00078a1a        0x8 _build/nrf52832_xxaa_s332/nrf_fstorage.c.o
                0x00078a1a                nrf_fstorage_init
 .text.nrf_fstorage_write
                0x00078a22        0xe _build/nrf52832_xxaa_s332/nrf_fstorage.c.o
                0x00078a22                nrf_fstorage_write
 .text.nrf_fstorage_erase
                0x00078a30        0xe _build/nrf52832_xxaa_s332/nrf_fstorage.c.o
                0x00078a30                nrf_fstorage_erase
 *fill*         0x00078a3e        0x2 
 .text.nrf_fstorage_is_busy
                0x00078a40       0x4c _build/nrf52832_xxaa_s332/nrf_fstorage.c.o
                0x00078a40                nrf_fstorage_is_busy
 .text.init     0x00078a8c        0xc _build/nrf52832_xxaa_s332/nrf_fstorage_nvmc.c.o
 .text.rmap     0x00078a98        0x4 _build/nrf52832_xxaa_s332/nrf_fstorage_nvmc.c.o
 .text.wmap     0x00078a9c        0x4 _build/nrf52832_xxaa_s332/nrf_fstorage_nvmc.c.o
 .text.is_busy  0x00078aa0       0x10 _build/nrf52832_xxaa_s332/nrf_fstorage_nvmc.c.o
 .text.uninit   0x00078ab0       0x10 _build/nrf52832_xxaa_s332/nrf_fstorage_nvmc.c.o
 .text.read     0x00078ac0        0xe _build/nrf52832_xxaa_s332/nrf_fstorage_nvmc.c.o
 *fill*         0x00078ace        0x2 
 .text.erase    0x00078ad0       0x5c _build/nrf52832_xxaa_s332/nrf_fstorage_nvmc.c.o
 .text.write    0x00078b2c       0x58 _build/nrf52832_xxaa_s332/nrf_fstorage_nvmc.c.o
 .text.sd_flash_write
                0x00078b84        0x4 _build/nrf52832_xxaa_s332/nrf_fstorage_sd.c.o
 .text.sd_flash_page_erase
                0x00078b88        0x4 _build/nrf52832_xxaa_s332/nrf_fstorage_sd.c.o
 .text.event_send
                0x00078b8c       0x52 _build/nrf52832_xxaa_s332/nrf_fstorage_sd.c.o
 .text.rmap     0x00078bde        0x4 _build/nrf52832_xxaa_s332/nrf_fstorage_sd.c.o
 .text.wmap     0x00078be2        0x4 _build/nrf52832_xxaa_s332/nrf_fstorage_sd.c.o
 *fill*         0x00078be6        0x2 
 .text.is_busy  0x00078be8       0x10 _build/nrf52832_xxaa_s332/nrf_fstorage_sd.c.o
 .text.nrf_fstorage_sdh_req_handler
                0x00078bf8       0x14 _build/nrf52832_xxaa_s332/nrf_fstorage_sd.c.o
                0x00078bf8                nrf_fstorage_sdh_req_handler
 .text.read     0x00078c0c        0xe _build/nrf52832_xxaa_s332/nrf_fstorage_sd.c.o
 *fill*         0x00078c1a        0x2 
 .text.uninit   0x00078c1c       0x20 _build/nrf52832_xxaa_s332/nrf_fstorage_sd.c.o
 .text.init     0x00078c3c       0x38 _build/nrf52832_xxaa_s332/nrf_fstorage_sd.c.o
 .text.queue_process
                0x00078c74       0xa0 _build/nrf52832_xxaa_s332/nrf_fstorage_sd.c.o
 .text.nrf_fstorage_sys_evt_handler
                0x00078d14       0xa4 _build/nrf52832_xxaa_s332/nrf_fstorage_sd.c.o
                0x00078d14                nrf_fstorage_sys_evt_handler
 .text.nrf_fstorage_sdh_state_handler
                0x00078db8       0x20 _build/nrf52832_xxaa_s332/nrf_fstorage_sd.c.o
                0x00078db8                nrf_fstorage_sdh_state_handler
 .text.queue_start
                0x00078dd8       0x20 _build/nrf52832_xxaa_s332/nrf_fstorage_sd.c.o
 .text.erase    0x00078df8       0x4c _build/nrf52832_xxaa_s332/nrf_fstorage_sd.c.o
 .text.write    0x00078e44       0x50 _build/nrf52832_xxaa_s332/nrf_fstorage_sd.c.o
 .text.nrf_section_iter_init
                0x00078e94       0x12 _build/nrf52832_xxaa_s332/nrf_section_iter.c.o
                0x00078e94                nrf_section_iter_init
 .text.nrf_section_iter_next
                0x00078ea6       0x18 _build/nrf52832_xxaa_s332/nrf_section_iter.c.o
                0x00078ea6                nrf_section_iter_next
 *fill*         0x00078ebe        0x2 
 .text.sha256_transform
                0x00078ec0      0x134 _build/nrf52832_xxaa_s332/sha256.c.o
                0x00078ec0                sha256_transform
 .text.sha256_init
                0x00078ff4       0x60 _build/nrf52832_xxaa_s332/sha256.c.o
                0x00078ff4                sha256_init
 .text.sha256_update
                0x00079054       0x48 _build/nrf52832_xxaa_s332/sha256.c.o
                0x00079054                sha256_update
 .text.sha256_final
                0x0007909c      0x11c _build/nrf52832_xxaa_s332/sha256.c.o
                0x0007909c                sha256_final
 .text.nrf_crypto_backend_micro_ecc_curve_get
                0x000791b8        0x6 _build/nrf52832_xxaa_s332/micro_ecc_backend_ecc.c.o
                0x000791b8                nrf_crypto_backend_micro_ecc_curve_get
 .text.nrf_crypto_backend_micro_ecc_public_key_from_raw
                0x000791be       0x10 _build/nrf52832_xxaa_s332/micro_ecc_backend_ecc.c.o
                0x000791be                nrf_crypto_backend_micro_ecc_public_key_from_raw
 .text.nrf_crypto_backend_micro_ecc_verify
                0x000791ce       0x52 _build/nrf52832_xxaa_s332/micro_ecc_backend_ecdsa.c.o
                0x000791ce                nrf_crypto_backend_micro_ecc_verify
 .text.bsp_board_led_on
                0x00079220       0x18 _build/nrf52832_xxaa_s332/boards.c.o
                0x00079220                bsp_board_led_on
 .text.bsp_board_led_off
                0x00079238       0x18 _build/nrf52832_xxaa_s332/boards.c.o
                0x00079238                bsp_board_led_off
 .text.bsp_board_leds_off
                0x00079250       0x1e _build/nrf52832_xxaa_s332/boards.c.o
                0x00079250                bsp_board_leds_off
 .text.bsp_board_init
                0x0007926e       0x3e _build/nrf52832_xxaa_s332/boards.c.o
                0x0007926e                bsp_board_init
 .text.wait_for_flash_ready
                0x000792ac       0x10 _build/nrf52832_xxaa_s332/nrf_nvmc.c.o
 .text.nrf_nvmc_page_erase
                0x000792bc       0x30 _build/nrf52832_xxaa_s332/nrf_nvmc.c.o
                0x000792bc                nrf_nvmc_page_erase
 .text.nrf_nvmc_write_words
                0x000792ec       0x40 _build/nrf52832_xxaa_s332/nrf_nvmc.c.o
                0x000792ec                nrf_nvmc_write_words
 .text.nrf_crypto_internal_ecc_key_output_prepare
                0x0007932c       0x1a _build/nrf52832_xxaa_s332/nrf_crypto_ecc.c.o
                0x0007932c                nrf_crypto_internal_ecc_key_output_prepare
 .text.nrf_crypto_internal_ecc_key_input_check
                0x00079346       0x16 _build/nrf52832_xxaa_s332/nrf_crypto_ecc.c.o
                0x00079346                nrf_crypto_internal_ecc_key_input_check
 .text.nrf_crypto_internal_ecc_raw_input_check
                0x0007935c       0x14 _build/nrf52832_xxaa_s332/nrf_crypto_ecc.c.o
                0x0007935c                nrf_crypto_internal_ecc_raw_input_check
 .text.nrf_crypto_ecc_public_key_from_raw
                0x00079370       0x38 _build/nrf52832_xxaa_s332/nrf_crypto_ecc.c.o
                0x00079370                nrf_crypto_ecc_public_key_from_raw
 .text.nrf_crypto_ecdsa_verify
                0x000793a8       0x4c _build/nrf52832_xxaa_s332/nrf_crypto_ecdsa.c.o
                0x000793a8                nrf_crypto_ecdsa_verify
 .text.nrf_crypto_hash_init
                0x000793f4       0x28 _build/nrf52832_xxaa_s332/nrf_crypto_hash.c.o
                0x000793f4                nrf_crypto_hash_init
 .text.nrf_crypto_hash_update
                0x0007941c       0x34 _build/nrf52832_xxaa_s332/nrf_crypto_hash.c.o
                0x0007941c                nrf_crypto_hash_update
 .text.nrf_crypto_hash_finalize
                0x00079450       0x3c _build/nrf52832_xxaa_s332/nrf_crypto_hash.c.o
                0x00079450                nrf_crypto_hash_finalize
 .text.nrf_crypto_hash_calculate
                0x0007948c       0x32 _build/nrf52832_xxaa_s332/nrf_crypto_hash.c.o
                0x0007948c                nrf_crypto_hash_calculate
 *fill*         0x000794be        0x2 
 .text.nrf_crypto_init
                0x000794c0       0x38 _build/nrf52832_xxaa_s332/nrf_crypto_init.c.o
                0x000794c0                nrf_crypto_init
 .text.nrf_crypto_internal_swap_endian_in_place
                0x000794f8       0x18 _build/nrf52832_xxaa_s332/nrf_crypto_shared.c.o
                0x000794f8                nrf_crypto_internal_swap_endian_in_place
 .text.nrf_crypto_internal_swap_endian
                0x00079510       0x16 _build/nrf52832_xxaa_s332/nrf_crypto_shared.c.o
                0x00079510                nrf_crypto_internal_swap_endian
 .text.nrf_crypto_internal_double_swap_endian
                0x00079526       0x18 _build/nrf52832_xxaa_s332/nrf_crypto_shared.c.o
                0x00079526                nrf_crypto_internal_double_swap_endian
 .text.nrf_crypto_internal_double_swap_endian_in_place
                0x0007953e       0x16 _build/nrf52832_xxaa_s332/nrf_crypto_shared.c.o
                0x0007953e                nrf_crypto_internal_double_swap_endian_in_place
 .text.NVIC_SystemReset
                0x00079554       0x24 _build/nrf52832_xxaa_s332/main.c.o
 .text.dfu_observer
                0x00079578       0x40 _build/nrf52832_xxaa_s332/main.c.o
 .text.app_error_fault_handler
                0x000795b8        0x6 _build/nrf52832_xxaa_s332/main.c.o
                0x000795b8                app_error_fault_handler
 .text.app_error_handler_bare
                0x000795be        0x6 _build/nrf52832_xxaa_s332/main.c.o
                0x000795be                app_error_handler_bare
 .text.startup.main
                0x000795c4       0x40 _build/nrf52832_xxaa_s332/main.c.o
                0x000795c4                main
 .text.ble_srv_is_notification_enabled
                0x00079604        0x8 _build/nrf52832_xxaa_s332/ble_srv_common.c.o
                0x00079604                ble_srv_is_notification_enabled
 .text.unlikely.sd_app_evt_wait
                0x0007960c        0x4 _build/nrf52832_xxaa_s332/nrf_bootloader.c.o
 .text.flash_write_callback
                0x00079610        0xc _build/nrf52832_xxaa_s332/nrf_bootloader.c.o
 .text.do_reset
                0x0007961c       0x24 _build/nrf52832_xxaa_s332/nrf_bootloader.c.o
 .text.inactivity_timeout
                0x00079640       0x14 _build/nrf52832_xxaa_s332/nrf_bootloader.c.o
 .text.dfu_observer
                0x00079654       0x4c _build/nrf52832_xxaa_s332/nrf_bootloader.c.o
 .text.nrf_dfu_init_user
                0x000796a0        0x4 _build/nrf52832_xxaa_s332/nrf_bootloader.c.o
                0x000796a0                nrf_dfu_init_user
 .text.nrf_bootloader_init
                0x000796a4      0x18c _build/nrf52832_xxaa_s332/nrf_bootloader.c.o
                0x000796a4                nrf_bootloader_init
 .text.nrf_bootloader_app_start
                0x00079830       0x24 _build/nrf52832_xxaa_s332/nrf_bootloader_app_start.c.o
                0x00079830                nrf_bootloader_app_start
 .text.nrf_bootloader_flash_protect
                0x00079854       0x58 _build/nrf52832_xxaa_s332/nrf_bootloader_app_start_final.c.o
                0x00079854                nrf_bootloader_flash_protect
 .text.nrf_bootloader_app_start_final
                0x000798ac       0x90 _build/nrf52832_xxaa_s332/nrf_bootloader_app_start_final.c.o
                0x000798ac                nrf_bootloader_app_start_final
 .text.timer_activate
                0x0007993c       0x68 _build/nrf52832_xxaa_s332/nrf_bootloader_dfu_timers.c.o
 .text.timer_init
                0x000799a4       0x84 _build/nrf52832_xxaa_s332/nrf_bootloader_dfu_timers.c.o
 .text.RTC2_IRQHandler
                0x00079a28       0xbc _build/nrf52832_xxaa_s332/nrf_bootloader_dfu_timers.c.o
                0x00079a28                RTC2_IRQHandler
 .text.nrf_bootloader_dfu_inactivity_timer_restart
                0x00079ae4       0x38 _build/nrf52832_xxaa_s332/nrf_bootloader_dfu_timers.c.o
                0x00079ae4                nrf_bootloader_dfu_inactivity_timer_restart
 .text.nrf_bootloader_wdt_feed_timer_start
                0x00079b1c       0x24 _build/nrf52832_xxaa_s332/nrf_bootloader_dfu_timers.c.o
                0x00079b1c                nrf_bootloader_wdt_feed_timer_start
 .text.flash_write_callback
                0x00079b40        0xc _build/nrf52832_xxaa_s332/nrf_bootloader_fw_activation.c.o
 .text.bl_activate
                0x00079b4c       0x60 _build/nrf52832_xxaa_s332/nrf_bootloader_fw_activation.c.o
 .text.image_copy.part.0.constprop.3
                0x00079bac       0x88 _build/nrf52832_xxaa_s332/nrf_bootloader_fw_activation.c.o
 .text.sd_activate
                0x00079c34       0x60 _build/nrf52832_xxaa_s332/nrf_bootloader_fw_activation.c.o
 .text.nrf_bootloader_fw_activate
                0x00079c94       0xac _build/nrf52832_xxaa_s332/nrf_bootloader_fw_activation.c.o
                0x00079c94                nrf_bootloader_fw_activate
 .text.wdt_feed
                0x00079d40       0x34 _build/nrf52832_xxaa_s332/nrf_bootloader_wdt.c.o
 .text.wdt_feed_timer_handler
                0x00079d74        0x4 _build/nrf52832_xxaa_s332/nrf_bootloader_wdt.c.o
 .text.WDT_IRQHandler
                0x00079d78       0x18 _build/nrf52832_xxaa_s332/nrf_bootloader_wdt.c.o
                0x00079d78                WDT_IRQHandler
 .text.nrf_bootloader_wdt_init
                0x00079d90       0x4c _build/nrf52832_xxaa_s332/nrf_bootloader_wdt.c.o
                0x00079d90                nrf_bootloader_wdt_init
 .text.nrf_bootloader_wdt_feed
                0x00079ddc       0x14 _build/nrf52832_xxaa_s332/nrf_bootloader_wdt.c.o
                0x00079ddc                nrf_bootloader_wdt_feed
 .text.pb_field_iter_begin
                0x00079df0       0x22 _build/nrf52832_xxaa_s332/pb_common.c.o
                0x00079df0                pb_field_iter_begin
 .text.pb_field_iter_next
                0x00079e12       0x84 _build/nrf52832_xxaa_s332/pb_common.c.o
                0x00079e12                pb_field_iter_next
 .text.pb_field_iter_find
                0x00079e96       0x2e _build/nrf52832_xxaa_s332/pb_common.c.o
                0x00079e96                pb_field_iter_find
 .text.buf_read
                0x00079ec4       0x1c _build/nrf52832_xxaa_s332/pb_decode.c.o
 .text.pb_readbyte
                0x00079ee0       0x1e _build/nrf52832_xxaa_s332/pb_decode.c.o
 .text.pb_decode_varint32
                0x00079efe       0x58 _build/nrf52832_xxaa_s332/pb_decode.c.o
 .text.pb_field_set_to_default
                0x00079f56       0xaa _build/nrf52832_xxaa_s332/pb_decode.c.o
 .text.pb_message_set_to_defaults
                0x0007a000       0x22 _build/nrf52832_xxaa_s332/pb_decode.c.o
 *fill*         0x0007a022        0x2 
 .text.pb_read  0x0007a024       0x58 _build/nrf52832_xxaa_s332/pb_decode.c.o
                0x0007a024                pb_read
 .text.pb_dec_string
                0x0007a07c       0x40 _build/nrf52832_xxaa_s332/pb_decode.c.o
 .text.pb_dec_bytes
                0x0007a0bc       0x44 _build/nrf52832_xxaa_s332/pb_decode.c.o
 .text.pb_istream_from_buffer
                0x0007a100       0x14 _build/nrf52832_xxaa_s332/pb_decode.c.o
                0x0007a100                pb_istream_from_buffer
 .text.pb_decode_varint
                0x0007a114       0x6e _build/nrf52832_xxaa_s332/pb_decode.c.o
                0x0007a114                pb_decode_varint
 .text.pb_dec_uvarint
                0x0007a182       0x5e _build/nrf52832_xxaa_s332/pb_decode.c.o
 .text.pb_dec_varint
                0x0007a1e0       0x5a _build/nrf52832_xxaa_s332/pb_decode.c.o
 .text.pb_decode_tag
                0x0007a23a       0x3a _build/nrf52832_xxaa_s332/pb_decode.c.o
                0x0007a23a                pb_decode_tag
 .text.pb_skip_field
                0x0007a274       0x4c _build/nrf52832_xxaa_s332/pb_decode.c.o
                0x0007a274                pb_skip_field
 .text.pb_make_string_substream
                0x0007a2c0       0x30 _build/nrf52832_xxaa_s332/pb_decode.c.o
                0x0007a2c0                pb_make_string_substream
 .text.decode_field
                0x0007a2f0      0x1a4 _build/nrf52832_xxaa_s332/pb_decode.c.o
 .text.pb_decode_noinit
                0x0007a494      0x1ae _build/nrf52832_xxaa_s332/pb_decode.c.o
                0x0007a494                pb_decode_noinit
 .text.pb_decode
                0x0007a642       0x1e _build/nrf52832_xxaa_s332/pb_decode.c.o
                0x0007a642                pb_decode
 .text.pb_dec_submessage
                0x0007a660       0x3a _build/nrf52832_xxaa_s332/pb_decode.c.o
 .text.pb_decode_svarint
                0x0007a69a       0x3e _build/nrf52832_xxaa_s332/pb_decode.c.o
                0x0007a69a                pb_decode_svarint
 .text.pb_dec_svarint
                0x0007a6d8       0x5a _build/nrf52832_xxaa_s332/pb_decode.c.o
 .text.pb_decode_fixed32
                0x0007a732       0x18 _build/nrf52832_xxaa_s332/pb_decode.c.o
                0x0007a732                pb_decode_fixed32
 .text.pb_dec_fixed32
                0x0007a74a        0x6 _build/nrf52832_xxaa_s332/pb_decode.c.o
 .text.pb_decode_fixed64
                0x0007a750       0x1a _build/nrf52832_xxaa_s332/pb_decode.c.o
                0x0007a750                pb_decode_fixed64
 .text.pb_dec_fixed64
                0x0007a76a        0x6 _build/nrf52832_xxaa_s332/pb_decode.c.o
 .text.nrf_sw_backend_hash_sha256_finalize
                0x0007a770       0x20 _build/nrf52832_xxaa_s332/nrf_sw_backend_hash.c.o
 .text.nrf_sw_backend_hash_sha256_update
                0x0007a790        0x6 _build/nrf52832_xxaa_s332/nrf_sw_backend_hash.c.o
 .text.nrf_sw_backend_hash_sha256_init
                0x0007a796        0x6 _build/nrf52832_xxaa_s332/nrf_sw_backend_hash.c.o
 .text.dfu_observer
                0x0007a79c       0x24 _build/nrf52832_xxaa_s332/nrf_dfu.c.o
 .text.nrf_dfu_init
                0x0007a7c0       0x28 _build/nrf52832_xxaa_s332/nrf_dfu.c.o
                0x0007a7c0                nrf_dfu_init
 .text.sd_ble_gap_addr_set
                0x0007a7e8        0x4 _build/nrf52832_xxaa_s332/nrf_dfu_ble.c.o
 .text.sd_ble_gap_addr_get
                0x0007a7ec        0x4 _build/nrf52832_xxaa_s332/nrf_dfu_ble.c.o
 .text.sd_ble_gap_adv_set_configure
                0x0007a7f0        0x4 _build/nrf52832_xxaa_s332/nrf_dfu_ble.c.o
 .text.sd_ble_gap_adv_start
                0x0007a7f4        0x4 _build/nrf52832_xxaa_s332/nrf_dfu_ble.c.o
 .text.sd_ble_gap_adv_stop
                0x0007a7f8        0x4 _build/nrf52832_xxaa_s332/nrf_dfu_ble.c.o
 .text.sd_ble_gap_conn_param_update
                0x0007a7fc        0x4 _build/nrf52832_xxaa_s332/nrf_dfu_ble.c.o
 .text.sd_ble_gap_disconnect
                0x0007a800        0x4 _build/nrf52832_xxaa_s332/nrf_dfu_ble.c.o
 .text.sd_ble_gap_ppcp_set
                0x0007a804        0x4 _build/nrf52832_xxaa_s332/nrf_dfu_ble.c.o
 .text.sd_ble_gap_device_name_set
                0x0007a808        0x4 _build/nrf52832_xxaa_s332/nrf_dfu_ble.c.o
 .text.sd_ble_gap_device_name_get
                0x0007a80c        0x4 _build/nrf52832_xxaa_s332/nrf_dfu_ble.c.o
 .text.sd_ble_gap_sec_params_reply
                0x0007a810        0x4 _build/nrf52832_xxaa_s332/nrf_dfu_ble.c.o
 .text.sd_ble_gap_sec_info_reply
                0x0007a814        0x4 _build/nrf52832_xxaa_s332/nrf_dfu_ble.c.o
 .text.sd_ble_gap_phy_update
                0x0007a818        0x4 _build/nrf52832_xxaa_s332/nrf_dfu_ble.c.o
 .text.sd_ble_gap_data_length_update
                0x0007a81c        0x4 _build/nrf52832_xxaa_s332/nrf_dfu_ble.c.o
 .text.sd_ble_gatts_service_add
                0x0007a820        0x4 _build/nrf52832_xxaa_s332/nrf_dfu_ble.c.o
 .text.sd_ble_gatts_characteristic_add
                0x0007a824        0x4 _build/nrf52832_xxaa_s332/nrf_dfu_ble.c.o
 .text.sd_ble_gatts_value_get
                0x0007a828        0x4 _build/nrf52832_xxaa_s332/nrf_dfu_ble.c.o
 .text.sd_ble_gatts_hvx
                0x0007a82c        0x4 _build/nrf52832_xxaa_s332/nrf_dfu_ble.c.o
 .text.sd_ble_gatts_rw_authorize_reply
                0x0007a830        0x4 _build/nrf52832_xxaa_s332/nrf_dfu_ble.c.o
 .text.sd_ble_gatts_sys_attr_set
                0x0007a834        0x4 _build/nrf52832_xxaa_s332/nrf_dfu_ble.c.o
 .text.sd_ble_gatts_exchange_mtu_reply
                0x0007a838        0x4 _build/nrf52832_xxaa_s332/nrf_dfu_ble.c.o
 .text.sd_ble_uuid_vs_add
                0x0007a83c        0x4 _build/nrf52832_xxaa_s332/nrf_dfu_ble.c.o
 .text.sd_ble_user_mem_reply
                0x0007a840        0x4 _build/nrf52832_xxaa_s332/nrf_dfu_ble.c.o
 .text.sd_softdevice_vector_table_base_set
                0x0007a844        0x4 _build/nrf52832_xxaa_s332/nrf_dfu_ble.c.o
 .text.response_send
                0x0007a848       0x40 _build/nrf52832_xxaa_s332/nrf_dfu_ble.c.o
 .text.on_flash_write
                0x0007a888        0xc _build/nrf52832_xxaa_s332/nrf_dfu_ble.c.o
 .text.advertising_start
                0x0007a894       0x9c _build/nrf52832_xxaa_s332/nrf_dfu_ble.c.o
 .text.ble_evt_handler
                0x0007a930      0x2e8 _build/nrf52832_xxaa_s332/nrf_dfu_ble.c.o
 .text.ble_dfu_transport_close
                0x0007ac18       0x68 _build/nrf52832_xxaa_s332/nrf_dfu_ble.c.o
                0x0007ac18                ble_dfu_transport_close
 .text.ble_dfu_req_handler_callback
                0x0007ac80       0xfc _build/nrf52832_xxaa_s332/nrf_dfu_ble.c.o
 .text.ble_dfu_init
                0x0007ad7c      0x148 _build/nrf52832_xxaa_s332/nrf_dfu_ble.c.o
                0x0007ad7c                ble_dfu_init
 .text.ble_dfu_transport_init
                0x0007aec4       0xf0 _build/nrf52832_xxaa_s332/nrf_dfu_ble.c.o
                0x0007aec4                ble_dfu_transport_init
 .text.dfu_fstorage_evt_handler
                0x0007afb4        0xa _build/nrf52832_xxaa_s332/nrf_dfu_flash.c.o
                0x0007afb4                dfu_fstorage_evt_handler
 *fill*         0x0007afbe        0x2 
 .text.nrf_dfu_flash_init
                0x0007afc0       0x20 _build/nrf52832_xxaa_s332/nrf_dfu_flash.c.o
                0x0007afc0                nrf_dfu_flash_init
 .text.nrf_dfu_flash_store
                0x0007afe0       0x1c _build/nrf52832_xxaa_s332/nrf_dfu_flash.c.o
                0x0007afe0                nrf_dfu_flash_store
 .text.nrf_dfu_flash_erase
                0x0007affc       0x10 _build/nrf52832_xxaa_s332/nrf_dfu_flash.c.o
                0x0007affc                nrf_dfu_flash_erase
 .text.ext_error_set
                0x0007b00c        0xc _build/nrf52832_xxaa_s332/nrf_dfu_handling_error.c.o
                0x0007b00c                ext_error_set
 .text.ext_error_get
                0x0007b018       0x10 _build/nrf52832_xxaa_s332/nrf_dfu_handling_error.c.o
                0x0007b018                ext_error_get
 .text.sd_mbr_command
                0x0007b028        0x4 _build/nrf52832_xxaa_s332/nrf_dfu_mbr.c.o
 .text.nrf_dfu_mbr_copy_bl
                0x0007b02c       0x22 _build/nrf52832_xxaa_s332/nrf_dfu_mbr.c.o
                0x0007b02c                nrf_dfu_mbr_copy_bl
 .text.nrf_dfu_mbr_init_sd
                0x0007b04e       0x1c _build/nrf52832_xxaa_s332/nrf_dfu_mbr.c.o
                0x0007b04e                nrf_dfu_mbr_init_sd
 .text.nrf_dfu_mbr_irq_forward_address_set
                0x0007b06a        0xe _build/nrf52832_xxaa_s332/nrf_dfu_mbr.c.o
                0x0007b06a                nrf_dfu_mbr_irq_forward_address_set
 .text.on_dfu_complete
                0x0007b078        0xc _build/nrf52832_xxaa_s332/nrf_dfu_req_handler.c.o
 .text.ext_err_code_handle
                0x0007b084        0xe _build/nrf52832_xxaa_s332/nrf_dfu_req_handler.c.o
 *fill*         0x0007b092        0x2 
 .text.on_data_obj_execute_request_sched
                0x0007b094       0x80 _build/nrf52832_xxaa_s332/nrf_dfu_req_handler.c.o
 .text.nrf_dfu_req_handler_req
                0x0007b114      0x264 _build/nrf52832_xxaa_s332/nrf_dfu_req_handler.c.o
 .text.nrf_dfu_req_handler_on_req
                0x0007b378       0x14 _build/nrf52832_xxaa_s332/nrf_dfu_req_handler.c.o
                0x0007b378                nrf_dfu_req_handler_on_req
 .text.nrf_dfu_req_handler_init
                0x0007b38c       0x48 _build/nrf52832_xxaa_s332/nrf_dfu_req_handler.c.o
                0x0007b38c                nrf_dfu_req_handler_init
 .text.settings_write
                0x0007b3d4       0x50 _build/nrf52832_xxaa_s332/nrf_dfu_settings.c.o
 .text.nrf_dfu_settings_write
                0x0007b424       0x44 _build/nrf52832_xxaa_s332/nrf_dfu_settings.c.o
                0x0007b424                nrf_dfu_settings_write
 .text.settings_backup
                0x0007b468       0x14 _build/nrf52832_xxaa_s332/nrf_dfu_settings.c.o
                0x0007b468                settings_backup
 .text.nrf_dfu_settings_backup
                0x0007b47c        0xc _build/nrf52832_xxaa_s332/nrf_dfu_settings.c.o
                0x0007b47c                nrf_dfu_settings_backup
 .text.nrf_dfu_settings_write_and_backup
                0x0007b488       0x20 _build/nrf52832_xxaa_s332/nrf_dfu_settings.c.o
                0x0007b488                nrf_dfu_settings_write_and_backup
 .text.nrf_dfu_settings_init
                0x0007b4a8      0x13c _build/nrf52832_xxaa_s332/nrf_dfu_settings.c.o
                0x0007b4a8                nrf_dfu_settings_init
 .text.sd_flash_write
                0x0007b5e4        0x4 _build/nrf52832_xxaa_s332/nrf_dfu_settings_svci.c.o
 .text.nrf_dfu_settings_adv_name_write
                0x0007b5e8       0x38 _build/nrf52832_xxaa_s332/nrf_dfu_settings_svci.c.o
                0x0007b5e8                nrf_dfu_settings_adv_name_write
 .text.nrf_dfu_settings_adv_name_copy
                0x0007b620       0x18 _build/nrf52832_xxaa_s332/nrf_dfu_settings_svci.c.o
                0x0007b620                nrf_dfu_settings_adv_name_copy
 .text.nrf_dfu_settings_adv_name_is_valid
                0x0007b638       0x20 _build/nrf52832_xxaa_s332/nrf_dfu_settings_svci.c.o
                0x0007b638                nrf_dfu_settings_adv_name_is_valid
 .text.nrf_dfu_settings_additional_erase
                0x0007b658       0x30 _build/nrf52832_xxaa_s332/nrf_dfu_settings_svci.c.o
                0x0007b658                nrf_dfu_settings_additional_erase
 .text.nrf_dfu_transports_init
                0x0007b688       0x30 _build/nrf52832_xxaa_s332/nrf_dfu_transport.c.o
                0x0007b688                nrf_dfu_transports_init
 .text.nrf_dfu_transports_close
                0x0007b6b8       0x30 _build/nrf52832_xxaa_s332/nrf_dfu_transport.c.o
                0x0007b6b8                nrf_dfu_transports_close
 .text.nrf_dfu_bank_invalidate
                0x0007b6e8       0x18 _build/nrf52832_xxaa_s332/nrf_dfu_utils.c.o
                0x0007b6e8                nrf_dfu_bank_invalidate
 .text.nrf_dfu_bank0_start_addr
                0x0007b700       0x2c _build/nrf52832_xxaa_s332/nrf_dfu_utils.c.o
                0x0007b700                nrf_dfu_bank0_start_addr
 .text.nrf_dfu_bank1_start_addr
                0x0007b72c       0x20 _build/nrf52832_xxaa_s332/nrf_dfu_utils.c.o
                0x0007b72c                nrf_dfu_bank1_start_addr
 .text.nrf_dfu_softdevice_start_address
                0x0007b74c        0x6 _build/nrf52832_xxaa_s332/nrf_dfu_utils.c.o
                0x0007b74c                nrf_dfu_softdevice_start_address
 *fill*         0x0007b752        0x2 
 .text.nrf_dfu_cache_prepare
                0x0007b754       0x98 _build/nrf52832_xxaa_s332/nrf_dfu_utils.c.o
                0x0007b754                nrf_dfu_cache_prepare
 .text.update_data_size_get
                0x0007b7ec       0x50 _build/nrf52832_xxaa_s332/nrf_dfu_validation.c.o
 .text.dfu_progress_reset
                0x0007b83c       0x28 _build/nrf52832_xxaa_s332/nrf_dfu_validation.c.o
 .text.pb_decoding_callback
                0x0007b864       0x4c _build/nrf52832_xxaa_s332/nrf_dfu_validation.c.o
 .text.is_major_softdevice_update
                0x0007b8b0       0x74 _build/nrf52832_xxaa_s332/nrf_dfu_validation.c.o
 .text.stored_init_cmd_decode
                0x0007b924       0xec _build/nrf52832_xxaa_s332/nrf_dfu_validation.c.o
 .text.crypto_init.part.6
                0x0007ba10       0x3c _build/nrf52832_xxaa_s332/nrf_dfu_validation.c.o
 .text.nrf_dfu_validation_signature_check
                0x0007ba4c       0x98 _build/nrf52832_xxaa_s332/nrf_dfu_validation.c.o
 .text.nrf_dfu_validation_hash_ok
                0x0007bae4       0x6c _build/nrf52832_xxaa_s332/nrf_dfu_validation.c.o
 .text.nrf_dfu_validation_init
                0x0007bb50       0x24 _build/nrf52832_xxaa_s332/nrf_dfu_validation.c.o
                0x0007bb50                nrf_dfu_validation_init
 .text.nrf_dfu_validation_init_cmd_create
                0x0007bb74       0x30 _build/nrf52832_xxaa_s332/nrf_dfu_validation.c.o
                0x0007bb74                nrf_dfu_validation_init_cmd_create
 .text.nrf_dfu_validation_init_cmd_append
                0x0007bba4       0x40 _build/nrf52832_xxaa_s332/nrf_dfu_validation.c.o
                0x0007bba4                nrf_dfu_validation_init_cmd_append
 .text.nrf_dfu_validation_init_cmd_present
                0x0007bbe4        0xc _build/nrf52832_xxaa_s332/nrf_dfu_validation.c.o
                0x0007bbe4                nrf_dfu_validation_init_cmd_present
 .text.nrf_dfu_validation_prevalidate
                0x0007bbf0       0x50 _build/nrf52832_xxaa_s332/nrf_dfu_validation.c.o
                0x0007bbf0                nrf_dfu_validation_prevalidate
 .text.nrf_dfu_validation_init_cmd_execute
                0x0007bc40       0x90 _build/nrf52832_xxaa_s332/nrf_dfu_validation.c.o
                0x0007bc40                nrf_dfu_validation_init_cmd_execute
 .text.fw_hash_ok
                0x0007bcd0        0x8 _build/nrf52832_xxaa_s332/nrf_dfu_validation.c.o
                0x0007bcd0                fw_hash_ok
 .text.nrf_dfu_validation_boot_validate
                0x0007bcd8       0x58 _build/nrf52832_xxaa_s332/nrf_dfu_validation.c.o
                0x0007bcd8                nrf_dfu_validation_boot_validate
 .text.boot_validation_extract.constprop.9
                0x0007bd30       0x90 _build/nrf52832_xxaa_s332/nrf_dfu_validation.c.o
 .text.postvalidate
                0x0007bdc0      0x1a8 _build/nrf52832_xxaa_s332/nrf_dfu_validation.c.o
                0x0007bdc0                postvalidate
 .text.nrf_dfu_validation_activation_prepare
                0x0007bf68        0x6 _build/nrf52832_xxaa_s332/nrf_dfu_validation.c.o
                0x0007bf68                nrf_dfu_validation_activation_prepare
 *fill*         0x0007bf6e        0x2 
 .text.nrf_dfu_ver_validation_check
                0x0007bf70       0xc0 _build/nrf52832_xxaa_s332/nrf_dfu_ver_validation.c.o
                0x0007bf70                nrf_dfu_ver_validation_check
 .text.nrf_dfu_set_adv_name_handler
                0x0007c030       0x20 _build/nrf52832_xxaa_s332/nrf_dfu_svci_handler.c.o
 .text.nrf_dfu_set_adv_name_on_sys_evt
                0x0007c050       0x26 _build/nrf52832_xxaa_s332/nrf_dfu_svci_handler.c.o
 .text.nrf_dfu_set_adv_name_on_call
                0x0007c076       0x30 _build/nrf52832_xxaa_s332/nrf_dfu_svci_handler.c.o
 *fill*         0x0007c0a6        0x2 
 .text.nrf_svc_handler_c
                0x0007c0a8       0x68 _build/nrf52832_xxaa_s332/nrf_svc_handler.c.o
                0x0007c0a8                nrf_svc_handler_c
 .text.SVC_Handler
                0x0007c110       0x14 _build/nrf52832_xxaa_s332/nrf_svc_handler.c.o
                0x0007c110                SVC_Handler
 .text.sd_softdevice_enable
                0x0007c124        0x4 _build/nrf52832_xxaa_s332/nrf_sdh.c.o
 .text.sd_softdevice_disable
                0x0007c128        0x4 _build/nrf52832_xxaa_s332/nrf_sdh.c.o
 .text.sdh_request_observer_notify
                0x0007c12c       0x30 _build/nrf52832_xxaa_s332/nrf_sdh.c.o
 .text.sdh_state_observer_notify
                0x0007c15c       0x28 _build/nrf52832_xxaa_s332/nrf_sdh.c.o
 .text.softdevice_evt_irq_disable
                0x0007c184       0x24 _build/nrf52832_xxaa_s332/nrf_sdh.c.o
 .text.softdevices_evt_irq_enable
                0x0007c1a8       0x38 _build/nrf52832_xxaa_s332/nrf_sdh.c.o
 .text.nrf_sdh_enable_request
                0x0007c1e0       0x80 _build/nrf52832_xxaa_s332/nrf_sdh.c.o
                0x0007c1e0                nrf_sdh_enable_request
 .text.nrf_sdh_disable_request
                0x0007c260       0x60 _build/nrf52832_xxaa_s332/nrf_sdh.c.o
                0x0007c260                nrf_sdh_disable_request
 .text.nrf_sdh_request_continue
                0x0007c2c0       0x20 _build/nrf52832_xxaa_s332/nrf_sdh.c.o
                0x0007c2c0                nrf_sdh_request_continue
 .text.nrf_sdh_is_enabled
                0x0007c2e0        0xc _build/nrf52832_xxaa_s332/nrf_sdh.c.o
                0x0007c2e0                nrf_sdh_is_enabled
 .text.nrf_sdh_evts_poll
                0x0007c2ec       0x28 _build/nrf52832_xxaa_s332/nrf_sdh.c.o
                0x0007c2ec                nrf_sdh_evts_poll
 .text.SWI2_EGU2_IRQHandler
                0x0007c314        0x4 _build/nrf52832_xxaa_s332/nrf_sdh.c.o
                0x0007c314                SWI2_EGU2_IRQHandler
 .text.sd_ble_enable
                0x0007c318        0x4 _build/nrf52832_xxaa_s332/nrf_sdh_ble.c.o
 .text.sd_ble_cfg_set
                0x0007c31c        0x4 _build/nrf52832_xxaa_s332/nrf_sdh_ble.c.o
 .text.sd_ble_evt_get
                0x0007c320        0x4 _build/nrf52832_xxaa_s332/nrf_sdh_ble.c.o
 .text.nrf_sdh_ble_evts_poll.part.1
                0x0007c324       0x4c _build/nrf52832_xxaa_s332/nrf_sdh_ble.c.o
 .text.nrf_sdh_ble_evts_poll
                0x0007c370       0x10 _build/nrf52832_xxaa_s332/nrf_sdh_ble.c.o
 .text.nrf_sdh_ble_app_ram_start_get
                0x0007c380       0x14 _build/nrf52832_xxaa_s332/nrf_sdh_ble.c.o
                0x0007c380                nrf_sdh_ble_app_ram_start_get
 .text.nrf_sdh_ble_default_cfg_set
                0x0007c394       0xd4 _build/nrf52832_xxaa_s332/nrf_sdh_ble.c.o
                0x0007c394                nrf_sdh_ble_default_cfg_set
 .text.nrf_sdh_ble_enable
                0x0007c468       0x14 _build/nrf52832_xxaa_s332/nrf_sdh_ble.c.o
                0x0007c468                nrf_sdh_ble_enable
 .text.sd_evt_get
                0x0007c47c        0x4 _build/nrf52832_xxaa_s332/nrf_sdh_soc.c.o
 .text.nrf_sdh_soc_evts_poll
                0x0007c480       0x3c _build/nrf52832_xxaa_s332/nrf_sdh_soc.c.o
 .text.bcopy    0x0007c4bc       0x14 ../../../nrf5_sdk/external/micro-ecc/nrf52hf_armgcc/armgcc/micro_ecc_lib_nrf52.a(uECC.c.o)
 .text.uECC_vli_add
                0x0007c4d0       0x5c ../../../nrf5_sdk/external/micro-ecc/nrf52hf_armgcc/armgcc/micro_ecc_lib_nrf52.a(uECC.c.o)
 *fill*         0x0007c52c        0x4 
 .text.uECC_vli_sub
                0x0007c530       0x60 ../../../nrf5_sdk/external/micro-ecc/nrf52hf_armgcc/armgcc/micro_ecc_lib_nrf52.a(uECC.c.o)
 .text.uECC_vli_mult
                0x0007c590      0x312 ../../../nrf5_sdk/external/micro-ecc/nrf52hf_armgcc/armgcc/micro_ecc_lib_nrf52.a(uECC.c.o)
 .text.uECC_vli_clear
                0x0007c8a2       0x16 ../../../nrf5_sdk/external/micro-ecc/nrf52hf_armgcc/armgcc/micro_ecc_lib_nrf52.a(uECC.c.o)
 .text.uECC_vli_isZero
                0x0007c8b8       0x1e ../../../nrf5_sdk/external/micro-ecc/nrf52hf_armgcc/armgcc/micro_ecc_lib_nrf52.a(uECC.c.o)
 .text.uECC_vli_testBit
                0x0007c8d6       0x14 ../../../nrf5_sdk/external/micro-ecc/nrf52hf_armgcc/armgcc/micro_ecc_lib_nrf52.a(uECC.c.o)
 .text.uECC_vli_numBits
                0x0007c8ea       0x3e ../../../nrf5_sdk/external/micro-ecc/nrf52hf_armgcc/armgcc/micro_ecc_lib_nrf52.a(uECC.c.o)
 .text.uECC_vli_set
                0x0007c928       0x18 ../../../nrf5_sdk/external/micro-ecc/nrf52hf_armgcc/armgcc/micro_ecc_lib_nrf52.a(uECC.c.o)
 .text.uECC_vli_cmp_unsafe
                0x0007c940       0x2a ../../../nrf5_sdk/external/micro-ecc/nrf52hf_armgcc/armgcc/micro_ecc_lib_nrf52.a(uECC.c.o)
 .text.uECC_vli_rshift1
                0x0007c96a       0x1a ../../../nrf5_sdk/external/micro-ecc/nrf52hf_armgcc/armgcc/micro_ecc_lib_nrf52.a(uECC.c.o)
 .text.uECC_vli_modAdd
                0x0007c984       0x32 ../../../nrf5_sdk/external/micro-ecc/nrf52hf_armgcc/armgcc/micro_ecc_lib_nrf52.a(uECC.c.o)
 .text.uECC_vli_modSub
                0x0007c9b6       0x24 ../../../nrf5_sdk/external/micro-ecc/nrf52hf_armgcc/armgcc/micro_ecc_lib_nrf52.a(uECC.c.o)
 .text.uECC_vli_modMult
                0x0007c9da      0x140 ../../../nrf5_sdk/external/micro-ecc/nrf52hf_armgcc/armgcc/micro_ecc_lib_nrf52.a(uECC.c.o)
 .text.uECC_vli_modMult_fast
                0x0007cb1a       0x20 ../../../nrf5_sdk/external/micro-ecc/nrf52hf_armgcc/armgcc/micro_ecc_lib_nrf52.a(uECC.c.o)
 .text.uECC_vli_modSquare_fast
                0x0007cb3a        0x8 ../../../nrf5_sdk/external/micro-ecc/nrf52hf_armgcc/armgcc/micro_ecc_lib_nrf52.a(uECC.c.o)
 .text.double_jacobian_default
                0x0007cb42      0x152 ../../../nrf5_sdk/external/micro-ecc/nrf52hf_armgcc/armgcc/micro_ecc_lib_nrf52.a(uECC.c.o)
 .text.x_side_default
                0x0007cc94       0x62 ../../../nrf5_sdk/external/micro-ecc/nrf52hf_armgcc/armgcc/micro_ecc_lib_nrf52.a(uECC.c.o)
 *fill*         0x0007ccf6        0x2 
 .text.vli_mmod_fast_secp256r1
                0x0007ccf8      0x1ac ../../../nrf5_sdk/external/micro-ecc/nrf52hf_armgcc/armgcc/micro_ecc_lib_nrf52.a(uECC.c.o)
 .text.apply_z  0x0007cea4       0x3e ../../../nrf5_sdk/external/micro-ecc/nrf52hf_armgcc/armgcc/micro_ecc_lib_nrf52.a(uECC.c.o)
 .text.XYcZ_add
                0x0007cee2       0xca ../../../nrf5_sdk/external/micro-ecc/nrf52hf_armgcc/armgcc/micro_ecc_lib_nrf52.a(uECC.c.o)
 .text.bits2int
                0x0007cfac       0x86 ../../../nrf5_sdk/external/micro-ecc/nrf52hf_armgcc/armgcc/micro_ecc_lib_nrf52.a(uECC.c.o)
 .text.vli_modInv_update
                0x0007d032       0x38 ../../../nrf5_sdk/external/micro-ecc/nrf52hf_armgcc/armgcc/micro_ecc_lib_nrf52.a(uECC.c.o)
 .text.uECC_vli_modInv
                0x0007d06a      0x106 ../../../nrf5_sdk/external/micro-ecc/nrf52hf_armgcc/armgcc/micro_ecc_lib_nrf52.a(uECC.c.o)
 .text.uECC_secp256r1
                0x0007d170        0x8 ../../../nrf5_sdk/external/micro-ecc/nrf52hf_armgcc/armgcc/micro_ecc_lib_nrf52.a(uECC.c.o)
                0x0007d170                uECC_secp256r1
 .text.uECC_verify
                0x0007d178      0x2ce ../../../nrf5_sdk/external/micro-ecc/nrf52hf_armgcc/armgcc/micro_ecc_lib_nrf52.a(uECC.c.o)
                0x0007d178                uECC_verify
 *fill*         0x0007d446        0x2 
 .text.exit     0x0007d448       0x28 c:/program files (x86)/gnu tools arm embedded/7 2018-q2-update/bin/../lib/gcc/arm-none-eabi/7.3.1/../../../../arm-none-eabi/lib/thumb/v7e-m/fpv4-sp/hard\libc_nano.a(lib_a-exit.o)
                0x0007d448                exit
 .text.__libc_init_array
                0x0007d470       0x48 c:/program files (x86)/gnu tools arm embedded/7 2018-q2-update/bin/../lib/gcc/arm-none-eabi/7.3.1/../../../../arm-none-eabi/lib/thumb/v7e-m/fpv4-sp/hard\libc_nano.a(lib_a-init.o)
                0x0007d470                __libc_init_array
 .text.memcmp   0x0007d4b8       0x1e c:/program files (x86)/gnu tools arm embedded/7 2018-q2-update/bin/../lib/gcc/arm-none-eabi/7.3.1/../../../../arm-none-eabi/lib/thumb/v7e-m/fpv4-sp/hard\libc_nano.a(lib_a-memcmp.o)
                0x0007d4b8                memcmp
 .text.memcpy   0x0007d4d6       0x16 c:/program files (x86)/gnu tools arm embedded/7 2018-q2-update/bin/../lib/gcc/arm-none-eabi/7.3.1/../../../../arm-none-eabi/lib/thumb/v7e-m/fpv4-sp/hard\libc_nano.a(lib_a-memcpy-stub.o)
                0x0007d4d6                memcpy
 .text.memset   0x0007d4ec       0x10 c:/program files (x86)/gnu tools arm embedded/7 2018-q2-update/bin/../lib/gcc/arm-none-eabi/7.3.1/../../../../arm-none-eabi/lib/thumb/v7e-m/fpv4-sp/hard\libc_nano.a(lib_a-memset.o)
                0x0007d4ec                memset
 .text          0x0007d4fc       0x10 c:/program files (x86)/gnu tools arm embedded/7 2018-q2-update/bin/../lib/gcc/arm-none-eabi/7.3.1/../../../../arm-none-eabi/lib/thumb/v7e-m/fpv4-sp/hard\libc_nano.a(lib_a-strlen.o)
                0x0007d4fc                strlen
 .text._exit    0x0007d50c        0x4 c:/program files (x86)/gnu tools arm embedded/7 2018-q2-update/bin/../lib/gcc/arm-none-eabi/7.3.1/../../../../arm-none-eabi/lib/thumb/v7e-m/fpv4-sp/hard\libnosys.a(_exit.o)
                0x0007d50c                _exit
 *(.init)
 .init          0x0007d510        0x4 c:/program files (x86)/gnu tools arm embedded/7 2018-q2-update/bin/../lib/gcc/arm-none-eabi/7.3.1/thumb/v7e-m/fpv4-sp/hard/crti.o
                0x0007d510                _init
 .init          0x0007d514        0x8 c:/program files (x86)/gnu tools arm embedded/7 2018-q2-update/bin/../lib/gcc/arm-none-eabi/7.3.1/thumb/v7e-m/fpv4-sp/hard/crtn.o
 *(.fini)
 .fini          0x0007d51c        0x4 c:/program files (x86)/gnu tools arm embedded/7 2018-q2-update/bin/../lib/gcc/arm-none-eabi/7.3.1/thumb/v7e-m/fpv4-sp/hard/crti.o
                0x0007d51c                _fini
 .fini          0x0007d520        0x8 c:/program files (x86)/gnu tools arm embedded/7 2018-q2-update/bin/../lib/gcc/arm-none-eabi/7.3.1/thumb/v7e-m/fpv4-sp/hard/crtn.o
 *crtbegin.o(.ctors)
 *crtbegin?.o(.ctors)
 *(EXCLUDE_FILE(*crtend.o *crtend?.o) .ctors)
 *(SORT_BY_NAME(.ctors.*))
 *(.ctors)
 *crtbegin.o(.dtors)
 *crtbegin?.o(.dtors)
 *(EXCLUDE_FILE(*crtend.o *crtend?.o) .dtors)
 *(SORT_BY_NAME(.dtors.*))
 *(.dtors)
 *(.rodata*)
 .rodata.m_flash_info
                0x0007d528        0xc _build/nrf52832_xxaa_s332/nrf_fstorage_nvmc.c.o
 .rodata.nrf_fstorage_nvmc
                0x0007d534       0x20 _build/nrf52832_xxaa_s332/nrf_fstorage_nvmc.c.o
                0x0007d534                nrf_fstorage_nvmc
 .rodata.m_flash_info
                0x0007d554        0xc _build/nrf52832_xxaa_s332/nrf_fstorage_sd.c.o
 .rodata.nrf_fstorage_sd
                0x0007d560       0x20 _build/nrf52832_xxaa_s332/nrf_fstorage_sd.c.o
                0x0007d560                nrf_fstorage_sd
 .rodata.k      0x0007d580      0x100 _build/nrf52832_xxaa_s332/sha256.c.o
 .rodata.g_nrf_crypto_ecc_secp256r1_curve_info
                0x0007d680        0xc _build/nrf52832_xxaa_s332/micro_ecc_backend_ecc.c.o
                0x0007d680                g_nrf_crypto_ecc_secp256r1_curve_info
 .rodata.m_board_led_list
                0x0007d68c        0x4 _build/nrf52832_xxaa_s332/boards.c.o
 .rodata.pk     0x0007d690       0x40 _build/nrf52832_xxaa_s332/dfu_public_key.c.o
                0x0007d690                pk
 .rodata.delay_machine_code.8354
                0x0007d6d0        0x6 _build/nrf52832_xxaa_s332/nrf_bootloader_dfu_timers.c.o
 *fill*         0x0007d6d6        0x2 
 .rodata.PB_DECODERS
                0x0007d6d8       0x24 _build/nrf52832_xxaa_s332/pb_decode.c.o
 .rodata.g_nrf_crypto_hash_sha256_info
                0x0007d6fc       0x18 _build/nrf52832_xxaa_s332/nrf_sw_backend_hash.c.o
                0x0007d6fc                g_nrf_crypto_hash_sha256_info
 .rodata.dfu_boot_validation_fields
                0x0007d714       0x30 _build/nrf52832_xxaa_s332/dfu-cc.pb.c.o
                0x0007d714                dfu_boot_validation_fields
 .rodata.dfu_command_fields
                0x0007d744       0x30 _build/nrf52832_xxaa_s332/dfu-cc.pb.c.o
                0x0007d744                dfu_command_fields
 .rodata.dfu_hash_fields
                0x0007d774       0x30 _build/nrf52832_xxaa_s332/dfu-cc.pb.c.o
                0x0007d774                dfu_hash_fields
 .rodata.dfu_init_command_fields
                0x0007d7a4       0xb0 _build/nrf52832_xxaa_s332/dfu-cc.pb.c.o
                0x0007d7a4                dfu_init_command_fields
 .rodata.dfu_init_command_is_debug_default
                0x0007d854        0x1 _build/nrf52832_xxaa_s332/dfu-cc.pb.c.o
                0x0007d854                dfu_init_command_is_debug_default
 *fill*         0x0007d855        0x3 
 .rodata.dfu_packet_fields
                0x0007d858       0x30 _build/nrf52832_xxaa_s332/dfu-cc.pb.c.o
                0x0007d858                dfu_packet_fields
 .rodata.dfu_signed_command_fields
                0x0007d888       0x40 _build/nrf52832_xxaa_s332/dfu-cc.pb.c.o
                0x0007d888                dfu_signed_command_fields
 .rodata        0x0007d8c8       0x10 _build/nrf52832_xxaa_s332/nrf_dfu_ble.c.o
 .rodata.ble_dfu_transport_init.str1.1
                0x0007d8d8        0x8 _build/nrf52832_xxaa_s332/nrf_dfu_ble.c.o
 .rodata.delay_machine_code.10324
                0x0007d8e0        0x6 _build/nrf52832_xxaa_s332/nrf_dfu_ble.c.o
 .rodata.m_gap_conn_params
                0x0007d8e6        0x8 _build/nrf52832_xxaa_s332/nrf_dfu_ble.c.o
 .rodata        0x0007d8ee        0x4 _build/nrf52832_xxaa_s332/nrf_sdh.c.o
 .rodata.nrf_sdh_enable_request.str1.1
                0x0007d8f2       0x28 _build/nrf52832_xxaa_s332/nrf_sdh.c.o
 *fill*         0x0007d91a        0x2 
 .rodata.sdh_req_observers
                0x0007d91c        0xc _build/nrf52832_xxaa_s332/nrf_sdh.c.o
 .rodata.sdh_stack_observers
                0x0007d928        0xc _build/nrf52832_xxaa_s332/nrf_sdh.c.o
 .rodata.sdh_state_observers
                0x0007d934        0xc _build/nrf52832_xxaa_s332/nrf_sdh.c.o
 .rodata.sdh_ble_observers
                0x0007d940        0xc _build/nrf52832_xxaa_s332/nrf_sdh_ble.c.o
 .rodata.sdh_soc_observers
                0x0007d94c        0xc _build/nrf52832_xxaa_s332/nrf_sdh_soc.c.o
 .rodata.curve_secp256r1
                0x0007d958       0xb0 ../../../nrf5_sdk/external/micro-ecc/nrf52hf_armgcc/armgcc/micro_ecc_lib_nrf52.a(uECC.c.o)
 .rodata._global_impure_ptr
                0x0007da08        0x4 c:/program files (x86)/gnu tools arm embedded/7 2018-q2-update/bin/../lib/gcc/arm-none-eabi/7.3.1/../../../../arm-none-eabi/lib/thumb/v7e-m/fpv4-sp/hard\libc_nano.a(lib_a-impure.o)
                0x0007da08                _global_impure_ptr
 *(.eh_frame*)
 .eh_frame      0x0007da0c        0x0 c:/program files (x86)/gnu tools arm embedded/7 2018-q2-update/bin/../lib/gcc/arm-none-eabi/7.3.1/thumb/v7e-m/fpv4-sp/hard/crtbegin.o
 .eh_frame      0x0007da0c        0x4 c:/program files (x86)/gnu tools arm embedded/7 2018-q2-update/bin/../lib/gcc/arm-none-eabi/7.3.1/thumb/v7e-m/fpv4-sp/hard/crtend.o

.glue_7         0x0007da10        0x0
 .glue_7        0x0007da10        0x0 linker stubs

.glue_7t        0x0007da10        0x0
 .glue_7t       0x0007da10        0x0 linker stubs

.vfp11_veneer   0x0007da10        0x0
 .vfp11_veneer  0x0007da10        0x0 linker stubs

.v4_bx          0x0007da10        0x0
 .v4_bx         0x0007da10        0x0 linker stubs

.iplt           0x0007da10        0x0
 .iplt          0x0007da10        0x0 c:/program files (x86)/gnu tools arm embedded/7 2018-q2-update/bin/../lib/gcc/arm-none-eabi/7.3.1/thumb/v7e-m/fpv4-sp/hard/crtbegin.o

.mem_section_dummy_rom

.crypto_data    0x0007da10        0x0
                0x0007da10                PROVIDE (__start_crypto_data = .)
 *(SORT_BY_NAME(.crypto_data*))
                0x0007da10                PROVIDE (__stop_crypto_data = .)

.nrf_queue      0x0007da10        0x0
                [!provide]                PROVIDE (__start_nrf_queue = .)
 *(.nrf_queue)
                [!provide]                PROVIDE (__stop_nrf_queue = .)

.dfu_trans      0x0007da10        0x8
                0x0007da10                PROVIDE (__start_dfu_trans = .)
 *(SORT_BY_NAME(.dfu_trans*))
 .dfu_trans     0x0007da10        0x8 _build/nrf52832_xxaa_s332/nrf_dfu_ble.c.o
                0x0007da10                ble_dfu_transport
                0x0007da18                PROVIDE (__stop_dfu_trans = .)

.svc_data       0x0007da18        0xc
                0x0007da18                PROVIDE (__start_svc_data = .)
 *(.svc_data)
 .svc_data      0x0007da18        0xc _build/nrf52832_xxaa_s332/nrf_dfu_svci_handler.c.o
                0x0007da18                nrf_dfu_set_adv_name_var
                0x0007da24                PROVIDE (__stop_svc_data = .)

.log_const_data
                0x0007da24        0x0
                [!provide]                PROVIDE (__start_log_const_data = .)
 *(SORT_BY_NAME(.log_const_data*))
                [!provide]                PROVIDE (__stop_log_const_data = .)

.nrf_balloc     0x0007da24       0x14
                [!provide]                PROVIDE (__start_nrf_balloc = .)
 *(.nrf_balloc)
 .nrf_balloc    0x0007da24       0x14 _build/nrf52832_xxaa_s332/nrf_dfu_ble.c.o
                0x0007da24                m_buffer_pool
                [!provide]                PROVIDE (__stop_nrf_balloc = .)

.sdh_ble_observers
                0x0007da38        0x8
                0x0007da38                PROVIDE (__start_sdh_ble_observers = .)
 *(SORT_BY_NAME(.sdh_ble_observers*))
 .sdh_ble_observers2
                0x0007da38        0x8 _build/nrf52832_xxaa_s332/nrf_dfu_ble.c.o
                0x0007da40                PROVIDE (__stop_sdh_ble_observers = .)

.log_backends   0x0007da40        0x0
                [!provide]                PROVIDE (__start_log_backends = .)
 *(SORT_BY_NAME(.log_backends*))
                [!provide]                PROVIDE (__stop_log_backends = .)

.sdh_req_observers
                0x0007da40        0x8
                0x0007da40                PROVIDE (__start_sdh_req_observers = .)
 *(SORT_BY_NAME(.sdh_req_observers*))
 .sdh_req_observers0
                0x0007da40        0x8 _build/nrf52832_xxaa_s332/nrf_fstorage_sd.c.o
                0x0007da40                m_req_obs
                0x0007da48                PROVIDE (__stop_sdh_req_observers = .)

.sdh_state_observers
                0x0007da48        0x8
                0x0007da48                PROVIDE (__start_sdh_state_observers = .)
 *(SORT_BY_NAME(.sdh_state_observers*))
 .sdh_state_observers0
                0x0007da48        0x8 _build/nrf52832_xxaa_s332/nrf_fstorage_sd.c.o
                0x0007da50                PROVIDE (__stop_sdh_state_observers = .)

.sdh_stack_observers
                0x0007da50       0x10
                0x0007da50                PROVIDE (__start_sdh_stack_observers = .)
 *(SORT_BY_NAME(.sdh_stack_observers*))
 .sdh_stack_observers0
                0x0007da50        0x8 _build/nrf52832_xxaa_s332/nrf_sdh_ble.c.o
 .sdh_stack_observers0
                0x0007da58        0x8 _build/nrf52832_xxaa_s332/nrf_sdh_soc.c.o
                0x0007da60                PROVIDE (__stop_sdh_stack_observers = .)

.sdh_soc_observers
                0x0007da60        0x8
                0x0007da60                PROVIDE (__start_sdh_soc_observers = .)
 *(SORT_BY_NAME(.sdh_soc_observers*))
 .sdh_soc_observers0
                0x0007da60        0x8 _build/nrf52832_xxaa_s332/nrf_fstorage_sd.c.o
                0x0007da68                PROVIDE (__stop_sdh_soc_observers = .)

.ARM.extab
 *(.ARM.extab* .gnu.linkonce.armextab.*)
                0x0007da68                __exidx_start = .

.ARM.exidx      0x0007da68        0x8
 *(.ARM.exidx* .gnu.linkonce.armexidx.*)
 .ARM.exidx     0x0007da68        0x8 c:/program files (x86)/gnu tools arm embedded/7 2018-q2-update/bin/../lib/gcc/arm-none-eabi/7.3.1/../../../../arm-none-eabi/lib/thumb/v7e-m/fpv4-sp/hard/crt0.o
                0x0007da70                __exidx_end = .
                0x0007da70                __etext = .

.data           0x200057b8       0xa0 load address 0x0007da70
                0x200057b8                __data_start__ = .
 *(vtable)
 *(.data*)
 .data.SystemCoreClock
                0x200057b8        0x4 _build/nrf52832_xxaa_s332/system_nrf52.c.o
                0x200057b8                SystemCoreClock
 .data.m_timers
                0x200057bc       0x20 _build/nrf52832_xxaa_s332/nrf_bootloader_dfu_timers.c.o
                0x200057bc                m_timers
 .data.mp_inactivity
                0x200057dc        0x4 _build/nrf52832_xxaa_s332/nrf_bootloader_dfu_timers.c.o
                0x200057dc                mp_inactivity
 .data.mp_wdt_feed
                0x200057e0        0x4 _build/nrf52832_xxaa_s332/nrf_bootloader_dfu_timers.c.o
                0x200057e0                mp_wdt_feed
 .data.m_adv_handle
                0x200057e4        0x1 _build/nrf52832_xxaa_s332/nrf_dfu_ble.c.o
 *fill*         0x200057e5        0x1 
 .data.m_conn_handle
                0x200057e6        0x2 _build/nrf52832_xxaa_s332/nrf_dfu_ble.c.o
 .data.current_object.11179
                0x200057e8        0x1 _build/nrf52832_xxaa_s332/nrf_dfu_req_handler.c.o
 *fill*         0x200057e9        0x3 
 .data.mp_dfu_settings_backup_buffer
                0x200057ec        0x4 _build/nrf52832_xxaa_s332/nrf_dfu_settings.c.o
                0x200057ec                mp_dfu_settings_backup_buffer
 .data.impure_data
                0x200057f0       0x60 c:/program files (x86)/gnu tools arm embedded/7 2018-q2-update/bin/../lib/gcc/arm-none-eabi/7.3.1/../../../../arm-none-eabi/lib/thumb/v7e-m/fpv4-sp/hard\libc_nano.a(lib_a-impure.o)
                0x20005850                . = ALIGN (0x4)
                0x20005850                PROVIDE (__preinit_array_start = .)
 *(.preinit_array)
                0x20005850                PROVIDE (__preinit_array_end = .)
                0x20005850                . = ALIGN (0x4)
                0x20005850                PROVIDE (__init_array_start = .)
 *(SORT_BY_NAME(.init_array.*))
 *(.init_array)
 .init_array    0x20005850        0x4 c:/program files (x86)/gnu tools arm embedded/7 2018-q2-update/bin/../lib/gcc/arm-none-eabi/7.3.1/thumb/v7e-m/fpv4-sp/hard/crtbegin.o
                0x20005854                PROVIDE (__init_array_end = .)
                0x20005854                . = ALIGN (0x4)
                [!provide]                PROVIDE (__fini_array_start = .)
 *(SORT_BY_NAME(.fini_array.*))
 *(.fini_array)
 .fini_array    0x20005854        0x4 c:/program files (x86)/gnu tools arm embedded/7 2018-q2-update/bin/../lib/gcc/arm-none-eabi/7.3.1/thumb/v7e-m/fpv4-sp/hard/crtbegin.o
                [!provide]                PROVIDE (__fini_array_end = .)
 *(.jcr*)
                0x20005858                . = ALIGN (0x4)
                0x20005858                __data_end__ = .
LOAD c:/program files (x86)/gnu tools arm embedded/7 2018-q2-update/bin/../lib/gcc/arm-none-eabi/7.3.1/thumb/v7e-m/fpv4-sp/hard/crti.o
LOAD c:/program files (x86)/gnu tools arm embedded/7 2018-q2-update/bin/../lib/gcc/arm-none-eabi/7.3.1/thumb/v7e-m/fpv4-sp/hard/crtbegin.o
LOAD c:/program files (x86)/gnu tools arm embedded/7 2018-q2-update/bin/../lib/gcc/arm-none-eabi/7.3.1/../../../../arm-none-eabi/lib/thumb/v7e-m/fpv4-sp/hard/crt0.o
LOAD _build/nrf52832_xxaa_s332/gcc_startup_nrf52.S.o
LOAD _build/nrf52832_xxaa_s332/system_nrf52.c.o
LOAD _build/nrf52832_xxaa_s332/nrf_log_frontend.c.o
LOAD _build/nrf52832_xxaa_s332/nrf_log_str_formatter.c.o
LOAD _build/nrf52832_xxaa_s332/app_error_weak.c.o
LOAD _build/nrf52832_xxaa_s332/app_scheduler.c.o
LOAD _build/nrf52832_xxaa_s332/app_util_platform.c.o
LOAD _build/nrf52832_xxaa_s332/crc32.c.o
LOAD _build/nrf52832_xxaa_s332/mem_manager.c.o
LOAD _build/nrf52832_xxaa_s332/nrf_assert.c.o
LOAD _build/nrf52832_xxaa_s332/nrf_atfifo.c.o
LOAD _build/nrf52832_xxaa_s332/nrf_atomic.c.o
LOAD _build/nrf52832_xxaa_s332/nrf_balloc.c.o
LOAD _build/nrf52832_xxaa_s332/nrf_fprintf.c.o
LOAD _build/nrf52832_xxaa_s332/nrf_fprintf_format.c.o
LOAD _build/nrf52832_xxaa_s332/nrf_fstorage.c.o
LOAD _build/nrf52832_xxaa_s332/nrf_fstorage_nvmc.c.o
LOAD _build/nrf52832_xxaa_s332/nrf_fstorage_sd.c.o
LOAD _build/nrf52832_xxaa_s332/nrf_memobj.c.o
LOAD _build/nrf52832_xxaa_s332/nrf_queue.c.o
LOAD _build/nrf52832_xxaa_s332/nrf_ringbuf.c.o
LOAD _build/nrf52832_xxaa_s332/nrf_section_iter.c.o
LOAD _build/nrf52832_xxaa_s332/nrf_strerror.c.o
LOAD _build/nrf52832_xxaa_s332/sha256.c.o
LOAD _build/nrf52832_xxaa_s332/micro_ecc_backend_ecc.c.o
LOAD _build/nrf52832_xxaa_s332/micro_ecc_backend_ecdh.c.o
LOAD _build/nrf52832_xxaa_s332/micro_ecc_backend_ecdsa.c.o
LOAD _build/nrf52832_xxaa_s332/boards.c.o
LOAD _build/nrf52832_xxaa_s332/nrf_nvmc.c.o
LOAD _build/nrf52832_xxaa_s332/nrfx_atomic.c.o
LOAD _build/nrf52832_xxaa_s332/nrf_crypto_ecc.c.o
LOAD _build/nrf52832_xxaa_s332/nrf_crypto_ecdsa.c.o
LOAD _build/nrf52832_xxaa_s332/nrf_crypto_hash.c.o
LOAD _build/nrf52832_xxaa_s332/nrf_crypto_init.c.o
LOAD _build/nrf52832_xxaa_s332/nrf_crypto_shared.c.o
LOAD _build/nrf52832_xxaa_s332/dfu_public_key.c.o
LOAD _build/nrf52832_xxaa_s332/main.c.o
LOAD _build/nrf52832_xxaa_s332/ble_srv_common.c.o
LOAD _build/nrf52832_xxaa_s332/nrf_bootloader.c.o
LOAD _build/nrf52832_xxaa_s332/nrf_bootloader_app_start.c.o
LOAD _build/nrf52832_xxaa_s332/nrf_bootloader_app_start_final.c.o
LOAD _build/nrf52832_xxaa_s332/nrf_bootloader_dfu_timers.c.o
LOAD _build/nrf52832_xxaa_s332/nrf_bootloader_fw_activation.c.o
LOAD _build/nrf52832_xxaa_s332/nrf_bootloader_info.c.o
LOAD _build/nrf52832_xxaa_s332/nrf_bootloader_wdt.c.o
LOAD _build/nrf52832_xxaa_s332/pb_common.c.o
LOAD _build/nrf52832_xxaa_s332/pb_decode.c.o
LOAD _build/nrf52832_xxaa_s332/nrf_sw_backend_hash.c.o
LOAD _build/nrf52832_xxaa_s332/dfu-cc.pb.c.o
LOAD _build/nrf52832_xxaa_s332/nrf_dfu.c.o
LOAD _build/nrf52832_xxaa_s332/nrf_dfu_ble.c.o
LOAD _build/nrf52832_xxaa_s332/nrf_dfu_flash.c.o
LOAD _build/nrf52832_xxaa_s332/nrf_dfu_handling_error.c.o
LOAD _build/nrf52832_xxaa_s332/nrf_dfu_mbr.c.o
LOAD _build/nrf52832_xxaa_s332/nrf_dfu_req_handler.c.o
LOAD _build/nrf52832_xxaa_s332/nrf_dfu_settings.c.o
LOAD _build/nrf52832_xxaa_s332/nrf_dfu_settings_svci.c.o
LOAD _build/nrf52832_xxaa_s332/nrf_dfu_transport.c.o
LOAD _build/nrf52832_xxaa_s332/nrf_dfu_utils.c.o
LOAD _build/nrf52832_xxaa_s332/nrf_dfu_validation.c.o
LOAD _build/nrf52832_xxaa_s332/nrf_dfu_ver_validation.c.o
LOAD _build/nrf52832_xxaa_s332/nrf_dfu_svci.c.o
LOAD _build/nrf52832_xxaa_s332/nrf_dfu_svci_handler.c.o
LOAD _build/nrf52832_xxaa_s332/nrf_svc_handler.c.o
LOAD _build/nrf52832_xxaa_s332/nrf_sdh.c.o
LOAD _build/nrf52832_xxaa_s332/nrf_sdh_ble.c.o
LOAD _build/nrf52832_xxaa_s332/nrf_sdh_soc.c.o
LOAD _build/nrf52832_xxaa_s332/oberon_backend_chacha_poly_aead.c.o
LOAD _build/nrf52832_xxaa_s332/oberon_backend_ecc.c.o
LOAD _build/nrf52832_xxaa_s332/oberon_backend_ecdh.c.o
LOAD _build/nrf52832_xxaa_s332/oberon_backend_ecdsa.c.o
LOAD _build/nrf52832_xxaa_s332/oberon_backend_eddsa.c.o
LOAD _build/nrf52832_xxaa_s332/oberon_backend_hash.c.o
LOAD _build/nrf52832_xxaa_s332/oberon_backend_hmac.c.o
LOAD ../../../nrf5_sdk/external/nrf_oberon/lib/cortex-m4/hard-float/liboberon_2.0.7.a
LOAD ../../../nrf5_sdk/external/micro-ecc/nrf52hf_armgcc/armgcc/micro_ecc_lib_nrf52.a
LOAD c:/program files (x86)/gnu tools arm embedded/7 2018-q2-update/bin/../lib/gcc/arm-none-eabi/7.3.1/../../../../arm-none-eabi/lib/thumb/v7e-m/fpv4-sp/hard\libc_nano.a
LOAD c:/program files (x86)/gnu tools arm embedded/7 2018-q2-update/bin/../lib/gcc/arm-none-eabi/7.3.1/../../../../arm-none-eabi/lib/thumb/v7e-m/fpv4-sp/hard\libnosys.a
LOAD c:/program files (x86)/gnu tools arm embedded/7 2018-q2-update/bin/../lib/gcc/arm-none-eabi/7.3.1/../../../../arm-none-eabi/lib/thumb/v7e-m/fpv4-sp/hard\libm.a
START GROUP
LOAD c:/program files (x86)/gnu tools arm embedded/7 2018-q2-update/bin/../lib/gcc/arm-none-eabi/7.3.1/thumb/v7e-m/fpv4-sp/hard\libgcc.a
LOAD c:/program files (x86)/gnu tools arm embedded/7 2018-q2-update/bin/../lib/gcc/arm-none-eabi/7.3.1/../../../../arm-none-eabi/lib/thumb/v7e-m/fpv4-sp/hard\libg_nano.a
LOAD c:/program files (x86)/gnu tools arm embedded/7 2018-q2-update/bin/../lib/gcc/arm-none-eabi/7.3.1/../../../../arm-none-eabi/lib/thumb/v7e-m/fpv4-sp/hard\libc_nano.a
END GROUP
START GROUP
LOAD c:/program files (x86)/gnu tools arm embedded/7 2018-q2-update/bin/../lib/gcc/arm-none-eabi/7.3.1/thumb/v7e-m/fpv4-sp/hard\libgcc.a
LOAD c:/program files (x86)/gnu tools arm embedded/7 2018-q2-update/bin/../lib/gcc/arm-none-eabi/7.3.1/../../../../arm-none-eabi/lib/thumb/v7e-m/fpv4-sp/hard\libc_nano.a
END GROUP
LOAD c:/program files (x86)/gnu tools arm embedded/7 2018-q2-update/bin/../lib/gcc/arm-none-eabi/7.3.1/thumb/v7e-m/fpv4-sp/hard/crtend.o
LOAD c:/program files (x86)/gnu tools arm embedded/7 2018-q2-update/bin/../lib/gcc/arm-none-eabi/7.3.1/thumb/v7e-m/fpv4-sp/hard/crtn.o
START GROUP
LOAD c:/program files (x86)/gnu tools arm embedded/7 2018-q2-update/bin/../lib/gcc/arm-none-eabi/7.3.1/thumb/v7e-m/fpv4-sp/hard\libgcc.a
LOAD c:/program files (x86)/gnu tools arm embedded/7 2018-q2-update/bin/../lib/gcc/arm-none-eabi/7.3.1/../../../../arm-none-eabi/lib/thumb/v7e-m/fpv4-sp/hard\libc.a
LOAD c:/program files (x86)/gnu tools arm embedded/7 2018-q2-update/bin/../lib/gcc/arm-none-eabi/7.3.1/../../../../arm-none-eabi/lib/thumb/v7e-m/fpv4-sp/hard\libnosys.a
END GROUP

.igot.plt       0x20005858        0x0 load address 0x0007db10
 .igot.plt      0x20005858        0x0 c:/program files (x86)/gnu tools arm embedded/7 2018-q2-update/bin/../lib/gcc/arm-none-eabi/7.3.1/thumb/v7e-m/fpv4-sp/hard/crtbegin.o
                0x20005858                . = ALIGN (0x4)

.uicr_bootloader_start_address
                0x00000ff8        0x4
                [!provide]                PROVIDE (__start_uicr_bootloader_start_address = .)
 *(SORT_BY_NAME(.uicr_bootloader_start_address*))
 .uicr_bootloader_start_address
                0x00000ff8        0x4 _build/nrf52832_xxaa_s332/nrf_bootloader_info.c.o
                0x00000ff8                m_uicr_bootloader_start_address
                [!provide]                PROVIDE (__stop_uicr_bootloader_start_address = .)
                0x00000ffc                . = ALIGN (0x4)

.uicr_mbr_params_page
                0x00000ffc        0x4
                [!provide]                PROVIDE (__start_uicr_mbr_params_page = .)
 *(SORT_BY_NAME(.uicr_mbr_params_page*))
 .uicr_mbr_params_page
                0x00000ffc        0x4 _build/nrf52832_xxaa_s332/nrf_dfu_settings.c.o
                0x00000ffc                m_uicr_mbr_params_page_address
                [!provide]                PROVIDE (__stop_uicr_mbr_params_page = .)

.rel.dyn        0x00001000        0x0
 .rel.iplt      0x00001000        0x0 c:/program files (x86)/gnu tools arm embedded/7 2018-q2-update/bin/../lib/gcc/arm-none-eabi/7.3.1/thumb/v7e-m/fpv4-sp/hard/crtbegin.o
                0x00001000                . = ALIGN (0x4)

.mbr_params_page
                0x0007e000     0x1000
                [!provide]                PROVIDE (__start_mbr_params_page = .)
 *(SORT_BY_NAME(.mbr_params_page*))
 .mbr_params_page
                0x0007e000     0x1000 _build/nrf52832_xxaa_s332/nrf_dfu_settings.c.o
                0x0007e000                m_mbr_params_page
                [!provide]                PROVIDE (__stop_mbr_params_page = .)
                0x0007f000                . = ALIGN (0x4)

.bootloader_settings_page
                0x0007f000     0x1000
                [!provide]                PROVIDE (__start_bootloader_settings_page = .)
 *(SORT_BY_NAME(.bootloader_settings_page*))
 .bootloader_settings_page
                0x0007f000     0x1000 _build/nrf52832_xxaa_s332/nrf_dfu_settings.c.o
                0x0007f000                m_dfu_settings_buffer
                [!provide]                PROVIDE (__stop_bootloader_settings_page = .)
                0x00080000                . = ALIGN (0x4)

.mem_section_dummy_ram

.log_dynamic_data
                0x20005858        0x0
                [!provide]                PROVIDE (__start_log_dynamic_data = .)
 *(SORT_BY_NAME(.log_dynamic_data*))
                [!provide]                PROVIDE (__stop_log_dynamic_data = .)

.log_filter_data
                0x20005858        0x0
                [!provide]                PROVIDE (__start_log_filter_data = .)
 *(SORT_BY_NAME(.log_filter_data*))
                [!provide]                PROVIDE (__stop_log_filter_data = .)

.fs_data        0x20005858       0x14 load address 0x0007db10
                0x20005858                PROVIDE (__start_fs_data = .)
 *(.fs_data)
 .fs_data       0x20005858       0x14 _build/nrf52832_xxaa_s332/nrf_dfu_flash.c.o
                0x20005858                m_fs
                0x2000586c                PROVIDE (__stop_fs_data = .)

.bss            0x2000586c     0x25cc load address 0x0007db24
                0x2000586c                . = ALIGN (0x4)
                0x2000586c                __bss_start__ = .
 *(.bss*)
 .bss           0x2000586c       0x1c c:/program files (x86)/gnu tools arm embedded/7 2018-q2-update/bin/../lib/gcc/arm-none-eabi/7.3.1/thumb/v7e-m/fpv4-sp/hard/crtbegin.o
 .bss.m_queue_end_index
                0x20005888        0x1 _build/nrf52832_xxaa_s332/app_scheduler.c.o
 *fill*         0x20005889        0x3 
 .bss.m_queue_event_data
                0x2000588c        0x4 _build/nrf52832_xxaa_s332/app_scheduler.c.o
 .bss.m_queue_event_headers
                0x20005890        0x4 _build/nrf52832_xxaa_s332/app_scheduler.c.o
 .bss.m_queue_event_size
                0x20005894        0x2 _build/nrf52832_xxaa_s332/app_scheduler.c.o
 .bss.m_queue_size
                0x20005896        0x2 _build/nrf52832_xxaa_s332/app_scheduler.c.o
 .bss.m_queue_start_index
                0x20005898        0x1 _build/nrf52832_xxaa_s332/app_scheduler.c.o
 *fill*         0x20005899        0x3 
 .bss.m_flash_operation_ongoing
                0x2000589c        0x4 _build/nrf52832_xxaa_s332/nrf_fstorage_nvmc.c.o
 .bss.m_fifo_data
                0x200058a0      0x1dc _build/nrf52832_xxaa_s332/nrf_fstorage_sd.c.o
 .bss.m_fifo_inst
                0x20005a7c       0x10 _build/nrf52832_xxaa_s332/nrf_fstorage_sd.c.o
 .bss.m_flags   0x20005a8c       0x14 _build/nrf52832_xxaa_s332/nrf_fstorage_sd.c.o
 .bss.m_iget_ctx
                0x20005aa0        0x4 _build/nrf52832_xxaa_s332/nrf_fstorage_sd.c.o
 .bss.m_p_cur_op
                0x20005aa4        0x4 _build/nrf52832_xxaa_s332/nrf_fstorage_sd.c.o
 .bss.m_state   0x20005aa8        0x1 _build/nrf52832_xxaa_s332/nrf_crypto_init.c.o
 *fill*         0x20005aa9        0x3 
 .bss.APP_SCHED_BUF.10535
                0x20005aac      0x420 _build/nrf52832_xxaa_s332/nrf_bootloader.c.o
 .bss.m_flash_write_done
                0x20005ecc        0x1 _build/nrf52832_xxaa_s332/nrf_bootloader.c.o
 *fill*         0x20005ecd        0x3 
 .bss.m_user_observer
                0x20005ed0        0x4 _build/nrf52832_xxaa_s332/nrf_bootloader.c.o
 .bss.m_counter_loops
                0x20005ed4        0x4 _build/nrf52832_xxaa_s332/nrf_bootloader_dfu_timers.c.o
                0x20005ed4                m_counter_loops
 .bss.m_timer_initialized.8892
                0x20005ed8        0x1 _build/nrf52832_xxaa_s332/nrf_bootloader_dfu_timers.c.o
 .bss.m_flash_write_done
                0x20005ed9        0x1 _build/nrf52832_xxaa_s332/nrf_bootloader_fw_activation.c.o
 .bss.initialized.8851
                0x20005eda        0x1 _build/nrf52832_xxaa_s332/nrf_bootloader_wdt.c.o
 *fill*         0x20005edb        0x1 
 .bss.m_user_observer
                0x20005edc        0x4 _build/nrf52832_xxaa_s332/nrf_dfu.c.o
 .bss.m_adv_name
                0x20005ee0       0x1c _build/nrf52832_xxaa_s332/nrf_dfu_ble.c.o
 .bss.m_buffer_pool_nrf_balloc_cb
                0x20005efc        0x8 _build/nrf52832_xxaa_s332/nrf_dfu_ble.c.o
 .bss.m_buffer_pool_nrf_balloc_pool_mem
                0x20005f04     0x1034 _build/nrf52832_xxaa_s332/nrf_dfu_ble.c.o
 .bss.m_buffer_pool_nrf_balloc_pool_stack
                0x20006f38       0x11 _build/nrf52832_xxaa_s332/nrf_dfu_ble.c.o
 *fill*         0x20006f49        0x1 
 .bss.m_dfu     0x20006f4a       0x14 _build/nrf52832_xxaa_s332/nrf_dfu_ble.c.o
 .bss.m_enc_advdata.10521
                0x20006f5e       0x1f _build/nrf52832_xxaa_s332/nrf_dfu_ble.c.o
 *fill*         0x20006f7d        0x3 
 .bss.m_flags   0x20006f80        0x4 _build/nrf52832_xxaa_s332/nrf_dfu_ble.c.o
 .bss.m_observer
                0x20006f84        0x4 _build/nrf52832_xxaa_s332/nrf_dfu_ble.c.o
 .bss.m_pkt_notif_target
                0x20006f88        0x2 _build/nrf52832_xxaa_s332/nrf_dfu_ble.c.o
 .bss.m_pkt_notif_target_cnt
                0x20006f8a        0x2 _build/nrf52832_xxaa_s332/nrf_dfu_ble.c.o
 .bss.m_last_error
                0x20006f8c        0x1 _build/nrf52832_xxaa_s332/nrf_dfu_handling_error.c.o
 *fill*         0x20006f8d        0x3 
 .bss.m_firmware_size_req
                0x20006f90        0x4 _build/nrf52832_xxaa_s332/nrf_dfu_req_handler.c.o
 .bss.m_firmware_start_addr
                0x20006f94        0x4 _build/nrf52832_xxaa_s332/nrf_dfu_req_handler.c.o
 .bss.m_observer
                0x20006f98        0x4 _build/nrf52832_xxaa_s332/nrf_dfu_req_handler.c.o
 .bss.dfu_settings_buffer.9425
                0x20006f9c      0x380 _build/nrf52832_xxaa_s332/nrf_dfu_settings.c.o
 .bss.dfu_settings_buffer.9430
                0x2000731c      0x380 _build/nrf52832_xxaa_s332/nrf_dfu_settings.c.o
 .bss.m_crypto_initialized
                0x2000769c        0x1 _build/nrf52832_xxaa_s332/nrf_dfu_validation.c.o
 .bss.m_fw_hash
                0x2000769d       0x20 _build/nrf52832_xxaa_s332/nrf_dfu_validation.c.o
 *fill*         0x200076bd        0x3 
 .bss.m_init_packet_data_len
                0x200076c0        0x4 _build/nrf52832_xxaa_s332/nrf_dfu_validation.c.o
 .bss.m_init_packet_data_ptr
                0x200076c4        0x4 _build/nrf52832_xxaa_s332/nrf_dfu_validation.c.o
 .bss.m_init_packet_valid
                0x200076c8        0x1 _build/nrf52832_xxaa_s332/nrf_dfu_validation.c.o
 *fill*         0x200076c9        0x3 
 .bss.m_packet  0x200076cc      0x31c _build/nrf52832_xxaa_s332/nrf_dfu_validation.c.o
 .bss.m_pb_stream
                0x200079e8       0x10 _build/nrf52832_xxaa_s332/nrf_dfu_validation.c.o
 .bss.m_public_key
                0x200079f8       0x48 _build/nrf52832_xxaa_s332/nrf_dfu_validation.c.o
 .bss.m_sig_hash
                0x20007a40       0x20 _build/nrf52832_xxaa_s332/nrf_dfu_validation.c.o
 .bss.m_signature
                0x20007a60       0x40 _build/nrf52832_xxaa_s332/nrf_dfu_validation.c.o
 .bss.m_valid_init_cmd_present
                0x20007aa0        0x1 _build/nrf52832_xxaa_s332/nrf_dfu_validation.c.o
 *fill*         0x20007aa1        0x3 
 .bss.mp_init   0x20007aa4        0x4 _build/nrf52832_xxaa_s332/nrf_dfu_validation.c.o
 .bss.m_nrf_sdh_continue
                0x20007aa8        0x1 _build/nrf52832_xxaa_s332/nrf_sdh.c.o
 .bss.m_nrf_sdh_enabled
                0x20007aa9        0x1 _build/nrf52832_xxaa_s332/nrf_sdh.c.o
 .bss.m_nrf_sdh_suspended
                0x20007aaa        0x1 _build/nrf52832_xxaa_s332/nrf_sdh.c.o
 .bss.m_stack_is_enabled
                0x20007aab        0x1 _build/nrf52832_xxaa_s332/nrf_sdh_ble.c.o
 *(COMMON)
 COMMON         0x20007aac        0xc _build/nrf52832_xxaa_s332/app_util_platform.c.o
                0x20007aac                nrf_nvic_state
 COMMON         0x20007ab8      0x380 _build/nrf52832_xxaa_s332/nrf_dfu_settings.c.o
                0x20007ab8                s_dfu_settings
                0x20007e38                . = ALIGN (0x4)
                0x20007e38                __bss_end__ = .

.heap           0x20007e38        0x0
                0x20007e38                __HeapBase = .
                0x20007e38                __end__ = .
                [!provide]                PROVIDE (end = .)
 *(.heap*)
 .heap          0x20007e38        0x0 _build/nrf52832_xxaa_s332/gcc_startup_nrf52.S.o
                0x20007e38                __HeapLimit = .

.stack_dummy    0x20007e38     0x2000
 *(.stack*)
 .stack         0x20007e38     0x2000 _build/nrf52832_xxaa_s332/gcc_startup_nrf52.S.o
                0x20010000                __StackTop = (ORIGIN (RAM) + LENGTH (RAM))
                0x2000e000                __StackLimit = (__StackTop - SIZEOF (.stack_dummy))
                0x20010000                PROVIDE (__stack = __StackTop)
                0x00000001                ASSERT ((__StackLimit >= __HeapLimit), region RAM overflowed with stack)
                0x000000b4                DataInitFlashUsed = (__bss_start__ - __data_start__)
                0x00005a70                CodeFlashUsed = (__etext - ORIGIN (FLASH))
                0x00005b24                TotalFlashUsed = (CodeFlashUsed + DataInitFlashUsed)
                0x00000001                ASSERT ((TotalFlashUsed <= LENGTH (FLASH)), region FLASH overflowed with .data and user data)
OUTPUT(_build/nrf52832_xxaa_s332.out elf32-littlearm)

.ARM.attributes
                0x00000000       0x30
 .ARM.attributes
                0x00000000       0x22 c:/program files (x86)/gnu tools arm embedded/7 2018-q2-update/bin/../lib/gcc/arm-none-eabi/7.3.1/thumb/v7e-m/fpv4-sp/hard/crti.o
 .ARM.attributes
                0x00000022       0x34 c:/program files (x86)/gnu tools arm embedded/7 2018-q2-update/bin/../lib/gcc/arm-none-eabi/7.3.1/thumb/v7e-m/fpv4-sp/hard/crtbegin.o
 .ARM.attributes
                0x00000056       0x20 c:/program files (x86)/gnu tools arm embedded/7 2018-q2-update/bin/../lib/gcc/arm-none-eabi/7.3.1/../../../../arm-none-eabi/lib/thumb/v7e-m/fpv4-sp/hard/crt0.o
 .ARM.attributes
                0x00000076       0x20 _build/nrf52832_xxaa_s332/gcc_startup_nrf52.S.o
 .ARM.attributes
                0x00000096       0x39 _build/nrf52832_xxaa_s332/system_nrf52.c.o
 .ARM.attributes
                0x000000cf       0x39 _build/nrf52832_xxaa_s332/app_scheduler.c.o
 .ARM.attributes
                0x00000108       0x39 _build/nrf52832_xxaa_s332/app_util_platform.c.o
 .ARM.attributes
                0x00000141       0x39 _build/nrf52832_xxaa_s332/crc32.c.o
 .ARM.attributes
                0x0000017a       0x39 _build/nrf52832_xxaa_s332/nrf_atfifo.c.o
 .ARM.attributes
                0x000001b3       0x39 _build/nrf52832_xxaa_s332/nrf_atomic.c.o
 .ARM.attributes
                0x000001ec       0x39 _build/nrf52832_xxaa_s332/nrf_balloc.c.o
 .ARM.attributes
                0x00000225       0x39 _build/nrf52832_xxaa_s332/nrf_fstorage.c.o
 .ARM.attributes
                0x0000025e       0x39 _build/nrf52832_xxaa_s332/nrf_fstorage_nvmc.c.o
 .ARM.attributes
                0x00000297       0x39 _build/nrf52832_xxaa_s332/nrf_fstorage_sd.c.o
 .ARM.attributes
                0x000002d0       0x39 _build/nrf52832_xxaa_s332/nrf_section_iter.c.o
 .ARM.attributes
                0x00000309       0x39 _build/nrf52832_xxaa_s332/sha256.c.o
 .ARM.attributes
                0x00000342       0x39 _build/nrf52832_xxaa_s332/micro_ecc_backend_ecc.c.o
 .ARM.attributes
                0x0000037b       0x39 _build/nrf52832_xxaa_s332/micro_ecc_backend_ecdsa.c.o
 .ARM.attributes
                0x000003b4       0x39 _build/nrf52832_xxaa_s332/boards.c.o
 .ARM.attributes
                0x000003ed       0x39 _build/nrf52832_xxaa_s332/nrf_nvmc.c.o
 .ARM.attributes
                0x00000426       0x39 _build/nrf52832_xxaa_s332/nrf_crypto_ecc.c.o
 .ARM.attributes
                0x0000045f       0x39 _build/nrf52832_xxaa_s332/nrf_crypto_ecdsa.c.o
 .ARM.attributes
                0x00000498       0x39 _build/nrf52832_xxaa_s332/nrf_crypto_hash.c.o
 .ARM.attributes
                0x000004d1       0x39 _build/nrf52832_xxaa_s332/nrf_crypto_init.c.o
 .ARM.attributes
                0x0000050a       0x39 _build/nrf52832_xxaa_s332/nrf_crypto_shared.c.o
 .ARM.attributes
                0x00000543       0x39 _build/nrf52832_xxaa_s332/dfu_public_key.c.o
 .ARM.attributes
                0x0000057c       0x39 _build/nrf52832_xxaa_s332/main.c.o
 .ARM.attributes
                0x000005b5       0x39 _build/nrf52832_xxaa_s332/ble_srv_common.c.o
 .ARM.attributes
                0x000005ee       0x39 _build/nrf52832_xxaa_s332/nrf_bootloader.c.o
 .ARM.attributes
                0x00000627       0x39 _build/nrf52832_xxaa_s332/nrf_bootloader_app_start.c.o
 .ARM.attributes
                0x00000660       0x39 _build/nrf52832_xxaa_s332/nrf_bootloader_app_start_final.c.o
 .ARM.attributes
                0x00000699       0x39 _build/nrf52832_xxaa_s332/nrf_bootloader_dfu_timers.c.o
 .ARM.attributes
                0x000006d2       0x39 _build/nrf52832_xxaa_s332/nrf_bootloader_fw_activation.c.o
 .ARM.attributes
                0x0000070b       0x39 _build/nrf52832_xxaa_s332/nrf_bootloader_info.c.o
 .ARM.attributes
                0x00000744       0x39 _build/nrf52832_xxaa_s332/nrf_bootloader_wdt.c.o
 .ARM.attributes
                0x0000077d       0x39 _build/nrf52832_xxaa_s332/pb_common.c.o
 .ARM.attributes
                0x000007b6       0x39 _build/nrf52832_xxaa_s332/pb_decode.c.o
 .ARM.attributes
                0x000007ef       0x39 _build/nrf52832_xxaa_s332/nrf_sw_backend_hash.c.o
 .ARM.attributes
                0x00000828       0x39 _build/nrf52832_xxaa_s332/dfu-cc.pb.c.o
 .ARM.attributes
                0x00000861       0x39 _build/nrf52832_xxaa_s332/nrf_dfu.c.o
 .ARM.attributes
                0x0000089a       0x39 _build/nrf52832_xxaa_s332/nrf_dfu_ble.c.o
 .ARM.attributes
                0x000008d3       0x39 _build/nrf52832_xxaa_s332/nrf_dfu_flash.c.o
 .ARM.attributes
                0x0000090c       0x39 _build/nrf52832_xxaa_s332/nrf_dfu_handling_error.c.o
 .ARM.attributes
                0x00000945       0x39 _build/nrf52832_xxaa_s332/nrf_dfu_mbr.c.o
 .ARM.attributes
                0x0000097e       0x39 _build/nrf52832_xxaa_s332/nrf_dfu_req_handler.c.o
 .ARM.attributes
                0x000009b7       0x39 _build/nrf52832_xxaa_s332/nrf_dfu_settings.c.o
 .ARM.attributes
                0x000009f0       0x39 _build/nrf52832_xxaa_s332/nrf_dfu_settings_svci.c.o
 .ARM.attributes
                0x00000a29       0x39 _build/nrf52832_xxaa_s332/nrf_dfu_transport.c.o
 .ARM.attributes
                0x00000a62       0x39 _build/nrf52832_xxaa_s332/nrf_dfu_utils.c.o
 .ARM.attributes
                0x00000a9b       0x39 _build/nrf52832_xxaa_s332/nrf_dfu_validation.c.o
 .ARM.attributes
                0x00000ad4       0x39 _build/nrf52832_xxaa_s332/nrf_dfu_ver_validation.c.o
 .ARM.attributes
                0x00000b0d       0x39 _build/nrf52832_xxaa_s332/nrf_dfu_svci_handler.c.o
 .ARM.attributes
                0x00000b46       0x39 _build/nrf52832_xxaa_s332/nrf_svc_handler.c.o
 .ARM.attributes
                0x00000b7f       0x39 _build/nrf52832_xxaa_s332/nrf_sdh.c.o
 .ARM.attributes
                0x00000bb8       0x39 _build/nrf52832_xxaa_s332/nrf_sdh_ble.c.o
 .ARM.attributes
                0x00000bf1       0x39 _build/nrf52832_xxaa_s332/nrf_sdh_soc.c.o
 .ARM.attributes
                0x00000c2a       0x39 ../../../nrf5_sdk/external/micro-ecc/nrf52hf_armgcc/armgcc/micro_ecc_lib_nrf52.a(uECC.c.o)
 .ARM.attributes
                0x00000c63       0x34 c:/program files (x86)/gnu tools arm embedded/7 2018-q2-update/bin/../lib/gcc/arm-none-eabi/7.3.1/../../../../arm-none-eabi/lib/thumb/v7e-m/fpv4-sp/hard\libc_nano.a(lib_a-exit.o)
 .ARM.attributes
                0x00000c97       0x34 c:/program files (x86)/gnu tools arm embedded/7 2018-q2-update/bin/../lib/gcc/arm-none-eabi/7.3.1/../../../../arm-none-eabi/lib/thumb/v7e-m/fpv4-sp/hard\libc_nano.a(lib_a-impure.o)
 .ARM.attributes
                0x00000ccb       0x34 c:/program files (x86)/gnu tools arm embedded/7 2018-q2-update/bin/../lib/gcc/arm-none-eabi/7.3.1/../../../../arm-none-eabi/lib/thumb/v7e-m/fpv4-sp/hard\libc_nano.a(lib_a-init.o)
 .ARM.attributes
                0x00000cff       0x34 c:/program files (x86)/gnu tools arm embedded/7 2018-q2-update/bin/../lib/gcc/arm-none-eabi/7.3.1/../../../../arm-none-eabi/lib/thumb/v7e-m/fpv4-sp/hard\libc_nano.a(lib_a-memcmp.o)
 .ARM.attributes
                0x00000d33       0x34 c:/program files (x86)/gnu tools arm embedded/7 2018-q2-update/bin/../lib/gcc/arm-none-eabi/7.3.1/../../../../arm-none-eabi/lib/thumb/v7e-m/fpv4-sp/hard\libc_nano.a(lib_a-memcpy-stub.o)
 .ARM.attributes
                0x00000d67       0x34 c:/program files (x86)/gnu tools arm embedded/7 2018-q2-update/bin/../lib/gcc/arm-none-eabi/7.3.1/../../../../arm-none-eabi/lib/thumb/v7e-m/fpv4-sp/hard\libc_nano.a(lib_a-memset.o)
 .ARM.attributes
                0x00000d9b       0x1b c:/program files (x86)/gnu tools arm embedded/7 2018-q2-update/bin/../lib/gcc/arm-none-eabi/7.3.1/../../../../arm-none-eabi/lib/thumb/v7e-m/fpv4-sp/hard\libc_nano.a(lib_a-strlen.o)
 .ARM.attributes
                0x00000db6       0x34 c:/program files (x86)/gnu tools arm embedded/7 2018-q2-update/bin/../lib/gcc/arm-none-eabi/7.3.1/../../../../arm-none-eabi/lib/thumb/v7e-m/fpv4-sp/hard\libnosys.a(_exit.o)
 .ARM.attributes
                0x00000dea       0x34 c:/program files (x86)/gnu tools arm embedded/7 2018-q2-update/bin/../lib/gcc/arm-none-eabi/7.3.1/thumb/v7e-m/fpv4-sp/hard/crtend.o
 .ARM.attributes
                0x00000e1e       0x22 c:/program files (x86)/gnu tools arm embedded/7 2018-q2-update/bin/../lib/gcc/arm-none-eabi/7.3.1/thumb/v7e-m/fpv4-sp/hard/crtn.o

.comment        0x00000000       0x7f
 .comment       0x00000000       0x7f _build/nrf52832_xxaa_s332/system_nrf52.c.o
                                 0x80 (size before relaxing)
 .comment       0x0000007f       0x80 _build/nrf52832_xxaa_s332/app_scheduler.c.o
 .comment       0x0000007f       0x80 _build/nrf52832_xxaa_s332/app_util_platform.c.o
 .comment       0x0000007f       0x80 _build/nrf52832_xxaa_s332/crc32.c.o
 .comment       0x0000007f       0x80 _build/nrf52832_xxaa_s332/nrf_atfifo.c.o
 .comment       0x0000007f       0x80 _build/nrf52832_xxaa_s332/nrf_atomic.c.o
 .comment       0x0000007f       0x80 _build/nrf52832_xxaa_s332/nrf_balloc.c.o
 .comment       0x0000007f       0x80 _build/nrf52832_xxaa_s332/nrf_fstorage.c.o
 .comment       0x0000007f       0x80 _build/nrf52832_xxaa_s332/nrf_fstorage_nvmc.c.o
 .comment       0x0000007f       0x80 _build/nrf52832_xxaa_s332/nrf_fstorage_sd.c.o
 .comment       0x0000007f       0x80 _build/nrf52832_xxaa_s332/nrf_section_iter.c.o
 .comment       0x0000007f       0x80 _build/nrf52832_xxaa_s332/sha256.c.o
 .comment       0x0000007f       0x80 _build/nrf52832_xxaa_s332/micro_ecc_backend_ecc.c.o
 .comment       0x0000007f       0x80 _build/nrf52832_xxaa_s332/micro_ecc_backend_ecdsa.c.o
 .comment       0x0000007f       0x80 _build/nrf52832_xxaa_s332/boards.c.o
 .comment       0x0000007f       0x80 _build/nrf52832_xxaa_s332/nrf_nvmc.c.o
 .comment       0x0000007f       0x80 _build/nrf52832_xxaa_s332/nrf_crypto_ecc.c.o
 .comment       0x0000007f       0x80 _build/nrf52832_xxaa_s332/nrf_crypto_ecdsa.c.o
 .comment       0x0000007f       0x80 _build/nrf52832_xxaa_s332/nrf_crypto_hash.c.o
 .comment       0x0000007f       0x80 _build/nrf52832_xxaa_s332/nrf_crypto_init.c.o
 .comment       0x0000007f       0x80 _build/nrf52832_xxaa_s332/nrf_crypto_shared.c.o
 .comment       0x0000007f       0x80 _build/nrf52832_xxaa_s332/dfu_public_key.c.o
 .comment       0x0000007f       0x80 _build/nrf52832_xxaa_s332/main.c.o
 .comment       0x0000007f       0x80 _build/nrf52832_xxaa_s332/ble_srv_common.c.o
 .comment       0x0000007f       0x80 _build/nrf52832_xxaa_s332/nrf_bootloader.c.o
 .comment       0x0000007f       0x80 _build/nrf52832_xxaa_s332/nrf_bootloader_app_start.c.o
 .comment       0x0000007f       0x80 _build/nrf52832_xxaa_s332/nrf_bootloader_app_start_final.c.o
 .comment       0x0000007f       0x80 _build/nrf52832_xxaa_s332/nrf_bootloader_dfu_timers.c.o
 .comment       0x0000007f       0x80 _build/nrf52832_xxaa_s332/nrf_bootloader_fw_activation.c.o
 .comment       0x0000007f       0x80 _build/nrf52832_xxaa_s332/nrf_bootloader_info.c.o
 .comment       0x0000007f       0x80 _build/nrf52832_xxaa_s332/nrf_bootloader_wdt.c.o
 .comment       0x0000007f       0x80 _build/nrf52832_xxaa_s332/pb_common.c.o
 .comment       0x0000007f       0x80 _build/nrf52832_xxaa_s332/pb_decode.c.o
 .comment       0x0000007f       0x80 _build/nrf52832_xxaa_s332/nrf_sw_backend_hash.c.o
 .comment       0x0000007f       0x80 _build/nrf52832_xxaa_s332/dfu-cc.pb.c.o
 .comment       0x0000007f       0x80 _build/nrf52832_xxaa_s332/nrf_dfu.c.o
 .comment       0x0000007f       0x80 _build/nrf52832_xxaa_s332/nrf_dfu_ble.c.o
 .comment       0x0000007f       0x80 _build/nrf52832_xxaa_s332/nrf_dfu_flash.c.o
 .comment       0x0000007f       0x80 _build/nrf52832_xxaa_s332/nrf_dfu_handling_error.c.o
 .comment       0x0000007f       0x80 _build/nrf52832_xxaa_s332/nrf_dfu_mbr.c.o
 .comment       0x0000007f       0x80 _build/nrf52832_xxaa_s332/nrf_dfu_req_handler.c.o
 .comment       0x0000007f       0x80 _build/nrf52832_xxaa_s332/nrf_dfu_settings.c.o
 .comment       0x0000007f       0x80 _build/nrf52832_xxaa_s332/nrf_dfu_settings_svci.c.o
 .comment       0x0000007f       0x80 _build/nrf52832_xxaa_s332/nrf_dfu_transport.c.o
 .comment       0x0000007f       0x80 _build/nrf52832_xxaa_s332/nrf_dfu_utils.c.o
 .comment       0x0000007f       0x80 _build/nrf52832_xxaa_s332/nrf_dfu_validation.c.o
 .comment       0x0000007f       0x80 _build/nrf52832_xxaa_s332/nrf_dfu_ver_validation.c.o
 .comment       0x0000007f       0x80 _build/nrf52832_xxaa_s332/nrf_dfu_svci_handler.c.o
 .comment       0x0000007f       0x80 _build/nrf52832_xxaa_s332/nrf_svc_handler.c.o
 .comment       0x0000007f       0x80 _build/nrf52832_xxaa_s332/nrf_sdh.c.o
 .comment       0x0000007f       0x80 _build/nrf52832_xxaa_s332/nrf_sdh_ble.c.o
 .comment       0x0000007f       0x80 _build/nrf52832_xxaa_s332/nrf_sdh_soc.c.o
 .comment       0x0000007f       0x80 ../../../nrf5_sdk/external/micro-ecc/nrf52hf_armgcc/armgcc/micro_ecc_lib_nrf52.a(uECC.c.o)

.debug_line     0x00000000    0x1d89c
 .debug_line    0x00000000       0x86 _build/nrf52832_xxaa_s332/gcc_startup_nrf52.S.o
 .debug_line    0x00000086      0x42b _build/nrf52832_xxaa_s332/system_nrf52.c.o
 .debug_line    0x000004b1      0x6f6 _build/nrf52832_xxaa_s332/app_scheduler.c.o
 .debug_line    0x00000ba7      0x609 _build/nrf52832_xxaa_s332/app_util_platform.c.o
 .debug_line    0x000011b0      0x588 _build/nrf52832_xxaa_s332/crc32.c.o
 .debug_line    0x00001738      0x76b _build/nrf52832_xxaa_s332/nrf_atfifo.c.o
 .debug_line    0x00001ea3      0x6ec _build/nrf52832_xxaa_s332/nrf_atomic.c.o
 .debug_line    0x0000258f      0x768 _build/nrf52832_xxaa_s332/nrf_balloc.c.o
 .debug_line    0x00002cf7      0x714 _build/nrf52832_xxaa_s332/nrf_fstorage.c.o
 .debug_line    0x0000340b      0x961 _build/nrf52832_xxaa_s332/nrf_fstorage_nvmc.c.o
 .debug_line    0x00003d6c      0x9bd _build/nrf52832_xxaa_s332/nrf_fstorage_sd.c.o
 .debug_line    0x00004729      0x5ab _build/nrf52832_xxaa_s332/nrf_section_iter.c.o
 .debug_line    0x00004cd4      0x704 _build/nrf52832_xxaa_s332/sha256.c.o
 .debug_line    0x000053d8      0xa19 _build/nrf52832_xxaa_s332/micro_ecc_backend_ecc.c.o
 .debug_line    0x00005df1      0x9bf _build/nrf52832_xxaa_s332/micro_ecc_backend_ecdsa.c.o
 .debug_line    0x000067b0      0x90e _build/nrf52832_xxaa_s332/boards.c.o
 .debug_line    0x000070be      0x874 _build/nrf52832_xxaa_s332/nrf_nvmc.c.o
 .debug_line    0x00007932      0xa0a _build/nrf52832_xxaa_s332/nrf_crypto_ecc.c.o
 .debug_line    0x0000833c      0x98d _build/nrf52832_xxaa_s332/nrf_crypto_ecdsa.c.o
 .debug_line    0x00008cc9      0x89b _build/nrf52832_xxaa_s332/nrf_crypto_hash.c.o
 .debug_line    0x00009564      0x63f _build/nrf52832_xxaa_s332/nrf_crypto_init.c.o
 .debug_line    0x00009ba3      0x610 _build/nrf52832_xxaa_s332/nrf_crypto_shared.c.o
 .debug_line    0x0000a1b3      0x24b _build/nrf52832_xxaa_s332/dfu_public_key.c.o
 .debug_line    0x0000a3fe      0xbb7 _build/nrf52832_xxaa_s332/main.c.o
 .debug_line    0x0000afb5      0x714 _build/nrf52832_xxaa_s332/ble_srv_common.c.o
 .debug_line    0x0000b6c9      0xdc7 _build/nrf52832_xxaa_s332/nrf_bootloader.c.o