Archive member included to satisfy reference by file (symbol)

c:/program files (x86)/gnu tools arm embedded/7 2018-q2-update/bin/../lib/gcc/arm-none-eabi/7.3.1/../../../../arm-none-eabi/lib/thumb/v7e-m/fpv4-sp/hard\libc_nano.a(lib_a-exit.o)
                              c:/program files (x86)/gnu tools arm embedded/7 2018-q2-update/bin/../lib/gcc/arm-none-eabi/7.3.1/../../../../arm-none-eabi/lib/thumb/v7e-m/fpv4-sp/hard/crt0.o (exit)
c:/program files (x86)/gnu tools arm embedded/7 2018-q2-update/bin/../lib/gcc/arm-none-eabi/7.3.1/../../../../arm-none-eabi/lib/thumb/v7e-m/fpv4-sp/hard\libc_nano.a(lib_a-impure.o)
                              c:/program files (x86)/gnu tools arm embedded/7 2018-q2-update/bin/../lib/gcc/arm-none-eabi/7.3.1/../../../../arm-none-eabi/lib/thumb/v7e-m/fpv4-sp/hard\libc_nano.a(lib_a-exit.o) (_global_impure_ptr)
c:/program files (x86)/gnu tools arm embedded/7 2018-q2-update/bin/../lib/gcc/arm-none-eabi/7.3.1/../../../../arm-none-eabi/lib/thumb/v7e-m/fpv4-sp/hard\libc_nano.a(lib_a-init.o)
                              c:/program files (x86)/gnu tools arm embedded/7 2018-q2-update/bin/../lib/gcc/arm-none-eabi/7.3.1/../../../../arm-none-eabi/lib/thumb/v7e-m/fpv4-sp/hard/crt0.o (__libc_init_array)
c:/program files (x86)/gnu tools arm embedded/7 2018-q2-update/bin/../lib/gcc/arm-none-eabi/7.3.1/../../../../arm-none-eabi/lib/thumb/v7e-m/fpv4-sp/hard\libc_nano.a(lib_a-locale.o)
                              _build/nrf52832_xxaa/nrf_log_str_formatter.c.o (__locale_ctype_ptr)
c:/program files (x86)/gnu tools arm embedded/7 2018-q2-update/bin/../lib/gcc/arm-none-eabi/7.3.1/../../../../arm-none-eabi/lib/thumb/v7e-m/fpv4-sp/hard\libc_nano.a(lib_a-mbtowc_r.o)
                              c:/program files (x86)/gnu tools arm embedded/7 2018-q2-update/bin/../lib/gcc/arm-none-eabi/7.3.1/../../../../arm-none-eabi/lib/thumb/v7e-m/fpv4-sp/hard\libc_nano.a(lib_a-locale.o) (__ascii_mbtowc)
c:/program files (x86)/gnu tools arm embedded/7 2018-q2-update/bin/../lib/gcc/arm-none-eabi/7.3.1/../../../../arm-none-eabi/lib/thumb/v7e-m/fpv4-sp/hard\libc_nano.a(lib_a-memcpy-stub.o)
                              _build/nrf52832_xxaa/nrf_log_frontend.c.o (memcpy)
c:/program files (x86)/gnu tools arm embedded/7 2018-q2-update/bin/../lib/gcc/arm-none-eabi/7.3.1/../../../../arm-none-eabi/lib/thumb/v7e-m/fpv4-sp/hard\libc_nano.a(lib_a-memset.o)
                              c:/program files (x86)/gnu tools arm embedded/7 2018-q2-update/bin/../lib/gcc/arm-none-eabi/7.3.1/../../../../arm-none-eabi/lib/thumb/v7e-m/fpv4-sp/hard/crt0.o (memset)
c:/program files (x86)/gnu tools arm embedded/7 2018-q2-update/bin/../lib/gcc/arm-none-eabi/7.3.1/../../../../arm-none-eabi/lib/thumb/v7e-m/fpv4-sp/hard\libc_nano.a(lib_a-strcmp.o)
                              c:/program files (x86)/gnu tools arm embedded/7 2018-q2-update/bin/../lib/gcc/arm-none-eabi/7.3.1/../../../../arm-none-eabi/lib/thumb/v7e-m/fpv4-sp/hard\libc_nano.a(lib_a-locale.o) (strcmp)
c:/program files (x86)/gnu tools arm embedded/7 2018-q2-update/bin/../lib/gcc/arm-none-eabi/7.3.1/../../../../arm-none-eabi/lib/thumb/v7e-m/fpv4-sp/hard\libc_nano.a(lib_a-strcpy.o)
                              _build/nrf52832_xxaa/SEGGER_RTT.c.o (strcpy)
c:/program files (x86)/gnu tools arm embedded/7 2018-q2-update/bin/../lib/gcc/arm-none-eabi/7.3.1/../../../../arm-none-eabi/lib/thumb/v7e-m/fpv4-sp/hard\libc_nano.a(lib_a-strlen.o)
                              _build/nrf52832_xxaa/nrf_log_frontend.c.o (strlen)
c:/program files (x86)/gnu tools arm embedded/7 2018-q2-update/bin/../lib/gcc/arm-none-eabi/7.3.1/../../../../arm-none-eabi/lib/thumb/v7e-m/fpv4-sp/hard\libc_nano.a(lib_a-wctomb_r.o)
                              c:/program files (x86)/gnu tools arm embedded/7 2018-q2-update/bin/../lib/gcc/arm-none-eabi/7.3.1/../../../../arm-none-eabi/lib/thumb/v7e-m/fpv4-sp/hard\libc_nano.a(lib_a-locale.o) (__ascii_wctomb)
c:/program files (x86)/gnu tools arm embedded/7 2018-q2-update/bin/../lib/gcc/arm-none-eabi/7.3.1/../../../../arm-none-eabi/lib/thumb/v7e-m/fpv4-sp/hard\libc_nano.a(lib_a-ctype_.o)
                              c:/program files (x86)/gnu tools arm embedded/7 2018-q2-update/bin/../lib/gcc/arm-none-eabi/7.3.1/../../../../arm-none-eabi/lib/thumb/v7e-m/fpv4-sp/hard\libc_nano.a(lib_a-locale.o) (_ctype_)
c:/program files (x86)/gnu tools arm embedded/7 2018-q2-update/bin/../lib/gcc/arm-none-eabi/7.3.1/../../../../arm-none-eabi/lib/thumb/v7e-m/fpv4-sp/hard\libnosys.a(_exit.o)
                              c:/program files (x86)/gnu tools arm embedded/7 2018-q2-update/bin/../lib/gcc/arm-none-eabi/7.3.1/../../../../arm-none-eabi/lib/thumb/v7e-m/fpv4-sp/hard\libc_nano.a(lib_a-exit.o) (_exit)
c:/program files (x86)/gnu tools arm embedded/7 2018-q2-update/bin/../lib/gcc/arm-none-eabi/7.3.1/thumb/v7e-m/fpv4-sp/hard\libgcc.a(_arm_addsubdf3.o)
                              _build/nrf52832_xxaa/triac.c.o (__aeabi_dadd)
[...]
Memory Configuration

Name             Origin             Length             Attributes
FLASH            0x00012000         0x0006e000         xr
RAM              0x20000b80         0x0000f480         xrw
*default*        0x00000000         0xffffffff

Linker script and memory map


.text           0x00012000     0x8480
 *(.isr_vector)
 .isr_vector    0x00012000      0x200 _build/nrf52832_xxaa/gcc_startup_nrf52.S.o
                0x00012000                __isr_vector
 *(.text*)
 .text          0x00012200       0x40 c:/program files (x86)/gnu tools arm embedded/7 2018-q2-update/bin/../lib/gcc/arm-none-eabi/7.3.1/thumb/v7e-m/fpv4-sp/hard/crtbegin.o
 .text          0x00012240       0x74 c:/program files (x86)/gnu tools arm embedded/7 2018-q2-update/bin/../lib/gcc/arm-none-eabi/7.3.1/../../../../arm-none-eabi/lib/thumb/v7e-m/fpv4-sp/hard/crt0.o
                0x00012240                _start
                0x00012240                _mainCRTStartup
 .text          0x000122b4       0x3c _build/nrf52832_xxaa/gcc_startup_nrf52.S.o
                0x000122b4                Reset_Handler
                0x000122dc                NMI_Handler
                0x000122e0                MemoryManagement_Handler
                0x000122e2                BusFault_Handler
                0x000122e4                UsageFault_Handler
                0x000122e6                SVC_Handler
                0x000122e8                DebugMon_Handler
                0x000122ea                PendSV_Handler
                0x000122ec                SysTick_Handler
                0x000122ee                PDM_IRQHandler
                0x000122ee                TEMP_IRQHandler
                0x000122ee                QDEC_IRQHandler
                0x000122ee                TIMER3_IRQHandler
                0x000122ee                FPU_IRQHandler
                0x000122ee                SPIM0_SPIS0_TWIM0_TWIS0_SPI0_TWI0_IRQHandler
                0x000122ee                RADIO_IRQHandler
                0x000122ee                TIMER4_IRQHandler
                0x000122ee                I2S_IRQHandler
                0x000122ee                SWI4_EGU4_IRQHandler
                0x000122ee                TIMER0_IRQHandler
                0x000122ee                POWER_CLOCK_IRQHandler
                0x000122ee                RTC0_IRQHandler
                0x000122ee                PWM2_IRQHandler
                0x000122ee                ECB_IRQHandler
                0x000122ee                SPIM1_SPIS1_TWIM1_TWIS1_SPI1_TWI1_IRQHandler
                0x000122ee                Default_Handler
                0x000122ee                SAADC_IRQHandler
                0x000122ee                CCM_AAR_IRQHandler
                0x000122ee                WDT_IRQHandler
                0x000122ee                PWM1_IRQHandler
                0x000122ee                SWI5_EGU5_IRQHandler
                0x000122ee                RNG_IRQHandler
                0x000122ee                RTC2_IRQHandler
                0x000122ee                PWM0_IRQHandler
                0x000122ee                SWI3_EGU3_IRQHandler
                0x000122ee                SWI1_EGU1_IRQHandler
                0x000122ee                SPIM2_SPIS2_SPI2_IRQHandler
                0x000122ee                NFCT_IRQHandler
                0x000122ee                TIMER1_IRQHandler
                0x000122ee                MWU_IRQHandler
                0x000122ee                TIMER2_IRQHandler
                0x000122ee                COMP_LPCOMP_IRQHandler
 .text.nrf_log_backend_serial_put
                0x000122f0       0xd4 _build/nrf52832_xxaa/nrf_log_backend_serial.c.o
                0x000122f0                nrf_log_backend_serial_put
 .text.uart_evt_handler
                0x000123c4        0xc _build/nrf52832_xxaa/nrf_log_backend_uart.c.o
 .text.nrf_log_backend_uart_flush
                0x000123d0        0x4 _build/nrf52832_xxaa/nrf_log_backend_uart.c.o
 .text.nrf_log_backend_uart_put
                0x000123d4       0x20 _build/nrf52832_xxaa/nrf_log_backend_uart.c.o
 .text.serial_tx
                0x000123f4       0x54 _build/nrf52832_xxaa/nrf_log_backend_uart.c.o
 .text.nrf_log_backend_uart_panic_set
                0x00012448       0x68 _build/nrf52832_xxaa/nrf_log_backend_uart.c.o
 .text.nrf_log_backend_uart_init
                0x000124b0       0x50 _build/nrf52832_xxaa/nrf_log_backend_uart.c.o
                0x000124b0                nrf_log_backend_uart_init
 .text.nrf_log_default_backends_init
                0x00012500       0x20 _build/nrf52832_xxaa/nrf_log_default_backends.c.o
                0x00012500                nrf_log_default_backends_init
 .text.log_skip
                0x00012520       0xd4 _build/nrf52832_xxaa/nrf_log_frontend.c.o
 .text.nrf_log_init
                0x000125f4       0x3c _build/nrf52832_xxaa/nrf_log_frontend.c.o
                0x000125f4                nrf_log_init
 .text.nrf_log_module_name_get
                0x00012630       0x58 _build/nrf52832_xxaa/nrf_log_frontend.c.o
                0x00012630                nrf_log_module_name_get
 .text.nrf_log_color_id_get
                0x00012688       0x2c _build/nrf52832_xxaa/nrf_log_frontend.c.o
                0x00012688                nrf_log_color_id_get
 .text.nrf_log_frontend_std_0
                0x000126b4       0xf0 _build/nrf52832_xxaa/nrf_log_frontend.c.o
                0x000126b4                nrf_log_frontend_std_0
 .text.nrf_log_frontend_dequeue.part.6
                0x000127a4      0x26c _build/nrf52832_xxaa/nrf_log_frontend.c.o
 .text.nrf_log_frontend_std_1
                0x00012a10      0x100 _build/nrf52832_xxaa/nrf_log_frontend.c.o
                0x00012a10                nrf_log_frontend_std_1
 .text.nrf_log_frontend_std_2
                0x00012b10      0x104 _build/nrf52832_xxaa/nrf_log_frontend.c.o
                0x00012b10                nrf_log_frontend_std_2
 .text.nrf_log_frontend_std_3
                0x00012c14      0x110 _build/nrf52832_xxaa/nrf_log_frontend.c.o
                0x00012c14                nrf_log_frontend_std_3
 .text.nrf_log_frontend_std_4
                0x00012d24      0x12c _build/nrf52832_xxaa/nrf_log_frontend.c.o
                0x00012d24                nrf_log_frontend_std_4
 .text.nrf_log_frontend_std_5
                0x00012e50      0x13c _build/nrf52832_xxaa/nrf_log_frontend.c.o
                0x00012e50                nrf_log_frontend_std_5
 .text.nrf_log_frontend_hexdump
                0x00012f8c      0x148 _build/nrf52832_xxaa/nrf_log_frontend.c.o
                0x00012f8c                nrf_log_frontend_hexdump
 .text.nrf_log_frontend_dequeue
                0x000130d4       0x18 _build/nrf52832_xxaa/nrf_log_frontend.c.o
                0x000130d4                nrf_log_frontend_dequeue
 .text.nrf_log_backend_add
                0x000130ec       0x68 _build/nrf52832_xxaa/nrf_log_frontend.c.o
                0x000130ec                nrf_log_backend_add
 .text.nrf_log_panic
                0x00013154       0x2c _build/nrf52832_xxaa/nrf_log_frontend.c.o
                0x00013154                nrf_log_panic
 .text.nrf_log_std_entry_process
                0x00013180      0x14c _build/nrf52832_xxaa/nrf_log_str_formatter.c.o
                0x00013180                nrf_log_std_entry_process
 .text.nrf_log_hexdump_entry_process
                0x000132cc      0x160 _build/nrf52832_xxaa/nrf_log_str_formatter.c.o
                0x000132cc                nrf_log_hexdump_entry_process
 .text.bsp_board_led_state_get
                0x0001342c       0x1c _build/nrf52832_xxaa/boards.c.o
                0x0001342c                bsp_board_led_state_get
 .text.bsp_board_led_on
                0x00013448       0x18 _build/nrf52832_xxaa/boards.c.o
                0x00013448                bsp_board_led_on
 .text.bsp_board_led_off
                0x00013460       0x18 _build/nrf52832_xxaa/boards.c.o
                0x00013460                bsp_board_led_off
 .text.bsp_board_leds_off
                0x00013478       0x2c _build/nrf52832_xxaa/boards.c.o
                0x00013478                bsp_board_leds_off
 .text.bsp_board_leds_on
                0x000134a4       0x2c _build/nrf52832_xxaa/boards.c.o
                0x000134a4                bsp_board_leds_on
 .text.bsp_board_led_invert
                0x000134d0       0x24 _build/nrf52832_xxaa/boards.c.o
                0x000134d0                bsp_board_led_invert
 .text.detection_delay_timeout_handler
                0x000134f4      0x120 _build/nrf52832_xxaa/app_button.c.o
 .text.gpiote_event_handler
                0x00013614       0xa8 _build/nrf52832_xxaa/app_button.c.o
 .text.app_button_init
                0x000136bc       0xb0 _build/nrf52832_xxaa/app_button.c.o
                0x000136bc                app_button_init
 .text.app_button_enable
                0x0001376c       0x2c _build/nrf52832_xxaa/app_button.c.o
                0x0001376c                app_button_enable
 .text.app_button_is_pushed
                0x00013798       0x2c _build/nrf52832_xxaa/app_button.c.o
                0x00013798                app_button_is_pushed
 .text.app_error_save_and_stop
                0x000137c4       0x64 _build/nrf52832_xxaa/app_error.c.o
                0x000137c4                app_error_save_and_stop
 .text.app_error_handler
                0x00013828       0x1c _build/nrf52832_xxaa/app_error_handler_gcc.c.o
                0x00013828                app_error_handler
 .text.app_error_fault_handler
                0x00013844       0xdc _build/nrf52832_xxaa/app_error_weak.c.o
                0x00013844                app_error_fault_handler
 .text.app_sched_init
                0x00013920       0x50 _build/nrf52832_xxaa/app_scheduler.c.o
                0x00013920                app_sched_init
 .text.app_sched_execute
                0x00013970       0x8c _build/nrf52832_xxaa/app_scheduler.c.o
                0x00013970                app_sched_execute
 .text.RTC1_IRQHandler
                0x000139fc       0xa0 _build/nrf52832_xxaa/app_timer.c.o
                0x000139fc                RTC1_IRQHandler
 .text.SWI0_EGU0_IRQHandler
                0x00013a9c      0x394 _build/nrf52832_xxaa/app_timer.c.o
                0x00013a9c                SWI0_EGU0_IRQHandler
 .text.app_timer_init
                0x00013e30       0xa8 _build/nrf52832_xxaa/app_timer.c.o
                0x00013e30                app_timer_init
 .text.app_timer_create
                0x00013ed8       0x24 _build/nrf52832_xxaa/app_timer.c.o
                0x00013ed8                app_timer_create
 .text.app_timer_start
                0x00013efc       0xac _build/nrf52832_xxaa/app_timer.c.o
                0x00013efc                app_timer_start
 .text.app_timer_stop
                0x00013fa8       0x74 _build/nrf52832_xxaa/app_timer.c.o
                0x00013fa8                app_timer_stop
 .text.app_timer_cnt_get
                0x0001401c        0xc _build/nrf52832_xxaa/app_timer.c.o
                0x0001401c                app_timer_cnt_get
 .text.app_util_critical_region_enter
                0x00014028       0x4c _build/nrf52832_xxaa/app_util_platform.c.o
                0x00014028                app_util_critical_region_enter
 .text.app_util_critical_region_exit
                0x00014074       0x30 _build/nrf52832_xxaa/app_util_platform.c.o
                0x00014074                app_util_critical_region_exit
 .text.HardFault_Handler
                0x000140a4       0x34 _build/nrf52832_xxaa/hardfault_handler_gcc.c.o
                0x000140a4                HardFault_Handler
 .text.HardFault_process
                0x000140d8       0x24 _build/nrf52832_xxaa/hardfault_implementation.c.o
                0x000140d8                HardFault_process
 .text.HardFault_c_handler
                0x000140fc      0x114 _build/nrf52832_xxaa/hardfault_implementation.c.o
                0x000140fc                HardFault_c_handler
 .text.nrf_atomic_u32_fetch_store
                0x00014210       0x14 _build/nrf52832_xxaa/nrf_atomic.c.o
                0x00014210                nrf_atomic_u32_fetch_store
 .text.nrf_atomic_u32_add
                0x00014224       0x18 _build/nrf52832_xxaa/nrf_atomic.c.o
                0x00014224                nrf_atomic_u32_add
 .text.nrf_atomic_u32_sub
                0x0001423c       0x18 _build/nrf52832_xxaa/nrf_atomic.c.o
                0x0001423c                nrf_atomic_u32_sub
 .text.nrf_atomic_flag_set
                0x00014254       0x18 _build/nrf52832_xxaa/nrf_atomic.c.o
                0x00014254                nrf_atomic_flag_set
 .text.nrf_atomic_flag_clear_fetch
                0x0001426c       0x18 _build/nrf52832_xxaa/nrf_atomic.c.o
                0x0001426c                nrf_atomic_flag_clear_fetch
 .text.nrf_balloc_init
                0x00014284       0x38 _build/nrf52832_xxaa/nrf_balloc.c.o
                0x00014284                nrf_balloc_init
 .text.nrf_balloc_alloc
                0x000142bc       0x50 _build/nrf52832_xxaa/nrf_balloc.c.o
                0x000142bc                nrf_balloc_alloc
 .text.nrf_balloc_free
                0x0001430c       0x38 _build/nrf52832_xxaa/nrf_balloc.c.o
                0x0001430c                nrf_balloc_free
 .text.nrf_fprintf_buffer_flush
                0x00014344       0x18 _build/nrf52832_xxaa/nrf_fprintf.c.o
                0x00014344                nrf_fprintf_buffer_flush
 .text.nrf_fprintf
                0x0001435c       0x20 _build/nrf52832_xxaa/nrf_fprintf.c.o
                0x0001435c                nrf_fprintf
 .text.unsigned_print
                0x0001437c      0x10c _build/nrf52832_xxaa/nrf_fprintf_format.c.o
 .text.nrf_fprintf_fmt
                0x00014488      0x5c4 _build/nrf52832_xxaa/nrf_fprintf_format.c.o
                0x00014488                nrf_fprintf_fmt
 .text.nrf_memobj_pool_init
                0x00014a4c        0x4 _build/nrf52832_xxaa/nrf_memobj.c.o
                0x00014a4c                nrf_memobj_pool_init
 .text.nrf_memobj_alloc
                0x00014a50       0x84 _build/nrf52832_xxaa/nrf_memobj.c.o
                0x00014a50                nrf_memobj_alloc
 .text.nrf_memobj_get
                0x00014ad4        0x8 _build/nrf52832_xxaa/nrf_memobj.c.o
                0x00014ad4                nrf_memobj_get
 .text.nrf_memobj_put
                0x00014adc       0x44 _build/nrf52832_xxaa/nrf_memobj.c.o
                0x00014adc                nrf_memobj_put
 .text.nrf_memobj_write
                0x00014b20       0x68 _build/nrf52832_xxaa/nrf_memobj.c.o
                0x00014b20                nrf_memobj_write
 .text.nrf_memobj_read
                0x00014b88       0x68 _build/nrf52832_xxaa/nrf_memobj.c.o
                0x00014b88                nrf_memobj_read
 .text.sd_power_system_off
                0x00014bf0        0x4 _build/nrf52832_xxaa/nrf_pwr_mgmt.c.o
 .text.sd_app_evt_wait
                0x00014bf4        0x4 _build/nrf52832_xxaa/nrf_pwr_mgmt.c.o
 .text.nrf_pwr_mgmt_init
                0x00014bf8       0x2c _build/nrf52832_xxaa/nrf_pwr_mgmt.c.o
                0x00014bf8                nrf_pwr_mgmt_init
 .text.nrf_pwr_mgmt_run
                0x00014c24       0x50 _build/nrf52832_xxaa/nrf_pwr_mgmt.c.o
                0x00014c24                nrf_pwr_mgmt_run
 .text.nrf_pwr_mgmt_feed
                0x00014c74        0x4 _build/nrf52832_xxaa/nrf_pwr_mgmt.c.o
                0x00014c74                nrf_pwr_mgmt_feed
 .text.nrf_pwr_mgmt_shutdown
                0x00014c78       0xb4 _build/nrf52832_xxaa/nrf_pwr_mgmt.c.o
                0x00014c78                nrf_pwr_mgmt_shutdown
 .text.nrf_ringbuf_init
                0x00014d2c       0x1c _build/nrf52832_xxaa/nrf_ringbuf.c.o
                0x00014d2c                nrf_ringbuf_init
 .text.nrf_section_iter_init
                0x00014d48       0x14 _build/nrf52832_xxaa/nrf_section_iter.c.o
                0x00014d48                nrf_section_iter_init
 .text.nrf_section_iter_next
                0x00014d5c       0x18 _build/nrf52832_xxaa/nrf_section_iter.c.o
                0x00014d5c                nrf_section_iter_next
 .text.nrf_strerror_get
                0x00014d74       0x6c _build/nrf52832_xxaa/nrf_strerror.c.o
                0x00014d74                nrf_strerror_get
 .text.uarte_evt_handler
                0x00014de0       0x34 _build/nrf52832_xxaa/nrf_drv_uart.c.o
 .text.uart_evt_handler
                0x00014e14       0x34 _build/nrf52832_xxaa/nrf_drv_uart.c.o
 .text.nrf_drv_uart_init
                0x00014e48       0x80 _build/nrf52832_xxaa/nrf_drv_uart.c.o
                0x00014e48                nrf_drv_uart_init
 .text.nrfx_gpiote_init
                0x00014ec8       0x88 _build/nrf52832_xxaa/nrfx_gpiote.c.o
                0x00014ec8                nrfx_gpiote_init
 .text.nrfx_gpiote_is_init
                0x00014f50       0x14 _build/nrf52832_xxaa/nrfx_gpiote.c.o
                0x00014f50                nrfx_gpiote_is_init
 .text.nrfx_gpiote_out_init
                0x00014f64      0x108 _build/nrf52832_xxaa/nrfx_gpiote.c.o
                0x00014f64                nrfx_gpiote_out_init
 .text.nrfx_gpiote_out_set
                0x0001506c       0x10 _build/nrf52832_xxaa/nrfx_gpiote.c.o
                0x0001506c                nrfx_gpiote_out_set
 .text.nrfx_gpiote_out_clear
                0x0001507c       0x10 _build/nrf52832_xxaa/nrfx_gpiote.c.o
                0x0001507c                nrfx_gpiote_out_clear
 .text.nrfx_gpiote_out_toggle
                0x0001508c       0x20 _build/nrf52832_xxaa/nrfx_gpiote.c.o
                0x0001508c                nrfx_gpiote_out_toggle
 .text.nrfx_gpiote_in_init
                0x000150ac      0x1bc _build/nrf52832_xxaa/nrfx_gpiote.c.o
                0x000150ac                nrfx_gpiote_in_init
 .text.nrfx_gpiote_in_event_enable
                0x00015268       0xc4 _build/nrf52832_xxaa/nrfx_gpiote.c.o
                0x00015268                nrfx_gpiote_in_event_enable
 .text.nrfx_gpiote_in_is_set
                0x0001532c       0x14 _build/nrf52832_xxaa/nrfx_gpiote.c.o
                0x0001532c                nrfx_gpiote_in_is_set
 .text.GPIOTE_IRQHandler
                0x00015340      0x548 _build/nrf52832_xxaa/nrfx_gpiote.c.o
                0x00015340                GPIOTE_IRQHandler
 .text.UARTE0_UART0_IRQHandler
                0x00015888        0xc _build/nrf52832_xxaa/nrfx_prs.c.o
                0x00015888                UARTE0_UART0_IRQHandler
 .text.nrfx_prs_acquire
                0x00015894       0x4c _build/nrf52832_xxaa/nrfx_prs.c.o
                0x00015894                nrfx_prs_acquire
 .text.nrfx_prs_release
                0x000158e0       0x18 _build/nrf52832_xxaa/nrfx_prs.c.o
                0x000158e0                nrfx_prs_release
 .text.nrfx_uart_0_irq_handler
                0x000158f8      0x1bc _build/nrf52832_xxaa/nrfx_uart.c.o
                0x000158f8                nrfx_uart_0_irq_handler
 .text.nrfx_uart_init
                0x00015ab4      0x194 _build/nrf52832_xxaa/nrfx_uart.c.o
                0x00015ab4                nrfx_uart_init
 .text.nrfx_uart_uninit
                0x00015c48       0xcc _build/nrf52832_xxaa/nrfx_uart.c.o
                0x00015c48                nrfx_uart_uninit
 .text.nrfx_uart_tx
                0x00015d14       0xcc _build/nrf52832_xxaa/nrfx_uart.c.o
                0x00015d14                nrfx_uart_tx
 .text.nrfx_uarte_0_irq_handler
                0x00015de0      0x11c _build/nrf52832_xxaa/nrfx_uarte.c.o
                0x00015de0                nrfx_uarte_0_irq_handler
 .text.nrfx_uarte_init
                0x00015efc      0x1b8 _build/nrf52832_xxaa/nrfx_uarte.c.o
                0x00015efc                nrfx_uarte_init
 .text.nrfx_uarte_uninit
                0x000160b4       0xd0 _build/nrf52832_xxaa/nrfx_uarte.c.o
                0x000160b4                nrfx_uarte_uninit
 .text.nrfx_uarte_tx
                0x00016184       0xa4 _build/nrf52832_xxaa/nrfx_uarte.c.o
                0x00016184                nrfx_uarte_tx
 .text.sd_ant_channel_open_with_offset
                0x00016228        0x4 _build/nrf52832_xxaa/ant_bpwr.c.o
 .text.ant_bpwr_disp_init
                0x0001622c       0x74 _build/nrf52832_xxaa/ant_bpwr.c.o
                0x0001622c                ant_bpwr_disp_init
 .text.ant_bpwr_disp_open
                0x000162a0       0x34 _build/nrf52832_xxaa/ant_bpwr.c.o
                0x000162a0                ant_bpwr_disp_open
 .text.ant_bpwr_disp_evt_handler
                0x000162d4      0x140 _build/nrf52832_xxaa/ant_bpwr.c.o
                0x000162d4                ant_bpwr_disp_evt_handler
 .text.ant_bpwr_cadence_decode
                0x00016414       0x3c _build/nrf52832_xxaa/ant_bpwr_common_data.c.o
                0x00016414                ant_bpwr_cadence_decode
 .text.ant_bpwr_page_1_decode
                0x00016450      0x144 _build/nrf52832_xxaa/ant_bpwr_page_1.c.o
                0x00016450                ant_bpwr_page_1_decode
 .text.ant_bpwr_page_16_decode
                0x00016594       0x88 _build/nrf52832_xxaa/ant_bpwr_page_16.c.o
                0x00016594                ant_bpwr_page_16_decode
 .text.ant_bpwr_page_17_decode
                0x0001661c       0x34 _build/nrf52832_xxaa/ant_bpwr_page_17.c.o
                0x0001661c                ant_bpwr_page_17_decode
 .text.ant_bpwr_page_18_decode
                0x00016650       0x34 _build/nrf52832_xxaa/ant_bpwr_page_18.c.o
                0x00016650                ant_bpwr_page_18_decode
 .text.ant_bpwr_page_torque_log
                0x00016684       0xa8 _build/nrf52832_xxaa/ant_bpwr_page_torque.c.o
                0x00016684                ant_bpwr_page_torque_log
 .text.ant_bpwr_page_torque_decode
                0x0001672c       0x20 _build/nrf52832_xxaa/ant_bpwr_page_torque.c.o
                0x0001672c                ant_bpwr_page_torque_decode
 .text.sd_ant_channel_assign
                0x0001674c        0x4 _build/nrf52832_xxaa/ant_channel_config.c.o
 .text.sd_ant_channel_radio_freq_set
                0x00016750        0x4 _build/nrf52832_xxaa/ant_channel_config.c.o
 .text.sd_ant_channel_period_set
                0x00016754        0x4 _build/nrf52832_xxaa/ant_channel_config.c.o
 .text.sd_ant_channel_id_set
                0x00016758        0x4 _build/nrf52832_xxaa/ant_channel_config.c.o
 .text.ant_channel_init
                0x0001675c       0x48 _build/nrf52832_xxaa/ant_channel_config.c.o
                0x0001675c                ant_channel_init
 .text.ant_common_page_80_decode
                0x000167a4       0x60 _build/nrf52832_xxaa/ant_common_page_80.c.o
                0x000167a4                ant_common_page_80_decode
 .text.ant_common_page_81_decode
                0x00016804       0x60 _build/nrf52832_xxaa/ant_common_page_81.c.o
                0x00016804                ant_common_page_81_decode
 .text.sd_ant_network_address_set
                0x00016864        0x4 _build/nrf52832_xxaa/ant_key_manager.c.o
 .text.ant_plus_key_set
                0x00016868        0xc _build/nrf52832_xxaa/ant_key_manager.c.o
                0x00016868                ant_plus_key_set
 .text.m_shutdown_handler
                0x00016874       0x1c _build/nrf52832_xxaa/ant_state_indicator.c.o
 .text.ant_evt_handler
                0x00016890       0x78 _build/nrf52832_xxaa/ant_state_indicator.c.o
 .text.ant_state_indicator_channel_opened
                0x00016908       0x24 _build/nrf52832_xxaa/ant_state_indicator.c.o
                0x00016908                ant_state_indicator_channel_opened
 .text.bsp_indication_set
                0x0001692c      0x330 _build/nrf52832_xxaa/bsp.c.o
                0x0001692c                bsp_indication_set
 .text.bsp_event_to_button_action_assign
                0x00016c5c       0x50 _build/nrf52832_xxaa/bsp.c.o
                0x00016c5c                bsp_event_to_button_action_assign
 .text.ant_evt_handler
                0x00016cac       0x78 _build/nrf52832_xxaa/bsp_btn_ant.c.o
 .text.sd_ant_channel_close
                0x00016d24        0x4 _build/nrf52832_xxaa/main.c.o
 .text.sd_ant_channel_id_set
                0x00016d28        0x4 _build/nrf52832_xxaa/main.c.o
 .text.sd_ant_channel_id_get
                0x00016d2c        0x4 _build/nrf52832_xxaa/main.c.o
 .text.ant_bpwr_evt_handler
                0x00016d30       0x1c _build/nrf52832_xxaa/main.c.o
                0x00016d30                ant_bpwr_evt_handler
 .text.test_callback
                0x00016d4c      0x16c _build/nrf52832_xxaa/main.c.o
                0x00016d4c                test_callback
 .text.startup.main
                0x00016eb8      0x12c _build/nrf52832_xxaa/main.c.o
                0x00016eb8                main
 .text.unlikely.NVIC_SystemReset
                0x00016fe4       0x24 _build/nrf52832_xxaa/system_nrf52.c.o
 .text.SystemInit
                0x00017008      0x3e4 _build/nrf52832_xxaa/system_nrf52.c.o
                0x00017008                SystemInit
 .text.sd_softdevice_enable
                0x000173ec        0x4 _build/nrf52832_xxaa/nrf_sdh.c.o
 .text.nrf_sdh_enable_request
                0x000173f0      0x124 _build/nrf52832_xxaa/nrf_sdh.c.o
                0x000173f0                nrf_sdh_enable_request
 .text.nrf_sdh_is_enabled
                0x00017514        0xc _build/nrf52832_xxaa/nrf_sdh.c.o
                0x00017514                nrf_sdh_is_enabled
 .text.SWI2_EGU2_IRQHandler
                0x00017520       0x2c _build/nrf52832_xxaa/nrf_sdh.c.o
                0x00017520                SWI2_EGU2_IRQHandler
 .text.sd_ant_event_get
                0x0001754c        0x4 _build/nrf52832_xxaa/nrf_sdh_ant.c.o
 .text.sd_ant_enable
                0x00017550        0x4 _build/nrf52832_xxaa/nrf_sdh_ant.c.o
 .text.nrf_sdh_ant_evts_poll
                0x00017554       0x5c _build/nrf52832_xxaa/nrf_sdh_ant.c.o
 .text.nrf_sdh_ant_enable
                0x000175b0       0x5c _build/nrf52832_xxaa/nrf_sdh_ant.c.o
                0x000175b0                nrf_sdh_ant_enable
 .text.timeout_handler2
                0x0001760c        0x4 _build/nrf52832_xxaa/triac.c.o
                0x0001760c                timeout_handler2
 .text.in_pin_handler
                0x00017610       0x3c _build/nrf52832_xxaa/triac.c.o
                0x00017610                in_pin_handler
 .text.timeout_handler
                0x0001764c       0x48 _build/nrf52832_xxaa/triac.c.o
                0x0001764c                timeout_handler
 .text.gpio_init
                0x00017694      0x128 _build/nrf52832_xxaa/triac.c.o
                0x00017694                gpio_init
 .text.set_power
                0x000177bc      0x114 _build/nrf52832_xxaa/triac.c.o
                0x000177bc                set_power
 .text.repeat_timeout_handler
                0x000178d0       0xe8 _build/nrf52832_xxaa/mael_btn_led.c.o
                0x000178d0                repeat_timeout_handler
 .text.button_timeout_handler
                0x000179b8      0x1d0 _build/nrf52832_xxaa/mael_btn_led.c.o
                0x000179b8                button_timeout_handler
 .text.button_callback
                0x00017b88       0xe8 _build/nrf52832_xxaa/mael_btn_led.c.o
                0x00017b88                button_callback
 .text.mael_test_leds
                0x00017c70       0xfc _build/nrf52832_xxaa/mael_btn_led.c.o
                0x00017c70                mael_test_leds
 .text.mael_buttons_init
                0x00017d6c      0x154 _build/nrf52832_xxaa/mael_btn_led.c.o
                0x00017d6c                mael_buttons_init
 .text.sd_ant_search_waveform_set
                0x00017ec0        0x4 _build/nrf52832_xxaa/ant_search_config.c.o
 .text.sd_ant_channel_search_timeout_set
                0x00017ec4        0x4 _build/nrf52832_xxaa/ant_search_config.c.o
 .text.sd_ant_search_channel_priority_set
                0x00017ec8        0x4 _build/nrf52832_xxaa/ant_search_config.c.o
 .text.sd_ant_active_search_sharing_cycles_set
                0x00017ecc        0x4 _build/nrf52832_xxaa/ant_search_config.c.o
 .text.sd_ant_channel_low_priority_rx_search_timeout_set
                0x00017ed0        0x4 _build/nrf52832_xxaa/ant_search_config.c.o
 .text.ant_search_init
                0x00017ed4       0x4c _build/nrf52832_xxaa/ant_search_config.c.o
                0x00017ed4                ant_search_init
 .text.exit     0x00017f20       0x28 c:/program files (x86)/gnu tools arm embedded/7 2018-q2-update/bin/../lib/gcc/arm-none-eabi/7.3.1/../../../../arm-none-eabi/lib/thumb/v7e-m/fpv4-sp/hard\libc_nano.a(lib_a-exit.o)
                0x00017f20                exit
 .text.__libc_init_array
                0x00017f48       0x48 c:/program files (x86)/gnu tools arm embedded/7 2018-q2-update/bin/../lib/gcc/arm-none-eabi/7.3.1/../../../../arm-none-eabi/lib/thumb/v7e-m/fpv4-sp/hard\libc_nano.a(lib_a-init.o)
                0x00017f48                __libc_init_array
 .text.__locale_ctype_ptr
                0x00017f90       0x1c c:/program files (x86)/gnu tools arm embedded/7 2018-q2-update/bin/../lib/gcc/arm-none-eabi/7.3.1/../../../../arm-none-eabi/lib/thumb/v7e-m/fpv4-sp/hard\libc_nano.a(lib_a-locale.o)
                0x00017f90                __locale_ctype_ptr
 .text.__ascii_mbtowc
                0x00017fac       0x24 c:/program files (x86)/gnu tools arm embedded/7 2018-q2-update/bin/../lib/gcc/arm-none-eabi/7.3.1/../../../../arm-none-eabi/lib/thumb/v7e-m/fpv4-sp/hard\libc_nano.a(lib_a-mbtowc_r.o)
                0x00017fac                __ascii_mbtowc
 .text.memcpy   0x00017fd0       0x16 c:/program files (x86)/gnu tools arm embedded/7 2018-q2-update/bin/../lib/gcc/arm-none-eabi/7.3.1/../../../../arm-none-eabi/lib/thumb/v7e-m/fpv4-sp/hard\libc_nano.a(lib_a-memcpy-stub.o)
                0x00017fd0                memcpy
 .text.memset   0x00017fe6       0x10 c:/program files (x86)/gnu tools arm embedded/7 2018-q2-update/bin/../lib/gcc/arm-none-eabi/7.3.1/../../../../arm-none-eabi/lib/thumb/v7e-m/fpv4-sp/hard\libc_nano.a(lib_a-memset.o)
                0x00017fe6                memset
 .text          0x00017ff6       0x10 c:/program files (x86)/gnu tools arm embedded/7 2018-q2-update/bin/../lib/gcc/arm-none-eabi/7.3.1/../../../../arm-none-eabi/lib/thumb/v7e-m/fpv4-sp/hard\libc_nano.a(lib_a-strlen.o)
                0x00017ff6                strlen
 .text.__ascii_wctomb
                0x00018006       0x1a c:/program files (x86)/gnu tools arm embedded/7 2018-q2-update/bin/../lib/gcc/arm-none-eabi/7.3.1/../../../../arm-none-eabi/lib/thumb/v7e-m/fpv4-sp/hard\libc_nano.a(lib_a-wctomb_r.o)
                0x00018006                __ascii_wctomb
 .text._exit    0x00018020        0x4 c:/program files (x86)/gnu tools arm embedded/7 2018-q2-update/bin/../lib/gcc/arm-none-eabi/7.3.1/../../../../arm-none-eabi/lib/thumb/v7e-m/fpv4-sp/hard\libnosys.a(_exit.o)
                0x00018020                _exit
 .text          0x00018024      0x378 c:/program files (x86)/gnu tools arm embedded/7 2018-q2-update/bin/../lib/gcc/arm-none-eabi/7.3.1/thumb/v7e-m/fpv4-sp/hard\libgcc.a(_arm_addsubdf3.o)
                0x00018024                __aeabi_drsub
                0x0001802c                __aeabi_dsub
                0x0001802c                __subdf3
                0x00018030                __aeabi_dadd
                0x00018030                __adddf3
                0x000182a8                __floatunsidf
                0x000182a8                __aeabi_ui2d
                0x000182c8                __floatsidf
                0x000182c8                __aeabi_i2d
                0x000182ec                __aeabi_f2d
                0x000182ec                __extendsfdf2
                0x00018330                __floatundidf
                0x00018330                __aeabi_ul2d
                0x00018340                __floatdidf
                0x00018340                __aeabi_l2d
 .text          0x0001839c      0x424 c:/program files (x86)/gnu tools arm embedded/7 2018-q2-update/bin/../lib/gcc/arm-none-eabi/7.3.1/thumb/v7e-m/fpv4-sp/hard\libgcc.a(_arm_muldivdf3.o)
                0x0001839c                __aeabi_dmul
                0x0001839c                __muldf3
                0x000185f0                __divdf3
                0x000185f0                __aeabi_ddiv
 .text          0x000187c0       0x40 c:/program files (x86)/gnu tools arm embedded/7 2018-q2-update/bin/../lib/gcc/arm-none-eabi/7.3.1/thumb/v7e-m/fpv4-sp/hard\libgcc.a(_arm_fixunsdfsi.o)
                0x000187c0                __aeabi_d2uiz
                0x000187c0                __fixunsdfsi
 .text          0x00018800       0x30 c:/program files (x86)/gnu tools arm embedded/7 2018-q2-update/bin/../lib/gcc/arm-none-eabi/7.3.1/thumb/v7e-m/fpv4-sp/hard\libgcc.a(_aeabi_uldivmod.o)
                0x00018800                __aeabi_uldivmod
 .text          0x00018830      0x2cc c:/program files (x86)/gnu tools arm embedded/7 2018-q2-update/bin/../lib/gcc/arm-none-eabi/7.3.1/thumb/v7e-m/fpv4-sp/hard\libgcc.a(_udivmoddi4.o)
                0x00018830                __udivmoddi4
 .text          0x00018afc        0x4 c:/program files (x86)/gnu tools arm embedded/7 2018-q2-update/bin/../lib/gcc/arm-none-eabi/7.3.1/thumb/v7e-m/fpv4-sp/hard\libgcc.a(_dvmd_tls.o)
                0x00018afc                __aeabi_idiv0
                0x00018afc                __aeabi_ldiv0
 *(.init)
 .init          0x00018b00        0x4 c:/program files (x86)/gnu tools arm embedded/7 2018-q2-update/bin/../lib/gcc/arm-none-eabi/7.3.1/thumb/v7e-m/fpv4-sp/hard/crti.o
                0x00018b00                _init
 .init          0x00018b04        0x8 c:/program files (x86)/gnu tools arm embedded/7 2018-q2-update/bin/../lib/gcc/arm-none-eabi/7.3.1/thumb/v7e-m/fpv4-sp/hard/crtn.o
 *(.fini)
 .fini          0x00018b0c        0x4 c:/program files (x86)/gnu tools arm embedded/7 2018-q2-update/bin/../lib/gcc/arm-none-eabi/7.3.1/thumb/v7e-m/fpv4-sp/hard/crti.o
                0x00018b0c                _fini
 .fini          0x00018b10        0x8 c:/program files (x86)/gnu tools arm embedded/7 2018-q2-update/bin/../lib/gcc/arm-none-eabi/7.3.1/thumb/v7e-m/fpv4-sp/hard/crtn.o
 *crtbegin.o(.ctors)
 *crtbegin?.o(.ctors)
 *(EXCLUDE_FILE(*crtend.o *crtend?.o) .ctors)
 *(SORT_BY_NAME(.ctors.*))
 *(.ctors)
 *crtbegin.o(.dtors)
 *crtbegin?.o(.dtors)
 *(EXCLUDE_FILE(*crtend.o *crtend?.o) .dtors)
 *(SORT_BY_NAME(.dtors.*))
 *(.dtors)
 *(.rodata*)
 .rodata        0x00018b18       0x20 _build/nrf52832_xxaa/nrf_log_backend_uart.c.o
 .rodata.nrf_log_backend_uart_api
                0x00018b38        0xc _build/nrf52832_xxaa/nrf_log_backend_uart.c.o
                0x00018b38                nrf_log_backend_uart_api
 .rodata.serial_tx.str1.4
                0x00018b44       0x49 _build/nrf52832_xxaa/nrf_log_backend_uart.c.o
 *fill*         0x00018b8d        0x3 
 .rodata.str1.4
                0x00018b90       0x11 _build/nrf52832_xxaa/nrf_log_default_backends.c.o
 *fill*         0x00018ba1        0x3 
 .rodata.m_log_push_ringbuf
                0x00018ba4        0xc _build/nrf52832_xxaa/nrf_log_frontend.c.o
 .rodata.nrf_log_frontend_dequeue.part.6.str1.4
                0x00018bb0       0x11 _build/nrf52832_xxaa/nrf_log_frontend.c.o
 *fill*         0x00018bc1        0x3 
 .rodata.str1.4
                0x00018bc4        0x4 _build/nrf52832_xxaa/nrf_log_frontend.c.o
 .rodata.m_colors
                0x00018bc8       0x24 _build/nrf52832_xxaa/nrf_log_str_formatter.c.o
 .rodata.nrf_log_hexdump_entry_process.str1.4
                0x00018bec       0x13 _build/nrf52832_xxaa/nrf_log_str_formatter.c.o
                                 0x16 (size before relaxing)
 *fill*         0x00018bff        0x1 
 .rodata.nrf_log_std_entry_process.str1.4
                0x00018c00       0x3b _build/nrf52832_xxaa/nrf_log_str_formatter.c.o
 *fill*         0x00018c3b        0x1 
 .rodata.severity_names
                0x00018c3c       0x14 _build/nrf52832_xxaa/nrf_log_str_formatter.c.o
 .rodata.str1.4
                0x00018c50       0x4e _build/nrf52832_xxaa/nrf_log_str_formatter.c.o
                                 0x56 (size before relaxing)
 *fill*         0x00018c9e        0x2 
 .rodata.m_board_led_list
                0x00018ca0        0x4 _build/nrf52832_xxaa/boards.c.o
 .rodata.m_detection_delay_timer_id
                0x00018ca4        0x4 _build/nrf52832_xxaa/app_button.c.o
 .rodata.app_error_fault_handler.str1.4
                0x00018ca8       0xb4 _build/nrf52832_xxaa/app_error_weak.c.o
 *fill*         0x00018d5c        0x4 
 .rodata.delay_machine_code.8827
                0x00018d60        0x6 _build/nrf52832_xxaa/app_timer.c.o
 *fill*         0x00018d66        0x2 
 .rodata.HardFault_c_handler.str1.4
                0x00018d68      0x136 _build/nrf52832_xxaa/hardfault_implementation.c.o
 *fill*         0x00018e9e        0x2 
 .rodata.cfsr_msgs.9022
                0x00018ea0       0x68 _build/nrf52832_xxaa/hardfault_implementation.c.o
 .rodata.str1.4
                0x00018f08      0x4de _build/nrf52832_xxaa/hardfault_implementation.c.o
 *fill*         0x000193e6        0x2 
 .rodata._aV2C.7442
                0x000193e8       0x10 _build/nrf52832_xxaa/nrf_fprintf_format.c.o
 .rodata.pwr_mgmt_data
                0x000193f8        0xc _build/nrf52832_xxaa/nrf_pwr_mgmt.c.o
 .rodata.str1.4
                0x00019404        0x9 _build/nrf52832_xxaa/nrf_pwr_mgmt.c.o
 *fill*         0x0001940d        0x3 
 .rodata.m_unknown_str
                0x00019410       0x13 _build/nrf52832_xxaa/nrf_strerror.c.o
 *fill*         0x00019423        0x1 
 .rodata.nrf_strerror_array
                0x00019424      0x128 _build/nrf52832_xxaa/nrf_strerror.c.o
 .rodata.str1.4
                0x0001954c      0x3e9 _build/nrf52832_xxaa/nrf_strerror.c.o
 *fill*         0x00019935        0x3 
 .rodata.str1.4
                0x00019938        0x7 _build/nrf52832_xxaa/nrfx_gpiote.c.o
 *fill*         0x0001993f        0x1 
 .rodata.str1.4
                0x00019940        0x4 _build/nrf52832_xxaa/nrfx_prs.c.o
 .rodata.str1.4
                0x00019944        0x5 _build/nrf52832_xxaa/nrfx_uart.c.o
 *fill*         0x00019949        0x3 
 .rodata.str1.4
                0x0001994c        0x6 _build/nrf52832_xxaa/nrfx_uarte.c.o
 *fill*         0x00019952        0x2 
 .rodata        0x00019954        0x8 _build/nrf52832_xxaa/ant_bpwr.c.o
 .rodata.ant_bpwr_disp_evt_handler.str1.4
                0x0001995c       0x2c _build/nrf52832_xxaa/ant_bpwr.c.o
 .rodata.ant_bpwr_disp_init.str1.4
                0x00019988       0x1a _build/nrf52832_xxaa/ant_bpwr.c.o
 *fill*         0x000199a2        0x2 
 .rodata.ant_bpwr_disp_open.str1.4
                0x000199a4       0x12 _build/nrf52832_xxaa/ant_bpwr.c.o
 *fill*         0x000199b6        0x2 
 .rodata.str1.4
                0x000199b8        0x9 _build/nrf52832_xxaa/ant_bpwr.c.o
 *fill*         0x000199c1        0x3 
 .rodata.ant_bpwr_cadence_encode.str1.4
                0x000199c4       0x5f _build/nrf52832_xxaa/ant_bpwr_common_data.c.o
 *fill*         0x00019a23        0x1 
 .rodata.str1.4
                0x00019a24       0x10 _build/nrf52832_xxaa/ant_bpwr_common_data.c.o
 .rodata.ant_bpwr_page_1_encode.str1.4
                0x00019a34       0xf6 _build/nrf52832_xxaa/ant_bpwr_page_1.c.o
 *fill*         0x00019b2a        0x2 
 .rodata.str1.4
                0x00019b2c       0x10 _build/nrf52832_xxaa/ant_bpwr_page_1.c.o
 .rodata.ant_bpwr_page_16_encode.str1.4
                0x00019b3c       0xd1 _build/nrf52832_xxaa/ant_bpwr_page_16.c.o
 *fill*         0x00019c0d        0x3 
 .rodata.str1.4
                0x00019c10       0x11 _build/nrf52832_xxaa/ant_bpwr_page_16.c.o
 *fill*         0x00019c21        0x3 
 .rodata.ant_bpwr_page_17_encode.str1.4
                0x00019c24        0x7 _build/nrf52832_xxaa/ant_bpwr_page_17.c.o
 *fill*         0x00019c2b        0x1 
 .rodata.str1.4
                0x00019c2c       0x11 _build/nrf52832_xxaa/ant_bpwr_page_17.c.o
 *fill*         0x00019c3d        0x3 
 .rodata.ant_bpwr_page_18_encode.str1.4
                0x00019c40        0x7 _build/nrf52832_xxaa/ant_bpwr_page_18.c.o
 *fill*         0x00019c47        0x1 
 .rodata.str1.4
                0x00019c48       0x11 _build/nrf52832_xxaa/ant_bpwr_page_18.c.o
 *fill*         0x00019c59        0x3 
 .rodata.ant_bpwr_page_torque_log.str1.4
                0x00019c5c       0x9e _build/nrf52832_xxaa/ant_bpwr_page_torque.c.o
 *fill*         0x00019cfa        0x2 
 .rodata.str1.4
                0x00019cfc       0x15 _build/nrf52832_xxaa/ant_bpwr_page_torque.c.o
 *fill*         0x00019d11        0x3 
 .rodata.ant_common_page_80_encode.str1.4
                0x00019d14       0x78 _build/nrf52832_xxaa/ant_common_page_80.c.o
 .rodata.str1.4
                0x00019d8c       0x13 _build/nrf52832_xxaa/ant_common_page_80.c.o
 *fill*         0x00019d9f        0x1 
 .rodata.ant_common_page_81_encode.str1.4
                0x00019da0       0x78 _build/nrf52832_xxaa/ant_common_page_81.c.o
 .rodata.str1.4
                0x00019e18       0x13 _build/nrf52832_xxaa/ant_common_page_81.c.o
 *fill*         0x00019e2b        0x1 
 .rodata.m_shutdown_handler.str1.4
                0x00019e2c       0x4e _build/nrf52832_xxaa/ant_state_indicator.c.o
 *fill*         0x00019e7a        0x2 
 .rodata.ant_evt_handler.str1.4
                0x00019e7c       0x3c _build/nrf52832_xxaa/bsp_btn_ant.c.o
 .rodata        0x00019eb8        0x8 _build/nrf52832_xxaa/main.c.o
 .rodata.m_ant_bpwr_channel_bpwr_disp_config
                0x00019ec0        0xc _build/nrf52832_xxaa/main.c.o
 .rodata.m_ant_bpwr_profile_bpwr_disp_config
                0x00019ecc        0x8 _build/nrf52832_xxaa/main.c.o
 .rodata.main.str1.4
                0x00019ed4       0x27 _build/nrf52832_xxaa/main.c.o
 *fill*         0x00019efb        0x1 
 .rodata.test_callback.str1.4
                0x00019efc      0x1e3 _build/nrf52832_xxaa/main.c.o
 *fill*         0x0001a0df        0x1 
 .rodata        0x0001a0e0        0x4 _build/nrf52832_xxaa/nrf_sdh.c.o
 .rodata.nrf_sdh_enable_request.str1.4
                0x0001a0e4       0x64 _build/nrf52832_xxaa/nrf_sdh.c.o
 .rodata.sdh_req_observers
                0x0001a148        0xc _build/nrf52832_xxaa/nrf_sdh.c.o
 .rodata.sdh_stack_observers
                0x0001a154        0xc _build/nrf52832_xxaa/nrf_sdh.c.o
 .rodata.sdh_state_observers
                0x0001a160        0xc _build/nrf52832_xxaa/nrf_sdh.c.o
 .rodata.str1.4
                0x0001a16c        0x8 _build/nrf52832_xxaa/nrf_sdh.c.o
 .rodata        0x0001a174        0xc _build/nrf52832_xxaa/nrf_sdh_ant.c.o
 .rodata.nrf_sdh_ant_enable.str1.4
                0x0001a180       0x1d _build/nrf52832_xxaa/nrf_sdh_ant.c.o
 *fill*         0x0001a19d        0x3 
 .rodata.nrf_sdh_ant_evts_poll.str1.4
                0x0001a1a0       0x40 _build/nrf52832_xxaa/nrf_sdh_ant.c.o
 .rodata.sdh_ant_observers
                0x0001a1e0        0xc _build/nrf52832_xxaa/nrf_sdh_ant.c.o
 .rodata.str1.4
                0x0001a1ec        0xc _build/nrf52832_xxaa/nrf_sdh_ant.c.o
 .rodata.gpio_init.str1.4
                0x0001a1f8       0x54 _build/nrf52832_xxaa/triac.c.o
 .rodata.in_pin_handler.str1.4
                0x0001a24c       0x11 _build/nrf52832_xxaa/triac.c.o
 *fill*         0x0001a25d        0x3 
 .rodata.m_bpwr_timer_id
                0x0001a260        0x4 _build/nrf52832_xxaa/triac.c.o
 .rodata.m_triac_timer_id
                0x0001a264        0x4 _build/nrf52832_xxaa/triac.c.o
 .rodata.set_power.str1.4
                0x0001a268       0x99 _build/nrf52832_xxaa/triac.c.o
 *fill*         0x0001a301        0x3 
 .rodata.button_timeout_handler.str1.4
                0x0001a304       0x18 _build/nrf52832_xxaa/mael_btn_led.c.o
 *fill*         0x0001a31c        0x4 
 .rodata.delay_machine_code.8553
                0x0001a320        0x6 _build/nrf52832_xxaa/mael_btn_led.c.o
 *fill*         0x0001a326        0x2 
 .rodata.m_button_action
                0x0001a328        0x4 _build/nrf52832_xxaa/mael_btn_led.c.o
 .rodata.m_repeat_action
                0x0001a32c        0x4 _build/nrf52832_xxaa/mael_btn_led.c.o
 .rodata.mael_buttons_init.str1.4
                0x0001a330       0x3c _build/nrf52832_xxaa/mael_btn_led.c.o
 .rodata._global_impure_ptr
                0x0001a36c        0x4 c:/program files (x86)/gnu tools arm embedded/7 2018-q2-update/bin/../lib/gcc/arm-none-eabi/7.3.1/../../../../arm-none-eabi/lib/thumb/v7e-m/fpv4-sp/hard\libc_nano.a(lib_a-impure.o)
                0x0001a36c                _global_impure_ptr
 .rodata._setlocale_r.str1.1
                0x0001a370        0x8 c:/program files (x86)/gnu tools arm embedded/7 2018-q2-update/bin/../lib/gcc/arm-none-eabi/7.3.1/../../../../arm-none-eabi/lib/thumb/v7e-m/fpv4-sp/hard\libc_nano.a(lib_a-locale.o)
                                  0x9 (size before relaxing)
 .rodata.str1.1
                0x0001a378        0x2 c:/program files (x86)/gnu tools arm embedded/7 2018-q2-update/bin/../lib/gcc/arm-none-eabi/7.3.1/../../../../arm-none-eabi/lib/thumb/v7e-m/fpv4-sp/hard\libc_nano.a(lib_a-locale.o)
 .rodata._ctype_
                0x0001a37a      0x101 c:/program files (x86)/gnu tools arm embedded/7 2018-q2-update/bin/../lib/gcc/arm-none-eabi/7.3.1/../../../../arm-none-eabi/lib/thumb/v7e-m/fpv4-sp/hard\libc_nano.a(lib_a-ctype_.o)
                0x0001a37a                _ctype_
 *(.eh_frame*)
 *fill*         0x0001a47b        0x1 
 .eh_frame      0x0001a47c        0x0 c:/program files (x86)/gnu tools arm embedded/7 2018-q2-update/bin/../lib/gcc/arm-none-eabi/7.3.1/thumb/v7e-m/fpv4-sp/hard/crtbegin.o
 .eh_frame      0x0001a47c        0x4 c:/program files (x86)/gnu tools arm embedded/7 2018-q2-update/bin/../lib/gcc/arm-none-eabi/7.3.1/thumb/v7e-m/fpv4-sp/hard/crtend.o

.glue_7         0x0001a480        0x0
 .glue_7        0x0001a480        0x0 linker stubs

.glue_7t        0x0001a480        0x0
 .glue_7t       0x0001a480        0x0 linker stubs

.vfp11_veneer   0x0001a480        0x0
 .vfp11_veneer  0x0001a480        0x0 linker stubs

.v4_bx          0x0001a480        0x0
 .v4_bx         0x0001a480        0x0 linker stubs

.iplt           0x0001a480        0x0
 .iplt          0x0001a480        0x0 c:/program files (x86)/gnu tools arm embedded/7 2018-q2-update/bin/../lib/gcc/arm-none-eabi/7.3.1/thumb/v7e-m/fpv4-sp/hard/crtbegin.o

.mem_section_dummy_rom

.pwr_mgmt_data  0x0001a480        0x4
                0x0001a480                PROVIDE (__start_pwr_mgmt_data = .)
 *(SORT_BY_NAME(.pwr_mgmt_data*))
 .pwr_mgmt_data1
                0x0001a480        0x4 _build/nrf52832_xxaa/ant_state_indicator.c.o
                0x0001a484                PROVIDE (__stop_pwr_mgmt_data = .)

.log_const_data
                0x0001a484       0x90
                0x0001a484                PROVIDE (__start_log_const_data = .)
 *(SORT_BY_NAME(.log_const_data*))
 .log_const_data_GPIOTE
                0x0001a484        0x8 _build/nrf52832_xxaa/nrfx_gpiote.c.o
                0x0001a484                m_nrf_log_GPIOTE_logs_data_const
 .log_const_data_PRS
                0x0001a48c        0x8 _build/nrf52832_xxaa/nrfx_prs.c.o
                0x0001a48c                m_nrf_log_PRS_logs_data_const
 .log_const_data_UART
                0x0001a494        0x8 _build/nrf52832_xxaa/nrfx_uart.c.o
                0x0001a494                m_nrf_log_UART_logs_data_const
 .log_const_data_UARTE
                0x0001a49c        0x8 _build/nrf52832_xxaa/nrfx_uarte.c.o
                0x0001a49c                m_nrf_log_UARTE_logs_data_const
 .log_const_data_ant_bpwr
                0x0001a4a4        0x8 _build/nrf52832_xxaa/ant_bpwr.c.o
                0x0001a4a4                m_nrf_log_ant_bpwr_logs_data_const
 .log_const_data_ant_bpwr_common
                0x0001a4ac        0x8 _build/nrf52832_xxaa/ant_bpwr_common_data.c.o
                0x0001a4ac                m_nrf_log_ant_bpwr_common_logs_data_const
 .log_const_data_ant_bpwr_page_1
                0x0001a4b4        0x8 _build/nrf52832_xxaa/ant_bpwr_page_1.c.o
                0x0001a4b4                m_nrf_log_ant_bpwr_page_1_logs_data_const
 .log_const_data_ant_bpwr_page_16
                0x0001a4bc        0x8 _build/nrf52832_xxaa/ant_bpwr_page_16.c.o
                0x0001a4bc                m_nrf_log_ant_bpwr_page_16_logs_data_const
 .log_const_data_ant_bpwr_page_17
                0x0001a4c4        0x8 _build/nrf52832_xxaa/ant_bpwr_page_17.c.o
                0x0001a4c4                m_nrf_log_ant_bpwr_page_17_logs_data_const
 .log_const_data_ant_bpwr_page_18
                0x0001a4cc        0x8 _build/nrf52832_xxaa/ant_bpwr_page_18.c.o
                0x0001a4cc                m_nrf_log_ant_bpwr_page_18_logs_data_const
 .log_const_data_ant_bpwr_page_torque
                0x0001a4d4        0x8 _build/nrf52832_xxaa/ant_bpwr_page_torque.c.o
                0x0001a4d4                m_nrf_log_ant_bpwr_page_torque_logs_data_const
 .log_const_data_ant_common_page_80
                0x0001a4dc        0x8 _build/nrf52832_xxaa/ant_common_page_80.c.o
                0x0001a4dc                m_nrf_log_ant_common_page_80_logs_data_const
 .log_const_data_ant_common_page_81
                0x0001a4e4        0x8 _build/nrf52832_xxaa/ant_common_page_81.c.o
                0x0001a4e4                m_nrf_log_ant_common_page_81_logs_data_const
 .log_const_data_app
                0x0001a4ec        0x8 _build/nrf52832_xxaa/nrf_log_frontend.c.o
                0x0001a4ec                m_nrf_log_app_logs_data_const
 .log_const_data_hardfault
                0x0001a4f4        0x8 _build/nrf52832_xxaa/hardfault_implementation.c.o
                0x0001a4f4                m_nrf_log_hardfault_logs_data_const
 .log_const_data_nrf_sdh
                0x0001a4fc        0x8 _build/nrf52832_xxaa/nrf_sdh.c.o
                0x0001a4fc                m_nrf_log_nrf_sdh_logs_data_const
 .log_const_data_nrf_sdh_ant
                0x0001a504        0x8 _build/nrf52832_xxaa/nrf_sdh_ant.c.o
                0x0001a504                m_nrf_log_nrf_sdh_ant_logs_data_const
 .log_const_data_pwr_mgmt
                0x0001a50c        0x8 _build/nrf52832_xxaa/nrf_pwr_mgmt.c.o
                0x0001a50c                m_nrf_log_pwr_mgmt_logs_data_const
                0x0001a514                PROVIDE (__stop_log_const_data = .)

.sdh_ant_observers
                0x0001a514       0x18
                0x0001a514                PROVIDE (__start_sdh_ant_observers = .)
 *(SORT_BY_NAME(.sdh_ant_observers*))
 .sdh_ant_observers1
                0x0001a514        0x8 _build/nrf52832_xxaa/ant_state_indicator.c.o
 .sdh_ant_observers1
                0x0001a51c        0x8 _build/nrf52832_xxaa/bsp_btn_ant.c.o
 .sdh_ant_observers1
                0x0001a524        0x8 _build/nrf52832_xxaa/main.c.o
                0x0001a52c                PROVIDE (__stop_sdh_ant_observers = .)

.log_backends   0x0001a52c       0x10
                [!provide]                PROVIDE (__start_log_backends = .)
 *(SORT_BY_NAME(.log_backends*))
 .log_backends  0x0001a52c       0x10 _build/nrf52832_xxaa/nrf_log_default_backends.c.o
                [!provide]                PROVIDE (__stop_log_backends = .)

.sdh_stack_observers
                0x0001a53c        0x8
                0x0001a53c                PROVIDE (__start_sdh_stack_observers = .)
 *(SORT_BY_NAME(.sdh_stack_observers*))
 .sdh_stack_observers0
                0x0001a53c        0x8 _build/nrf52832_xxaa/nrf_sdh_ant.c.o
                0x0001a544                PROVIDE (__stop_sdh_stack_observers = .)

.sdh_req_observers
                0x0001a544        0x0
                0x0001a544                PROVIDE (__start_sdh_req_observers = .)
 *(SORT_BY_NAME(.sdh_req_observers*))
                0x0001a544                PROVIDE (__stop_sdh_req_observers = .)

.sdh_state_observers
                0x0001a544        0x0
                0x0001a544                PROVIDE (__start_sdh_state_observers = .)
 *(SORT_BY_NAME(.sdh_state_observers*))
                0x0001a544                PROVIDE (__stop_sdh_state_observers = .)

.nrf_balloc     0x0001a544       0x14
                [!provide]                PROVIDE (__start_nrf_balloc = .)
 *(.nrf_balloc)
 .nrf_balloc    0x0001a544       0x14 _build/nrf52832_xxaa/nrf_log_frontend.c.o
                0x0001a544                log_mempool
                [!provide]                PROVIDE (__stop_nrf_balloc = .)

.ARM.extab
 *(.ARM.extab* .gnu.linkonce.armextab.*)
                0x0001a558                __exidx_start = .

.ARM.exidx      0x0001a558        0x8
 *(.ARM.exidx* .gnu.linkonce.armexidx.*)
 .ARM.exidx     0x0001a558        0x8 c:/program files (x86)/gnu tools arm embedded/7 2018-q2-update/bin/../lib/gcc/arm-none-eabi/7.3.1/../../../../arm-none-eabi/lib/thumb/v7e-m/fpv4-sp/hard/crt0.o
 .ARM.exidx     0x0001a560        0x0 c:/program files (x86)/gnu tools arm embedded/7 2018-q2-update/bin/../lib/gcc/arm-none-eabi/7.3.1/thumb/v7e-m/fpv4-sp/hard\libgcc.a(_udivmoddi4.o)
                                  0x8 (size before relaxing)
                0x0001a560                __exidx_end = .
                0x0001a560                __etext = .

.rel.dyn        0x0001a560        0x0
 .rel.iplt      0x0001a560        0x0 c:/program files (x86)/gnu tools arm embedded/7 2018-q2-update/bin/../lib/gcc/arm-none-eabi/7.3.1/thumb/v7e-m/fpv4-sp/hard/crtbegin.o

.data           0x20000b80      0x224 load address 0x0001a560
                0x20000b80                __data_start__ = .
 *(vtable)
 *(.data*)
 .data.m_uart   0x20000b80       0x14 _build/nrf52832_xxaa/nrf_log_backend_uart.c.o
                0x20000b80                m_uart
 .data.log_backend_cb_uart_log_backend
                0x20000b94        0x8 _build/nrf52832_xxaa/nrf_log_default_backends.c.o
 .data.m_ant_plus_network_key
                0x20000b9c        0x8 _build/nrf52832_xxaa/ant_key_manager.c.o
 .data.m_channel
                0x20000ba4        0x1 _build/nrf52832_xxaa/ant_state_indicator.c.o
 .data.m_channel
                0x20000ba5        0x1 _build/nrf52832_xxaa/bsp_btn_ant.c.o
 *fill*         0x20000ba6        0x2 
 .data.SystemCoreClock
                0x20000ba8        0x4 _build/nrf52832_xxaa/system_nrf52.c.o
                0x20000ba8                SystemCoreClock
 .data.ZC_pulse
                0x20000bac        0x1 _build/nrf52832_xxaa/triac.c.o
                0x20000bac                ZC_pulse
 *fill*         0x20000bad        0x3 
 .data.offset   0x20000bb0        0x4 _build/nrf52832_xxaa/triac.c.o
                0x20000bb0                offset
 .data.button_cfg
                0x20000bb4       0x18 _build/nrf52832_xxaa/mael_btn_led.c.o
 .data._impure_ptr
                0x20000bcc        0x4 c:/program files (x86)/gnu tools arm embedded/7 2018-q2-update/bin/../lib/gcc/arm-none-eabi/7.3.1/../../../../arm-none-eabi/lib/thumb/v7e-m/fpv4-sp/hard\libc_nano.a(lib_a-impure.o)
                0x20000bcc                _impure_ptr
 .data.impure_data
                0x20000bd0       0x60 c:/program files (x86)/gnu tools arm embedded/7 2018-q2-update/bin/../lib/gcc/arm-none-eabi/7.3.1/../../../../arm-none-eabi/lib/thumb/v7e-m/fpv4-sp/hard\libc_nano.a(lib_a-impure.o)
 .data.__global_locale
                0x20000c30      0x16c c:/program files (x86)/gnu tools arm embedded/7 2018-q2-update/bin/../lib/gcc/arm-none-eabi/7.3.1/../../../../arm-none-eabi/lib/thumb/v7e-m/fpv4-sp/hard\libc_nano.a(lib_a-locale.o)
                0x20000c30                __global_locale
                0x20000d9c                . = ALIGN (0x4)
                0x20000d9c                PROVIDE (__preinit_array_start = .)
 *(.preinit_array)
                0x20000d9c                PROVIDE (__preinit_array_end = .)
                0x20000d9c                . = ALIGN (0x4)
                0x20000d9c                PROVIDE (__init_array_start = .)
 *(SORT_BY_NAME(.init_array.*))
 *(.init_array)
 .init_array    0x20000d9c        0x4 c:/program files (x86)/gnu tools arm embedded/7 2018-q2-update/bin/../lib/gcc/arm-none-eabi/7.3.1/thumb/v7e-m/fpv4-sp/hard/crtbegin.o
                0x20000da0                PROVIDE (__init_array_end = .)
                0x20000da0                . = ALIGN (0x4)
                [!provide]                PROVIDE (__fini_array_start = .)
 *(SORT_BY_NAME(.fini_array.*))
 *(.fini_array)
 .fini_array    0x20000da0        0x4 c:/program files (x86)/gnu tools arm embedded/7 2018-q2-update/bin/../lib/gcc/arm-none-eabi/7.3.1/thumb/v7e-m/fpv4-sp/hard/crtbegin.o
                [!provide]                PROVIDE (__fini_array_end = .)
 *(.jcr*)
                0x20000da4                . = ALIGN (0x4)
                0x20000da4                __data_end__ = .
LOAD c:/program files (x86)/gnu tools arm embedded/7 2018-q2-update/bin/../lib/gcc/arm-none-eabi/7.3.1/thumb/v7e-m/fpv4-sp/hard/crti.o
LOAD c:/program files (x86)/gnu tools arm embedded/7 2018-q2-update/bin/../lib/gcc/arm-none-eabi/7.3.1/thumb/v7e-m/fpv4-sp/hard/crtbegin.o
LOAD c:/program files (x86)/gnu tools arm embedded/7 2018-q2-update/bin/../lib/gcc/arm-none-eabi/7.3.1/../../../../arm-none-eabi/lib/thumb/v7e-m/fpv4-sp/hard/crt0.o
LOAD _build/nrf52832_xxaa/gcc_startup_nrf52.S.o
LOAD _build/nrf52832_xxaa/nrf_log_backend_rtt.c.o
LOAD _build/nrf52832_xxaa/nrf_log_backend_serial.c.o
LOAD _build/nrf52832_xxaa/nrf_log_backend_uart.c.o
LOAD _build/nrf52832_xxaa/nrf_log_default_backends.c.o
LOAD _build/nrf52832_xxaa/nrf_log_frontend.c.o
LOAD _build/nrf52832_xxaa/nrf_log_str_formatter.c.o
LOAD _build/nrf52832_xxaa/boards.c.o
LOAD _build/nrf52832_xxaa/app_button.c.o
LOAD _build/nrf52832_xxaa/app_error.c.o
LOAD _build/nrf52832_xxaa/app_error_handler_gcc.c.o
LOAD _build/nrf52832_xxaa/app_error_weak.c.o
LOAD _build/nrf52832_xxaa/app_scheduler.c.o
LOAD _build/nrf52832_xxaa/app_timer.c.o
LOAD _build/nrf52832_xxaa/app_util_platform.c.o
LOAD _build/nrf52832_xxaa/hardfault_handler_gcc.c.o
LOAD _build/nrf52832_xxaa/hardfault_implementation.c.o
LOAD _build/nrf52832_xxaa/nrf_assert.c.o
LOAD _build/nrf52832_xxaa/nrf_atomic.c.o
LOAD _build/nrf52832_xxaa/nrf_balloc.c.o
LOAD _build/nrf52832_xxaa/nrf_fprintf.c.o
LOAD _build/nrf52832_xxaa/nrf_fprintf_format.c.o
LOAD _build/nrf52832_xxaa/nrf_memobj.c.o
LOAD _build/nrf52832_xxaa/nrf_pwr_mgmt.c.o
LOAD _build/nrf52832_xxaa/nrf_ringbuf.c.o
LOAD _build/nrf52832_xxaa/nrf_section_iter.c.o
LOAD _build/nrf52832_xxaa/nrf_strerror.c.o
LOAD _build/nrf52832_xxaa/sensorsim.c.o
LOAD _build/nrf52832_xxaa/nrf_drv_uart.c.o
LOAD _build/nrf52832_xxaa/nrfx_gpiote.c.o
LOAD _build/nrf52832_xxaa/nrfx_prs.c.o
LOAD _build/nrf52832_xxaa/nrfx_uart.c.o
LOAD _build/nrf52832_xxaa/nrfx_uarte.c.o
LOAD _build/nrf52832_xxaa/ant_bpwr.c.o
LOAD _build/nrf52832_xxaa/ant_bpwr_common_data.c.o
LOAD _build/nrf52832_xxaa/ant_bpwr_page_1.c.o
LOAD _build/nrf52832_xxaa/ant_bpwr_page_16.c.o
LOAD _build/nrf52832_xxaa/ant_bpwr_page_17.c.o
LOAD _build/nrf52832_xxaa/ant_bpwr_page_18.c.o
LOAD _build/nrf52832_xxaa/ant_bpwr_page_torque.c.o
LOAD _build/nrf52832_xxaa/ant_bpwr_simulator.c.o
LOAD _build/nrf52832_xxaa/ant_channel_config.c.o
LOAD _build/nrf52832_xxaa/ant_common_page_80.c.o
LOAD _build/nrf52832_xxaa/ant_common_page_81.c.o
LOAD _build/nrf52832_xxaa/ant_key_manager.c.o
LOAD _build/nrf52832_xxaa/ant_state_indicator.c.o
LOAD _build/nrf52832_xxaa/bsp.c.o
LOAD _build/nrf52832_xxaa/bsp_btn_ant.c.o
LOAD _build/nrf52832_xxaa/main.c.o
LOAD _build/nrf52832_xxaa/SEGGER_RTT.c.o
LOAD _build/nrf52832_xxaa/SEGGER_RTT_Syscalls_GCC.c.o
LOAD _build/nrf52832_xxaa/SEGGER_RTT_printf.c.o
LOAD _build/nrf52832_xxaa/system_nrf52.c.o
LOAD _build/nrf52832_xxaa/nrf_sdh.c.o
LOAD _build/nrf52832_xxaa/nrf_sdh_ant.c.o
LOAD _build/nrf52832_xxaa/triac.c.o
LOAD _build/nrf52832_xxaa/mael_btn_led.c.o
LOAD _build/nrf52832_xxaa/ant_search_config.c.o
LOAD c:/program files (x86)/gnu tools arm embedded/7 2018-q2-update/bin/../lib/gcc/arm-none-eabi/7.3.1/../../../../arm-none-eabi/lib/thumb/v7e-m/fpv4-sp/hard\libc_nano.a
LOAD c:/program files (x86)/gnu tools arm embedded/7 2018-q2-update/bin/../lib/gcc/arm-none-eabi/7.3.1/../../../../arm-none-eabi/lib/thumb/v7e-m/fpv4-sp/hard\libnosys.a
LOAD c:/program files (x86)/gnu tools arm embedded/7 2018-q2-update/bin/../lib/gcc/arm-none-eabi/7.3.1/../../../../arm-none-eabi/lib/thumb/v7e-m/fpv4-sp/hard\libm.a
START GROUP
LOAD c:/program files (x86)/gnu tools arm embedded/7 2018-q2-update/bin/../lib/gcc/arm-none-eabi/7.3.1/thumb/v7e-m/fpv4-sp/hard\libgcc.a
LOAD c:/program files (x86)/gnu tools arm embedded/7 2018-q2-update/bin/../lib/gcc/arm-none-eabi/7.3.1/../../../../arm-none-eabi/lib/thumb/v7e-m/fpv4-sp/hard\libg_nano.a
LOAD c:/program files (x86)/gnu tools arm embedded/7 2018-q2-update/bin/../lib/gcc/arm-none-eabi/7.3.1/../../../../arm-none-eabi/lib/thumb/v7e-m/fpv4-sp/hard\libc_nano.a
END GROUP
START GROUP
LOAD c:/program files (x86)/gnu tools arm embedded/7 2018-q2-update/bin/../lib/gcc/arm-none-eabi/7.3.1/thumb/v7e-m/fpv4-sp/hard\libgcc.a
LOAD c:/program files (x86)/gnu tools arm embedded/7 2018-q2-update/bin/../lib/gcc/arm-none-eabi/7.3.1/../../../../arm-none-eabi/lib/thumb/v7e-m/fpv4-sp/hard\libc_nano.a
END GROUP
LOAD c:/program files (x86)/gnu tools arm embedded/7 2018-q2-update/bin/../lib/gcc/arm-none-eabi/7.3.1/thumb/v7e-m/fpv4-sp/hard/crtend.o
LOAD c:/program files (x86)/gnu tools arm embedded/7 2018-q2-update/bin/../lib/gcc/arm-none-eabi/7.3.1/thumb/v7e-m/fpv4-sp/hard/crtn.o
START GROUP
LOAD c:/program files (x86)/gnu tools arm embedded/7 2018-q2-update/bin/../lib/gcc/arm-none-eabi/7.3.1/thumb/v7e-m/fpv4-sp/hard\libgcc.a
LOAD c:/program files (x86)/gnu tools arm embedded/7 2018-q2-update/bin/../lib/gcc/arm-none-eabi/7.3.1/../../../../arm-none-eabi/lib/thumb/v7e-m/fpv4-sp/hard\libc.a
LOAD c:/program files (x86)/gnu tools arm embedded/7 2018-q2-update/bin/../lib/gcc/arm-none-eabi/7.3.1/../../../../arm-none-eabi/lib/thumb/v7e-m/fpv4-sp/hard\libnosys.a
END GROUP

.igot.plt       0x20000da4        0x0 load address 0x0001a784
 .igot.plt      0x20000da4        0x0 c:/program files (x86)/gnu tools arm embedded/7 2018-q2-update/bin/../lib/gcc/arm-none-eabi/7.3.1/thumb/v7e-m/fpv4-sp/hard/crtbegin.o
                0x20000da4                . = ALIGN (0x4)

.mem_section_dummy_ram

.log_dynamic_data
                0x20000da4        0x0
                0x20000da4                PROVIDE (__start_log_dynamic_data = .)
 *(SORT_BY_NAME(.log_dynamic_data*))
                [!provide]                PROVIDE (__stop_log_dynamic_data = .)

.log_filter_data
                0x20000da4        0x0
                [!provide]                PROVIDE (__start_log_filter_data = .)
 *(SORT_BY_NAME(.log_filter_data*))
                [!provide]                PROVIDE (__stop_log_filter_data = .)

.bss            0x20000da8      0xad4 load address 0x0001a788
                0x20000da8                . = ALIGN (0x4)
                0x20000da8                __bss_start__ = .
 *(.bss*)
 .bss           0x20000da8       0x1c c:/program files (x86)/gnu tools arm embedded/7 2018-q2-update/bin/../lib/gcc/arm-none-eabi/7.3.1/thumb/v7e-m/fpv4-sp/hard/crtbegin.o
 .bss.m_async_mode
                0x20000dc4        0x1 _build/nrf52832_xxaa/nrf_log_backend_uart.c.o
 *fill*         0x20000dc5        0x3 
 .bss.m_string_buff
                0x20000dc8       0x40 _build/nrf52832_xxaa/nrf_log_backend_uart.c.o
 .bss.m_xfer_done
                0x20000e08        0x1 _build/nrf52832_xxaa/nrf_log_backend_uart.c.o
 *fill*         0x20000e09        0x3 
 .bss.log_mempool_nrf_balloc_cb
                0x20000e0c        0x8 _build/nrf52832_xxaa/nrf_log_frontend.c.o
 .bss.log_mempool_nrf_balloc_pool_mem
                0x20000e14       0xc0 _build/nrf52832_xxaa/nrf_log_frontend.c.o
 .bss.log_mempool_nrf_balloc_pool_stack
                0x20000ed4        0x8 _build/nrf52832_xxaa/nrf_log_frontend.c.o
 .bss.m_log_data
                0x20000edc      0x424 _build/nrf52832_xxaa/nrf_log_frontend.c.o
 .bss.m_log_push_ringbuf_buf
                0x20001300       0x80 _build/nrf52832_xxaa/nrf_log_frontend.c.o
 .bss.m_log_push_ringbuf_cb
                0x20001380       0x18 _build/nrf52832_xxaa/nrf_log_frontend.c.o
 .bss.m_button_count
                0x20001398        0x1 _build/nrf52832_xxaa/app_button.c.o
 *fill*         0x20001399        0x3 
 .bss.m_detection_delay
                0x2000139c        0x4 _build/nrf52832_xxaa/app_button.c.o
 .bss.m_detection_delay_timer_id_data
                0x200013a0       0x20 _build/nrf52832_xxaa/app_button.c.o
 .bss.m_pin_state
                0x200013c0        0x8 _build/nrf52832_xxaa/app_button.c.o
 .bss.m_pin_transition
                0x200013c8        0x8 _build/nrf52832_xxaa/app_button.c.o
 .bss.mp_buttons
                0x200013d0        0x4 _build/nrf52832_xxaa/app_button.c.o
 .bss.m_error_data.7851
                0x200013d4       0x20 _build/nrf52832_xxaa/app_error.c.o
 .bss.m_queue_end_index
                0x200013f4        0x1 _build/nrf52832_xxaa/app_scheduler.c.o
 *fill*         0x200013f5        0x3 
 .bss.m_queue_event_data
                0x200013f8        0x4 _build/nrf52832_xxaa/app_scheduler.c.o
 .bss.m_queue_event_headers
                0x200013fc        0x4 _build/nrf52832_xxaa/app_scheduler.c.o
 .bss.m_queue_event_size
                0x20001400        0x2 _build/nrf52832_xxaa/app_scheduler.c.o
 .bss.m_queue_size
                0x20001402        0x2 _build/nrf52832_xxaa/app_scheduler.c.o
 .bss.m_queue_start_index
                0x20001404        0x1 _build/nrf52832_xxaa/app_scheduler.c.o
 *fill*         0x20001405        0x3 
 .bss.m_op_queue
                0x20001408      0x10c _build/nrf52832_xxaa/app_timer.c.o
 .bss.m_rtc1_reset
                0x20001514        0x1 _build/nrf52832_xxaa/app_timer.c.o
 .bss.m_rtc1_running
                0x20001515        0x1 _build/nrf52832_xxaa/app_timer.c.o
 *fill*         0x20001516        0x2 
 .bss.m_ticks_elapsed
                0x20001518        0x8 _build/nrf52832_xxaa/app_timer.c.o
 .bss.m_ticks_elapsed_q_read_ind
                0x20001520        0x1 _build/nrf52832_xxaa/app_timer.c.o
 .bss.m_ticks_elapsed_q_write_ind
                0x20001521        0x1 _build/nrf52832_xxaa/app_timer.c.o
 *fill*         0x20001522        0x2 
 .bss.m_ticks_latest
                0x20001524        0x4 _build/nrf52832_xxaa/app_timer.c.o
 .bss.mp_timer_id_head
                0x20001528        0x4 _build/nrf52832_xxaa/app_timer.c.o
 .bss.m_handlers_iter
                0x2000152c        0x8 _build/nrf52832_xxaa/nrf_pwr_mgmt.c.o
 .bss.m_pwr_mgmt_evt
                0x20001534        0x1 _build/nrf52832_xxaa/nrf_pwr_mgmt.c.o
 .bss.m_shutdown_started
                0x20001535        0x1 _build/nrf52832_xxaa/nrf_pwr_mgmt.c.o
 *fill*         0x20001536        0x2 
 .bss.m_sysoff_mtx
                0x20001538        0x4 _build/nrf52832_xxaa/nrf_pwr_mgmt.c.o
 .bss.m_contexts
                0x2000153c        0x4 _build/nrf52832_xxaa/nrf_drv_uart.c.o
 .bss.m_handlers
                0x20001540        0x4 _build/nrf52832_xxaa/nrf_drv_uart.c.o
 .bss.m_cb      0x20001544       0x5c _build/nrf52832_xxaa/nrfx_gpiote.c.o
 .bss.m_prs_box_4
                0x200015a0        0x8 _build/nrf52832_xxaa/nrfx_prs.c.o
 .bss.m_cb      0x200015a8       0x2c _build/nrf52832_xxaa/nrfx_uart.c.o
 .bss.m_cb      0x200015d4       0x24 _build/nrf52832_xxaa/nrfx_uarte.c.o
 .bss.m_channel_type
                0x200015f8        0x1 _build/nrf52832_xxaa/ant_state_indicator.c.o
 .bss.m_alert_on
                0x200015f9        0x1 _build/nrf52832_xxaa/bsp.c.o
 *fill*         0x200015fa        0x2 
 .bss.m_bsp_alert_tmr_data
                0x200015fc       0x20 _build/nrf52832_xxaa/bsp.c.o
 .bss.m_bsp_leds_tmr_data
                0x2000161c       0x20 _build/nrf52832_xxaa/bsp.c.o
 .bss.m_events_list
                0x2000163c        0x9 _build/nrf52832_xxaa/bsp.c.o
 *fill*         0x20001645        0x3 
 .bss.m_indication_type
                0x20001648        0x4 _build/nrf52832_xxaa/bsp.c.o
 .bss.m_leds_clear
                0x2000164c        0x1 _build/nrf52832_xxaa/bsp.c.o
 .bss.m_stable_state
                0x2000164d        0x1 _build/nrf52832_xxaa/bsp.c.o
 .bss.m_channel_type
                0x2000164e        0x1 _build/nrf52832_xxaa/bsp_btn_ant.c.o
 .bss.m_connected
                0x2000164f        0x1 _build/nrf52832_xxaa/bsp_btn_ant.c.o
 .bss.APP_SCHED_BUF.10706
                0x20001650       0xb0 _build/nrf52832_xxaa/main.c.o
 .bss.m_ant_bpwr
                0x20001700       0x38 _build/nrf52832_xxaa/main.c.o
 .bss.m_ant_bpwr_bpwr_disp_cb
                0x20001738        0x2 _build/nrf52832_xxaa/main.c.o
 .bss.m_nrf_sdh_continue
                0x2000173a        0x1 _build/nrf52832_xxaa/nrf_sdh.c.o
 .bss.m_nrf_sdh_enabled
                0x2000173b        0x1 _build/nrf52832_xxaa/nrf_sdh.c.o
 .bss.m_nrf_sdh_suspended
                0x2000173c        0x1 _build/nrf52832_xxaa/nrf_sdh.c.o
 *fill*         0x2000173d        0x3 
 .bss.m_ant_stack_buffer
                0x20001740       0x80 _build/nrf52832_xxaa/nrf_sdh_ant.c.o
 .bss.m_stack_is_enabled
                0x200017c0        0x1 _build/nrf52832_xxaa/nrf_sdh_ant.c.o
 *fill*         0x200017c1        0x3 
 .bss.m_bpwr_timer_id_data
                0x200017c4       0x20 _build/nrf52832_xxaa/triac.c.o
 .bss.m_triac_timer_id_data
                0x200017e4       0x20 _build/nrf52832_xxaa/triac.c.o
 .bss.p_avg     0x20001804        0x2 _build/nrf52832_xxaa/triac.c.o
                0x20001804                p_avg
 *fill*         0x20001806        0x2 
 .bss.time      0x20001808        0x4 _build/nrf52832_xxaa/triac.c.o
                0x20001808                time
 .bss.time_diff
                0x2000180c        0x4 _build/nrf52832_xxaa/triac.c.o
                0x2000180c                time_diff
 .bss.time_old  0x20001810        0x4 _build/nrf52832_xxaa/triac.c.o
                0x20001810                time_old
 .bss.btn_1_press_count
                0x20001814        0x1 _build/nrf52832_xxaa/mael_btn_led.c.o
 .bss.btn_2_press_count
                0x20001815        0x1 _build/nrf52832_xxaa/mael_btn_led.c.o
 .bss.btn_3_press_count
                0x20001816        0x1 _build/nrf52832_xxaa/mael_btn_led.c.o
 *fill*         0x20001817        0x1 
 .bss.cnt_1     0x20001818        0x4 _build/nrf52832_xxaa/mael_btn_led.c.o
 .bss.cnt_2     0x2000181c        0x4 _build/nrf52832_xxaa/mael_btn_led.c.o
 .bss.cnt_3     0x20001820        0x4 _build/nrf52832_xxaa/mael_btn_led.c.o
 .bss.long_press_active_1
                0x20001824        0x1 _build/nrf52832_xxaa/mael_btn_led.c.o
 .bss.long_press_active_2
                0x20001825        0x1 _build/nrf52832_xxaa/mael_btn_led.c.o
 .bss.long_press_active_3
                0x20001826        0x1 _build/nrf52832_xxaa/mael_btn_led.c.o
 *fill*         0x20001827        0x1 
 .bss.m_button_action_data
                0x20001828       0x20 _build/nrf52832_xxaa/mael_btn_led.c.o
 .bss.m_registered_callback
                0x20001848        0x4 _build/nrf52832_xxaa/mael_btn_led.c.o
 .bss.m_repeat_action_data
                0x2000184c       0x20 _build/nrf52832_xxaa/mael_btn_led.c.o
 *(COMMON)
 COMMON         0x2000186c        0xc _build/nrf52832_xxaa/app_util_platform.c.o
                0x2000186c                nrf_nvic_state
 COMMON         0x20001878        0x1 _build/nrf52832_xxaa/nrf_drv_uart.c.o
                0x20001878                nrf_drv_uart_use_easy_dma
                0x2000187c                . = ALIGN (0x4)
 *fill*         0x20001879        0x3 
                0x2000187c                __bss_end__ = .

.heap           0x20001880     0x2000
                0x20001880                __HeapBase = .
                0x20001880                __end__ = .
                [!provide]                PROVIDE (end = .)
 *(.heap*)
 .heap          0x20001880     0x2000 _build/nrf52832_xxaa/gcc_startup_nrf52.S.o
                0x20003880                __HeapLimit = .

.stack_dummy    0x20001880     0x2000
 *(.stack*)
 .stack         0x20001880     0x2000 _build/nrf52832_xxaa/gcc_startup_nrf52.S.o
                0x20010000                __StackTop = (ORIGIN (RAM) + LENGTH (RAM))
                0x2000e000                __StackLimit = (__StackTop - SIZEOF (.stack_dummy))
                0x20010000                PROVIDE (__stack = __StackTop)
                0x00000001                ASSERT ((__StackLimit >= __HeapLimit), region RAM overflowed with stack)
                0x00000228                DataInitFlashUsed = (__bss_start__ - __data_start__)
                0x00008560                CodeFlashUsed = (__etext - ORIGIN (FLASH))
                0x00008788                TotalFlashUsed = (CodeFlashUsed + DataInitFlashUsed)
                0x00000001                ASSERT ((TotalFlashUsed <= LENGTH (FLASH)), region FLASH overflowed with .data and user data)
OUTPUT(_build/nrf52832_xxaa.out elf32-littlearm)

.ARM.attributes
                0x00000000       0x30
 .ARM.attributes
                0x00000000       0x22 c:/program files (x86)/gnu tools arm embedded/7 2018-q2-update/bin/../lib/gcc/arm-none-eabi/7.3.1/thumb/v7e-m/fpv4-sp/hard/crti.o
 .ARM.attributes
                0x00000022       0x34 c:/program files (x86)/gnu tools arm embedded/7 2018-q2-update/bin/../lib/gcc/arm-none-eabi/7.3.1/thumb/v7e-m/fpv4-sp/hard/crtbegin.o
 .ARM.attributes
                0x00000056       0x20 c:/program files (x86)/gnu tools arm embedded/7 2018-q2-update/bin/../lib/gcc/arm-none-eabi/7.3.1/../../../../arm-none-eabi/lib/thumb/v7e-m/fpv4-sp/hard/crt0.o
 .ARM.attributes
                0x00000076       0x20 _build/nrf52832_xxaa/gcc_startup_nrf52.S.o
 .ARM.attributes
                0x00000096       0x39 _build/nrf52832_xxaa/nrf_log_backend_serial.c.o
 .ARM.attributes
                0x000000cf       0x39 _build/nrf52832_xxaa/nrf_log_backend_uart.c.o
 .ARM.attributes
                0x00000108       0x39 _build/nrf52832_xxaa/nrf_log_default_backends.c.o
 .ARM.attributes
                0x00000141       0x39 _build/nrf52832_xxaa/nrf_log_frontend.c.o
 .ARM.attributes
                0x0000017a       0x39 _build/nrf52832_xxaa/nrf_log_str_formatter.c.o
 .ARM.attributes
                0x000001b3       0x39 _build/nrf52832_xxaa/boards.c.o
 .ARM.attributes
                0x000001ec       0x39 _build/nrf52832_xxaa/app_button.c.o
 .ARM.attributes
                0x00000225       0x39 _build/nrf52832_xxaa/app_error.c.o
 .ARM.attributes
                0x0000025e       0x39 _build/nrf52832_xxaa/app_error_handler_gcc.c.o
 .ARM.attributes
                0x00000297       0x39 _build/nrf52832_xxaa/app_error_weak.c.o
 .ARM.attributes
                0x000002d0       0x39 _build/nrf52832_xxaa/app_scheduler.c.o
 .ARM.attributes
                0x00000309       0x39 _build/nrf52832_xxaa/app_timer.c.o
 .ARM.attributes
                0x00000342       0x39 _build/nrf52832_xxaa/app_util_platform.c.o
 .ARM.attributes
                0x0000037b       0x39 _build/nrf52832_xxaa/hardfault_handler_gcc.c.o
 .ARM.attributes
                0x000003b4       0x39 _build/nrf52832_xxaa/hardfault_implementation.c.o
 .ARM.attributes
                0x000003ed       0x39 _build/nrf52832_xxaa/nrf_atomic.c.o
 .ARM.attributes
                0x00000426       0x39 _build/nrf52832_xxaa/nrf_balloc.c.o
 .ARM.attributes
                0x0000045f       0x39 _build/nrf52832_xxaa/nrf_fprintf.c.o
 .ARM.attributes
                0x00000498       0x39 _build/nrf52832_xxaa/nrf_fprintf_format.c.o
 .ARM.attributes
                0x000004d1       0x39 _build/nrf52832_xxaa/nrf_memobj.c.o
 .ARM.attributes
                0x0000050a       0x39 _build/nrf52832_xxaa/nrf_pwr_mgmt.c.o
 .ARM.attributes
                0x00000543       0x39 _build/nrf52832_xxaa/nrf_ringbuf.c.o
 .ARM.attributes
                0x0000057c       0x39 _build/nrf52832_xxaa/nrf_section_iter.c.o
 .ARM.attributes
                0x000005b5       0x39 _build/nrf52832_xxaa/nrf_strerror.c.o
 .ARM.attributes
                0x000005ee       0x39 _build/nrf52832_xxaa/nrf_drv_uart.c.o
 .ARM.attributes
                0x00000627       0x39 _build/nrf52832_xxaa/nrfx_gpiote.c.o
 .ARM.attributes
                0x00000660       0x39 _build/nrf52832_xxaa/nrfx_prs.c.o
 .ARM.attributes
                0x00000699       0x39 _build/nrf52832_xxaa/nrfx_uart.c.o
 .ARM.attributes
                0x000006d2       0x39 _build/nrf52832_xxaa/nrfx_uarte.c.o
 .ARM.attributes
                0x0000070b       0x39 _build/nrf52832_xxaa/ant_bpwr.c.o
 .ARM.attributes
                0x00000744       0x39 _build/nrf52832_xxaa/ant_bpwr_common_data.c.o
 .ARM.attributes
                0x0000077d       0x39 _build/nrf52832_xxaa/ant_bpwr_page_1.c.o
 .ARM.attributes
                0x000007b6       0x39 _build/nrf52832_xxaa/ant_bpwr_page_16.c.o
 .ARM.attributes
                0x000007ef       0x39 _build/nrf52832_xxaa/ant_bpwr_page_17.c.o
 .ARM.attributes
                0x00000828       0x39 _build/nrf52832_xxaa/ant_bpwr_page_18.c.o
 .ARM.attributes
                0x00000861       0x39 _build/nrf52832_xxaa/ant_bpwr_page_torque.c.o
 .ARM.attributes
                0x0000089a       0x39 _build/nrf52832_xxaa/ant_channel_config.c.o
 .ARM.attributes
                0x000008d3       0x39 _build/nrf52832_xxaa/ant_common_page_80.c.o
 .ARM.attributes
                0x0000090c       0x39 _build/nrf52832_xxaa/ant_common_page_81.c.o
 .ARM.attributes
                0x00000945       0x39 _build/nrf52832_xxaa/ant_key_manager.c.o
 .ARM.attributes
                0x0000097e       0x39 _build/nrf52832_xxaa/ant_state_indicator.c.o
 .ARM.attributes
                0x000009b7       0x39 _build/nrf52832_xxaa/bsp.c.o
 .ARM.attributes
                0x000009f0       0x39 _build/nrf52832_xxaa/bsp_btn_ant.c.o
 .ARM.attributes
                0x00000a29       0x39 _build/nrf52832_xxaa/main.c.o
 .ARM.attributes
                0x00000a62       0x39 _build/nrf52832_xxaa/system_nrf52.c.o
 .ARM.attributes
                0x00000a9b       0x39 _build/nrf52832_xxaa/nrf_sdh.c.o
 .ARM.attributes
                0x00000ad4       0x39 _build/nrf52832_xxaa/nrf_sdh_ant.c.o
 .ARM.attributes
                0x00000b0d       0x39 _build/nrf52832_xxaa/triac.c.o
 .ARM.attributes
                0x00000b46       0x39 _build/nrf52832_xxaa/mael_btn_led.c.o
 .ARM.attributes
                0x00000b7f       0x39 _build/nrf52832_xxaa/ant_search_config.c.o
 .ARM.attributes
                0x00000bb8       0x34 c:/program files (x86)/gnu tools arm embedded/7 2018-q2-update/bin/../lib/gcc/arm-none-eabi/7.3.1/../../../../arm-none-eabi/lib/thumb/v7e-m/fpv4-sp/hard\libc_nano.a(lib_a-exit.o)
 .ARM.attributes
                0x00000bec       0x34 c:/program files (x86)/gnu tools arm embedded/7 2018-q2-update/bin/../lib/gcc/arm-none-eabi/7.3.1/../../../../arm-none-eabi/lib/thumb/v7e-m/fpv4-sp/hard\libc_nano.a(lib_a-impure.o)
 .ARM.attributes
                0x00000c20       0x34 c:/program files (x86)/gnu tools arm embedded/7 2018-q2-update/bin/../lib/gcc/arm-none-eabi/7.3.1/../../../../arm-none-eabi/lib/thumb/v7e-m/fpv4-sp/hard\libc_nano.a(lib_a-init.o)
 .ARM.attributes
                0x00000c54       0x34 c:/program files (x86)/gnu tools arm embedded/7 2018-q2-update/bin/../lib/gcc/arm-none-eabi/7.3.1/../../../../arm-none-eabi/lib/thumb/v7e-m/fpv4-sp/hard\libc_nano.a(lib_a-locale.o)
 .ARM.attributes
                0x00000c88       0x34 c:/program files (x86)/gnu tools arm embedded/7 2018-q2-update/bin/../lib/gcc/arm-none-eabi/7.3.1/../../../../arm-none-eabi/lib/thumb/v7e-m/fpv4-sp/hard\libc_nano.a(lib_a-mbtowc_r.o)
 .ARM.attributes
                0x00000cbc       0x34 c:/program files (x86)/gnu tools arm embedded/7 2018-q2-update/bin/../lib/gcc/arm-none-eabi/7.3.1/../../../../arm-none-eabi/lib/thumb/v7e-m/fpv4-sp/hard\libc_nano.a(lib_a-memcpy-stub.o)
 .ARM.attributes
                0x00000cf0       0x34 c:/program files (x86)/gnu tools arm embedded/7 2018-q2-update/bin/../lib/gcc/arm-none-eabi/7.3.1/../../../../arm-none-eabi/lib/thumb/v7e-m/fpv4-sp/hard\libc_nano.a(lib_a-memset.o)
 .ARM.attributes
                0x00000d24       0x1b c:/program files (x86)/gnu tools arm embedded/7 2018-q2-update/bin/../lib/gcc/arm-none-eabi/7.3.1/../../../../arm-none-eabi/lib/thumb/v7e-m/fpv4-sp/hard\libc_nano.a(lib_a-strlen.o)
 .ARM.attributes
                0x00000d3f       0x34 c:/program files (x86)/gnu tools arm embedded/7 2018-q2-update/bin/../lib/gcc/arm-none-eabi/7.3.1/../../../../arm-none-eabi/lib/thumb/v7e-m/fpv4-sp/hard\libc_nano.a(lib_a-wctomb_r.o)
 .ARM.attributes
                0x00000d73       0x34 c:/program files (x86)/gnu tools arm embedded/7 2018-q2-update/bin/../lib/gcc/arm-none-eabi/7.3.1/../../../../arm-none-eabi/lib/thumb/v7e-m/fpv4-sp/hard\libc_nano.a(lib_a-ctype_.o)
 .ARM.attributes
                0x00000da7       0x34 c:/program files (x86)/gnu tools arm embedded/7 2018-q2-update/bin/../lib/gcc/arm-none-eabi/7.3.1/../../../../arm-none-eabi/lib/thumb/v7e-m/fpv4-sp/hard\libnosys.a(_exit.o)
 .ARM.attributes
                0x00000ddb       0x22 c:/program files (x86)/gnu tools arm embedded/7 2018-q2-update/bin/../lib/gcc/arm-none-eabi/7.3.1/thumb/v7e-m/fpv4-sp/hard\libgcc.a(_arm_addsubdf3.o)
 .ARM.attributes
                0x00000dfd       0x22 c:/program files (x86)/gnu tools arm embedded/7 2018-q2-update/bin/../lib/gcc/arm-none-eabi/7.3.1/thumb/v7e-m/fpv4-sp/hard\libgcc.a(_arm_muldivdf3.o)
 .ARM.attributes
                0x00000e1f       0x22 c:/program files (x86)/gnu tools arm embedded/7 2018-q2-update/bin/../lib/gcc/arm-none-eabi/7.3.1/thumb/v7e-m/fpv4-sp/hard\libgcc.a(_arm_fixunsdfsi.o)
 .ARM.attributes
                0x00000e41       0x22 c:/program files (x86)/gnu tools arm embedded/7 2018-q2-update/bin/../lib/gcc/arm-none-eabi/7.3.1/thumb/v7e-m/fpv4-sp/hard\libgcc.a(_aeabi_uldivmod.o)
 .ARM.attributes
                0x00000e63       0x34 c:/program files (x86)/gnu tools arm embedded/7 2018-q2-update/bin/../lib/gcc/arm-none-eabi/7.3.1/thumb/v7e-m/fpv4-sp/hard\libgcc.a(_udivmoddi4.o)
 .ARM.attributes
                0x00000e97       0x22 c:/program files (x86)/gnu tools arm embedded/7 2018-q2-update/bin/../lib/gcc/arm-none-eabi/7.3.1/thumb/v7e-m/fpv4-sp/hard\libgcc.a(_dvmd_tls.o)
 .ARM.attributes
                0x00000eb9       0x34 c:/program files (x86)/gnu tools arm embedded/7 2018-q2-update/bin/../lib/gcc/arm-none-eabi/7.3.1/thumb/v7e-m/fpv4-sp/hard/crtend.o
 .ARM.attributes
                0x00000eed       0x22 c:/program files (x86)/gnu tools arm embedded/7 2018-q2-update/bin/../lib/gcc/arm-none-eabi/7.3.1/thumb/v7e-m/fpv4-sp/hard/crtn.o

.comment        0x00000000       0x7f
 .comment       0x00000000       0x7f _build/nrf52832_xxaa/nrf_log_backend_serial.c.o
                                 0x80 (size before relaxing)
 .comment       0x0000007f       0x80 _build/nrf52832_xxaa/nrf_log_backend_uart.c.o
 .comment       0x0000007f       0x80 _build/nrf52832_xxaa/nrf_log_default_backends.c.o
 .comment       0x0000007f       0x80 _build/nrf52832_xxaa/nrf_log_frontend.c.o
 .comment       0x0000007f       0x80 _build/nrf52832_xxaa/nrf_log_str_formatter.c.o
 .comment       0x0000007f       0x80 _build/nrf52832_xxaa/boards.c.o
 .comment       0x0000007f       0x80 _build/nrf52832_xxaa/app_button.c.o
 .comment       0x0000007f       0x80 _build/nrf52832_xxaa/app_error.c.o
 .comment       0x0000007f       0x80 _build/nrf52832_xxaa/app_error_handler_gcc.c.o
 .comment       0x0000007f       0x80 _build/nrf52832_xxaa/app_error_weak.c.o
 .comment       0x0000007f       0x80 _build/nrf52832_xxaa/app_scheduler.c.o
 .comment       0x0000007f       0x80 _build/nrf52832_xxaa/app_timer.c.o
 .comment       0x0000007f       0x80 _build/nrf52832_xxaa/app_util_platform.c.o
 .comment       0x0000007f       0x80 _build/nrf52832_xxaa/hardfault_handler_gcc.c.o
 .comment       0x0000007f       0x80 _build/nrf52832_xxaa/hardfault_implementation.c.o
 .comment       0x0000007f       0x80 _build/nrf52832_xxaa/nrf_atomic.c.o
 .comment       0x0000007f       0x80 _build/nrf52832_xxaa/nrf_balloc.c.o
 .comment       0x0000007f       0x80 _build/nrf52832_xxaa/nrf_fprintf.c.o
 .comment       0x0000007f       0x80 _build/nrf52832_xxaa/nrf_fprintf_format.c.o
 .comment       0x0000007f       0x80 _build/nrf52832_xxaa/nrf_memobj.c.o
 .comment       0x0000007f       0x80 _build/nrf52832_xxaa/nrf_pwr_mgmt.c.o
 .comment       0x0000007f       0x80 _build/nrf52832_xxaa/nrf_ringbuf.c.o
 .comment       0x0000007f       0x80 _build/nrf52832_xxaa/nrf_section_iter.c.o
 .comment       0x0000007f       0x80 _build/nrf52832_xxaa/nrf_strerror.c.o
 .comment       0x0000007f       0x80 _build/nrf52832_xxaa/nrf_drv_uart.c.o
 .comment       0x0000007f       0x80 _build/nrf52832_xxaa/nrfx_gpiote.c.o
 .comment       0x0000007f       0x80 _build/nrf52832_xxaa/nrfx_prs.c.o
 .comment       0x0000007f       0x80 _build/nrf52832_xxaa/nrfx_uart.c.o
 .comment       0x0000007f       0x80 _build/nrf52832_xxaa/nrfx_uarte.c.o
 .comment       0x0000007f       0x80 _build/nrf52832_xxaa/ant_bpwr.c.o
 .comment       0x0000007f       0x80 _build/nrf52832_xxaa/ant_bpwr_common_data.c.o
 .comment       0x0000007f       0x80 _build/nrf52832_xxaa/ant_bpwr_page_1.c.o
 .comment       0x0000007f       0x80 _build/nrf52832_xxaa/ant_bpwr_page_16.c.o
 .comment       0x0000007f       0x80 _build/nrf52832_xxaa/ant_bpwr_page_17.c.o
 .comment       0x0000007f       0x80 _build/nrf52832_xxaa/ant_bpwr_page_18.c.o
 .comment       0x0000007f       0x80 _build/nrf52832_xxaa/ant_bpwr_page_torque.c.o
 .comment       0x0000007f       0x80 _build/nrf52832_xxaa/ant_channel_config.c.o
 .comment       0x0000007f       0x80 _build/nrf52832_xxaa/ant_common_page_80.c.o
 .comment       0x0000007f       0x80 _build/nrf52832_xxaa/ant_common_page_81.c.o
 .comment       0x0000007f       0x80 _build/nrf52832_xxaa/ant_key_manager.c.o
 .comment       0x0000007f       0x80 _build/nrf52832_xxaa/ant_state_indicator.c.o
 .comment       0x0000007f       0x80 _build/nrf52832_xxaa/bsp.c.o
 .comment       0x0000007f       0x80 _build/nrf52832_xxaa/bsp_btn_ant.c.o
 .comment       0x0000007f       0x80 _build/nrf52832_xxaa/main.c.o
 .comment       0x0000007f       0x80 _build/nrf52832_xxaa/system_nrf52.c.o
 .comment       0x0000007f       0x80 _build/nrf52832_xxaa/nrf_sdh.c.o
 .comment       0x0000007f       0x80 _build/nrf52832_xxaa/nrf_sdh_ant.c.o
 .comment       0x0000007f       0x80 _build/nrf52832_xxaa/triac.c.o
 .comment       0x0000007f       0x80 _build/nrf52832_xxaa/mael_btn_led.c.o
 .comment       0x0000007f       0x80 _build/nrf52832_xxaa/ant_search_config.c.o

.debug_line     0x00000000    0x1cd33
 .debug_line    0x00000000       0x89 _build/nrf52832_xxaa/gcc_startup_nrf52.S.o
 .debug_line    0x00000089      0x8ba _build/nrf52832_xxaa/nrf_log_backend_serial.c.o
 .debug_line    0x00000943      0xb5a _build/nrf52832_xxaa/nrf_log_backend_uart.c.o
 .debug_line    0x0000149d      0x835 _build/nrf52832_xxaa/nrf_log_default_backends.c.o
 .debug_line    0x00001cd2      0xf93 _build/nrf52832_xxaa/nrf_log_frontend.c.o
 .debug_line    0x00002c65      0x92d _build/nrf52832_xxaa/nrf_log_str_formatter.c.o
 .debug_line    0x00003592      0x9ad _build/nrf52832_xxaa/boards.c.o
 .debug_line    0x00003f3f      0x9cc _build/nrf52832_xxaa/app_button.c.o
 .debug_line    0x0000490b      0x531 _build/nrf52832_xxaa/app_error.c.o
 .debug_line    0x00004e3c      0x5cc _build/nrf52832_xxaa/app_error_handler_gcc.c.o
 .debug_line    0x00005408      0x8a1 _build/nrf52832_xxaa/app_error_weak.c.o
 .debug_line    0x00005ca9      0x760 _build/nrf52832_xxaa/app_scheduler.c.o
 .debug_line    0x00006409      0xd51 _build/nrf52832_xxaa/app_timer.c.o
 .debug_line    0x0000715a      0x647 _build/nrf52832_xxaa/app_util_platform.c.o
 .debug_line    0x000077a1      0x57d _build/nrf52832_xxaa/hardfault_handler_gcc.c.o
 .debug_line    0x00007d1e      0x911 _build/nrf52832_xxaa/hardfault_implementation.c.o
 .debug_line    0x0000862f      0x71a _build/nrf52832_xxaa/nrf_atomic.c.o
 .debug_line    0x00008d49      0x807 _build/nrf52832_xxaa/nrf_balloc.c.o
 .debug_line    0x00009550      0x5b3 _build/nrf52832_xxaa/nrf_fprintf.c.o
 .debug_line    0x00009b03      0x7b0 _build/nrf52832_xxaa/nrf_fprintf_format.c.o
 .debug_line    0x0000a2b3      0x8e4 _build/nrf52832_xxaa/nrf_memobj.c.o
 .debug_line    0x0000ab97      0xc73 _build/nrf52832_xxaa/nrf_pwr_mgmt.c.o
 .debug_line    0x0000b80a      0x79a _build/nrf52832_xxaa/nrf_ringbuf.c.o
 .debug_line    0x0000bfa4      0x5bd _build/nrf52832_xxaa/nrf_section_iter.c.o
 .debug_line    0x0000c561      0x5c0 _build/nrf52832_xxaa/nrf_strerror.c.o
 .debug_line    0x0000cb21      0x89a _build/nrf52832_xxaa/nrf_drv_uart.c.o
 .debug_line    0x0000d3bb     0x13b9 _build/nrf52832_xxaa/nrfx_gpiote.c.o
 .debug_line    0x0000e774      0x9a1 _build/nrf52832_xxaa/nrfx_prs.c.o
 .debug_line    0x0000f115     0x109b _build/nrf52832_xxaa/nrfx_uart.c.o
 .debug_line    0x000101b0      0xfc3 _build/nrf52832_xxaa/nrfx_uarte.c.o
 .debug_line    0x00011173      0xba9 _build/nrf52832_xxaa/ant_bpwr.c.o
 .debug_line    0x00011d1c      0x762 _build/nrf52832_xxaa/ant_bpwr_common_data.c.o
 .debug_line    0x0001247e      0x7fe _build/nrf52832_xxaa/ant_bpwr_page_1.c.o
 .debug_line    0x00012c7c      0x77d _build/nrf52832_xxaa/ant_bpwr_page_16.c.o
 .debug_line    0x000133f9      0x713 _build/nrf52832_xxaa/ant_bpwr_page_17.c.o
 .debug_line    0x00013b0c      0x713 _build/nrf52832_xxaa/ant_bpwr_page_18.c.o
 .debug_line    0x0001421f      0x819 _build/nrf52832_xxaa/ant_bpwr_page_torque.c.o
 .debug_line    0x00014a38      0x60e _build/nrf52832_xxaa/ant_channel_config.c.o
 .debug_line    0x00015046      0x776 _build/nrf52832_xxaa/ant_common_page_80.c.o
 .debug_line    0x000157bc      0x734 _build/nrf52832_xxaa/ant_common_page_81.c.o
 .debug_line    0x00015ef0      0x67e _build/nrf52832_xxaa/ant_key_manager.c.o
 .debug_line    0x0001656e      0xa80 _build/nrf52832_xxaa/ant_state_indicator.c.o
 .debug_line    0x00016fee      0xc7c _build/nrf52832_xxaa/bsp.c.o
 .debug_line    0x00017c6a      0x9fb _build/nrf52832_xxaa/bsp_btn_ant.c.o
 .debug_line    0x00018665     0x116c _build/nrf52832_xxaa/main.c.o
 .debug_line    0x000197d1      0x4d3 _build/nrf52832_xxaa/system_nrf52.c.o
 .debug_line    0x00019ca4      0xa04 _build/nrf52832_xxaa/nrf_sdh.c.o
 .debug_line    0x0001a6a8      0x7ee _build/nrf52832_xxaa/nrf_sdh_ant.c.o
 .debug_line    0x0001ae96      0xb36 _build/nrf52832_xxaa/triac.c.o
 .debug_line    0x0001b9cc      0xd4e _build/nrf52832_xxaa/mael_btn_led.c.o
 .debug_line    0x0001c71a      0x619 _build/nrf52832_xxaa/ant_search_config.c.o

.debug_info     0x00000000    0x425a9
 .debug_info    0x00000000       0x26 _build/nrf52832_xxaa/gcc_startup_nrf52.S.o
 .debug_info    0x00000026     0x1125 _build/nrf52832_xxaa/nrf_log_backend_serial.c.o
 .debug_info    0x0000114b     0x1af6 _build/nrf52832_xxaa/nrf_log_backend_uart.c.o
 .debug_info    0x00002c41      0xccc _build/nrf52832_xxaa/nrf_log_default_backends.c.o
 .debug_info    0x0000390d     0x392c _build/nrf52832_xxaa/nrf_log_frontend.c.o
 .debug_info    0x00007239     0x1380 _build/nrf52832_xxaa/nrf_log_str_formatter.c.o
 .debug_info    0x000085b9     0x14e5 _build/nrf52832_xxaa/boards.c.o
 .debug_info    0x00009a9e      0xf13 _build/nrf52832_xxaa/app_button.c.o
 .debug_info    0x0000a9b1      0xaeb _build/nrf52832_xxaa/app_error.c.o
 .debug_info    0x0000b49c      0x978 _build/nrf52832_xxaa/app_error_handler_gcc.c.o
 .debug_info    0x0000be14      0xeb7 _build/nrf52832_xxaa/app_error_weak.c.o
 .debug_info    0x0000cccb      0xd4e _build/nrf52832_xxaa/app_scheduler.c.o
 .debug_info    0x0000da19     0x23d3 _build/nrf52832_xxaa/app_timer.c.o
 .debug_info    0x0000fdec     0x11a4 _build/nrf52832_xxaa/app_util_platform.c.o
 .debug_info    0x00010f90      0x917 _build/nrf52832_xxaa/hardfault_handler_gcc.c.o
 .debug_info    0x000118a7     0x10c9 _build/nrf52832_xxaa/hardfault_implementation.c.o
 .debug_info    0x00012970     0x122a _build/nrf52832_xxaa/nrf_atomic.c.o
 .debug_info    0x00013b9a      0xd94 _build/nrf52832_xxaa/nrf_balloc.c.o
 .debug_info    0x0001492e      0xaa8 _build/nrf52832_xxaa/nrf_fprintf.c.o
 .debug_info    0x000153d6     0x11eb _build/nrf52832_xxaa/nrf_fprintf_format.c.o
 .debug_info    0x000165c1     0x136c _build/nrf52832_xxaa/nrf_memobj.c.o
 .debug_info    0x0001792d     0x1c36 _build/nrf52832_xxaa/nrf_pwr_mgmt.c.o
 .debug_info    0x00019563      0xe3a _build/nrf52832_xxaa/nrf_ringbuf.c.o
 .debug_info    0x0001a39d      0xa21 _build/nrf52832_xxaa/nrf_section_iter.c.o
 .debug_info    0x0001adbe      0xaa2 _build/nrf52832_xxaa/nrf_strerror.c.o
 .debug_info    0x0001b860     0x193f _build/nrf52832_xxaa/nrf_drv_uart.c.o
 .debug_info    0x0001d19f     0x398b _build/nrf52832_xxaa/nrfx_gpiote.c.o
 .debug_info    0x00020b2a     0x10d0 _build/nrf52832_xxaa/nrfx_prs.c.o
 .debug_info    0x00021bfa     0x383f _build/nrf52832_xxaa/nrfx_uart.c.o
 .debug_info    0x00025439     0x3576 _build/nrf52832_xxaa/nrfx_uarte.c.o
 .debug_info    0x000289af     0x20d1 _build/nrf52832_xxaa/ant_bpwr.c.o
 .debug_info    0x0002aa80      0xc96 _build/nrf52832_xxaa/ant_bpwr_common_data.c.o
 .debug_info    0x0002b716     0x1186 _build/nrf52832_xxaa/ant_bpwr_page_1.c.o
 .debug_info    0x0002c89c      0xe52 _build/nrf52832_xxaa/ant_bpwr_page_16.c.o
 .debug_info    0x0002d6ee      0xc5f _build/nrf52832_xxaa/ant_bpwr_page_17.c.o
 .debug_info    0x0002e34d      0xc5f _build/nrf52832_xxaa/ant_bpwr_page_18.c.o
 .debug_info    0x0002efac      0xdf9 _build/nrf52832_xxaa/ant_bpwr_page_torque.c.o
 .debug_info    0x0002fda5      0xd58 _build/nrf52832_xxaa/ant_channel_config.c.o
 .debug_info    0x00030afd      0xdbb _build/nrf52832_xxaa/ant_common_page_80.c.o
 .debug_info    0x000318b8      0xd5f _build/nrf52832_xxaa/ant_common_page_81.c.o
 .debug_info    0x00032617      0xbfb _build/nrf52832_xxaa/ant_key_manager.c.o
 .debug_info    0x00033212      0xfc9 _build/nrf52832_xxaa/ant_state_indicator.c.o
 .debug_info    0x000341db     0x2160 _build/nrf52832_xxaa/bsp.c.o
 .debug_info    0x0003633b      0xf78 _build/nrf52832_xxaa/bsp_btn_ant.c.o
 .debug_info    0x000372b3     0x221b _build/nrf52832_xxaa/main.c.o
 .debug_info    0x000394ce     0x1140 _build/nrf52832_xxaa/system_nrf52.c.o
 .debug_info    0x0003a60e     0x1d97 _build/nrf52832_xxaa/nrf_sdh.c.o
 .debug_info    0x0003c3a5     0x12e5 _build/nrf52832_xxaa/nrf_sdh_ant.c.o
 .debug_info    0x0003d68a     0x136e _build/nrf52832_xxaa/triac.c.o
 .debug_info    0x0003e9f8     0x2ddd _build/nrf52832_xxaa/mael_btn_led.c.o
 .debug_info    0x000417d5      0xdd4 _build/nrf52832_xxaa/ant_search_config.c.o

.debug_abbrev   0x00000000     0x9e4a
 .debug_abbrev  0x00000000       0x14 _build/nrf52832_xxaa/gcc_startup_nrf52.S.o
 .debug_abbrev  0x00000014      0x27f _build/nrf52832_xxaa/nrf_log_backend_serial.c.o
 .debug_abbrev  0x00000293      0x3bf _build/nrf52832_xxaa/nrf_log_backend_uart.c.o
 .debug_abbrev  0x00000652      0x256 _build/nrf52832_xxaa/nrf_log_default_backends.c.o