Archive member included to satisfy reference by file (symbol)

c:/program files (x86)/gnu tools arm embedded/7 2018-q2-update/bin/../lib/gcc/arm-none-eabi/7.3.1/../../../../arm-none-eabi/lib/thumb/v7e-m/fpv4-sp/hard\libc_nano.a(lib_a-exit.o)
                              c:/program files (x86)/gnu tools arm embedded/7 2018-q2-update/bin/../lib/gcc/arm-none-eabi/7.3.1/../../../../arm-none-eabi/lib/thumb/v7e-m/fpv4-sp/hard/crt0.o (exit)
c:/program files (x86)/gnu tools arm embedded/7 2018-q2-update/bin/../lib/gcc/arm-none-eabi/7.3.1/../../../../arm-none-eabi/lib/thumb/v7e-m/fpv4-sp/hard\libc_nano.a(lib_a-impure.o)
                              c:/program files (x86)/gnu tools arm embedded/7 2018-q2-update/bin/../lib/gcc/arm-none-eabi/7.3.1/../../../../arm-none-eabi/lib/thumb/v7e-m/fpv4-sp/hard\libc_nano.a(lib_a-exit.o) (_global_impure_ptr)
c:/program files (x86)/gnu tools arm embedded/7 2018-q2-update/bin/../lib/gcc/arm-none-eabi/7.3.1/../../../../arm-none-eabi/lib/thumb/v7e-m/fpv4-sp/hard\libc_nano.a(lib_a-init.o)
                              c:/program files (x86)/gnu tools arm embedded/7 2018-q2-update/bin/../lib/gcc/arm-none-eabi/7.3.1/../../../../arm-none-eabi/lib/thumb/v7e-m/fpv4-sp/hard/crt0.o (__libc_init_array)
c:/program files (x86)/gnu tools arm embedded/7 2018-q2-update/bin/../lib/gcc/arm-none-eabi/7.3.1/../../../../arm-none-eabi/lib/thumb/v7e-m/fpv4-sp/hard\libc_nano.a(lib_a-locale.o)
                              _build/nrf52832_xxaa/nrf_log_str_formatter.c.o (__locale_ctype_ptr)
c:/program files (x86)/gnu tools arm embedded/7 2018-q2-update/bin/../lib/gcc/arm-none-eabi/7.3.1/../../../../arm-none-eabi/lib/thumb/v7e-m/fpv4-sp/hard\libc_nano.a(lib_a-mbtowc_r.o)
                              c:/program files (x86)/gnu tools arm embedded/7 2018-q2-update/bin/../lib/gcc/arm-none-eabi/7.3.1/../../../../arm-none-eabi/lib/thumb/v7e-m/fpv4-sp/hard\libc_nano.a(lib_a-locale.o) (__ascii_mbtowc)
c:/program files (x86)/gnu tools arm embedded/7 2018-q2-update/bin/../lib/gcc/arm-none-eabi/7.3.1/../../../../arm-none-eabi/lib/thumb/v7e-m/fpv4-sp/hard\libc_nano.a(lib_a-memcpy-stub.o)
                              _build/nrf52832_xxaa/nrf_log_frontend.c.o (memcpy)
c:/program files (x86)/gnu tools arm embedded/7 2018-q2-update/bin/../lib/gcc/arm-none-eabi/7.3.1/../../../../arm-none-eabi/lib/thumb/v7e-m/fpv4-sp/hard\libc_nano.a(lib_a-memset.o)
                              c:/program files (x86)/gnu tools arm embedded/7 2018-q2-update/bin/../lib/gcc/arm-none-eabi/7.3.1/../../../../arm-none-eabi/lib/thumb/v7e-m/fpv4-sp/hard/crt0.o (memset)
c:/program files (x86)/gnu tools arm embedded/7 2018-q2-update/bin/../lib/gcc/arm-none-eabi/7.3.1/../../../../arm-none-eabi/lib/thumb/v7e-m/fpv4-sp/hard\libc_nano.a(lib_a-strcmp.o)
                              c:/program files (x86)/gnu tools arm embedded/7 2018-q2-update/bin/../lib/gcc/arm-none-eabi/7.3.1/../../../../arm-none-eabi/lib/thumb/v7e-m/fpv4-sp/hard\libc_nano.a(lib_a-locale.o) (strcmp)
c:/program files (x86)/gnu tools arm embedded/7 2018-q2-update/bin/../lib/gcc/arm-none-eabi/7.3.1/../../../../arm-none-eabi/lib/thumb/v7e-m/fpv4-sp/hard\libc_nano.a(lib_a-strcpy.o)
                              _build/nrf52832_xxaa/SEGGER_RTT.c.o (strcpy)
c:/program files (x86)/gnu tools arm embedded/7 2018-q2-update/bin/../lib/gcc/arm-none-eabi/7.3.1/../../../../arm-none-eabi/lib/thumb/v7e-m/fpv4-sp/hard\libc_nano.a(lib_a-strlen.o)
                              _build/nrf52832_xxaa/nrf_log_frontend.c.o (strlen)
c:/program files (x86)/gnu tools arm embedded/7 2018-q2-update/bin/../lib/gcc/arm-none-eabi/7.3.1/../../../../arm-none-eabi/lib/thumb/v7e-m/fpv4-sp/hard\libc_nano.a(lib_a-wctomb_r.o)
                              c:/program files (x86)/gnu tools arm embedded/7 2018-q2-update/bin/../lib/gcc/arm-none-eabi/7.3.1/../../../../arm-none-eabi/lib/thumb/v7e-m/fpv4-sp/hard\libc_nano.a(lib_a-locale.o) (__ascii_wctomb)
c:/program files (x86)/gnu tools arm embedded/7 2018-q2-update/bin/../lib/gcc/arm-none-eabi/7.3.1/../../../../arm-none-eabi/lib/thumb/v7e-m/fpv4-sp/hard\libc_nano.a(lib_a-ctype_.o)
                              c:/program files (x86)/gnu tools arm embedded/7 2018-q2-update/bin/../lib/gcc/arm-none-eabi/7.3.1/../../../../arm-none-eabi/lib/thumb/v7e-m/fpv4-sp/hard\libc_nano.a(lib_a-locale.o) (_ctype_)
c:/program files (x86)/gnu tools arm embedded/7 2018-q2-update/bin/../lib/gcc/arm-none-eabi/7.3.1/../../../../arm-none-eabi/lib/thumb/v7e-m/fpv4-sp/hard\libnosys.a(_exit.o)
                              c:/program files (x86)/gnu tools arm embedded/7 2018-q2-update/bin/../lib/gcc/arm-none-eabi/7.3.1/../../../../arm-none-eabi/lib/thumb/v7e-m/fpv4-sp/hard\libc_nano.a(lib_a-exit.o) (_exit)

Allocating common symbols
Common symbol       size              file

nrf_drv_uart_use_easy_dma
                    0x1               _build/nrf52832_xxaa/nrf_drv_uart.c.o
_SEGGER_RTT         0x78              _build/nrf52832_xxaa/SEGGER_RTT.c.o

Discarded input sections

[...]
Memory Configuration

Name             Origin             Length             Attributes
FLASH            0x00000000         0x00080000         xr
RAM              0x20000000         0x00010000         xrw
*default*        0x00000000         0xffffffff

Linker script and memory map


.text           0x00000000     0x3f00
 *(.isr_vector)
 .isr_vector    0x00000000      0x200 _build/nrf52832_xxaa/gcc_startup_nrf52.S.o
                0x00000000                __isr_vector
 *(.text*)
 .text          0x00000200       0x40 c:/program files (x86)/gnu tools arm embedded/7 2018-q2-update/bin/../lib/gcc/arm-none-eabi/7.3.1/thumb/v7e-m/fpv4-sp/hard/crtbegin.o
 .text          0x00000240       0x74 c:/program files (x86)/gnu tools arm embedded/7 2018-q2-update/bin/../lib/gcc/arm-none-eabi/7.3.1/../../../../arm-none-eabi/lib/thumb/v7e-m/fpv4-sp/hard/crt0.o
                0x00000240                _start
                0x00000240                _mainCRTStartup
 .text          0x000002b4       0x3c _build/nrf52832_xxaa/gcc_startup_nrf52.S.o
                0x000002b4                Reset_Handler
                0x000002dc                NMI_Handler
                0x000002de                HardFault_Handler
                0x000002e0                MemoryManagement_Handler
                0x000002e2                BusFault_Handler
                0x000002e4                UsageFault_Handler
                0x000002e6                SVC_Handler
                0x000002e8                DebugMon_Handler
                0x000002ea                PendSV_Handler
                0x000002ec                SysTick_Handler
                0x000002ee                RADIO_IRQHandler
                0x000002ee                PDM_IRQHandler
                0x000002ee                TEMP_IRQHandler
                0x000002ee                QDEC_IRQHandler
                0x000002ee                RTC0_IRQHandler
                0x000002ee                FPU_IRQHandler
                0x000002ee                SPIM0_SPIS0_TWIM0_TWIS0_SPI0_TWI0_IRQHandler
                0x000002ee                PWM1_IRQHandler
                0x000002ee                POWER_CLOCK_IRQHandler
                0x000002ee                I2S_IRQHandler
                0x000002ee                SWI4_EGU4_IRQHandler
                0x000002ee                TIMER3_IRQHandler
                0x000002ee                TIMER2_IRQHandler
                0x000002ee                TIMER1_IRQHandler
                0x000002ee                PWM2_IRQHandler
                0x000002ee                ECB_IRQHandler
                0x000002ee                SPIM1_SPIS1_TWIM1_TWIS1_SPI1_TWI1_IRQHandler
                0x000002ee                Default_Handler
                0x000002ee                SAADC_IRQHandler
                0x000002ee                CCM_AAR_IRQHandler
                0x000002ee                WDT_IRQHandler
                0x000002ee                TIMER4_IRQHandler
                0x000002ee                SWI5_EGU5_IRQHandler
                0x000002ee                RNG_IRQHandler
                0x000002ee                RTC2_IRQHandler
                0x000002ee                PWM0_IRQHandler
                0x000002ee                SWI3_EGU3_IRQHandler
                0x000002ee                SWI1_EGU1_IRQHandler
                0x000002ee                SPIM2_SPIS2_SPI2_IRQHandler
                0x000002ee                NFCT_IRQHandler
                0x000002ee                SWI2_EGU2_IRQHandler
                0x000002ee                MWU_IRQHandler
                0x000002ee                TIMER0_IRQHandler
                0x000002ee                COMP_LPCOMP_IRQHandler
 .text.nrf_log_backend_serial_put
                0x000002f0       0xd4 _build/nrf52832_xxaa/nrf_log_backend_serial.c.o
                0x000002f0                nrf_log_backend_serial_put
 .text.uart_evt_handler
                0x000003c4        0xc _build/nrf52832_xxaa/nrf_log_backend_uart.c.o
 .text.nrf_log_backend_uart_flush
                0x000003d0        0x4 _build/nrf52832_xxaa/nrf_log_backend_uart.c.o
 .text.nrf_log_backend_uart_put
                0x000003d4       0x20 _build/nrf52832_xxaa/nrf_log_backend_uart.c.o
 .text.serial_tx
                0x000003f4       0x4c _build/nrf52832_xxaa/nrf_log_backend_uart.c.o
 .text.nrf_log_backend_uart_panic_set
                0x00000440       0x60 _build/nrf52832_xxaa/nrf_log_backend_uart.c.o
 .text.nrf_log_backend_uart_init
                0x000004a0       0x48 _build/nrf52832_xxaa/nrf_log_backend_uart.c.o
                0x000004a0                nrf_log_backend_uart_init
 .text.nrf_log_default_backends_init
                0x000004e8       0x20 _build/nrf52832_xxaa/nrf_log_default_backends.c.o
                0x000004e8                nrf_log_default_backends_init
 .text.log_skip
                0x00000508       0xd4 _build/nrf52832_xxaa/nrf_log_frontend.c.o
 .text.nrf_log_init
                0x000005dc       0x3c _build/nrf52832_xxaa/nrf_log_frontend.c.o
                0x000005dc                nrf_log_init
 .text.nrf_log_module_name_get
                0x00000618       0x58 _build/nrf52832_xxaa/nrf_log_frontend.c.o
                0x00000618                nrf_log_module_name_get
 .text.nrf_log_color_id_get
                0x00000670       0x2c _build/nrf52832_xxaa/nrf_log_frontend.c.o
                0x00000670                nrf_log_color_id_get
 .text.nrf_log_frontend_std_0
                0x0000069c       0xe4 _build/nrf52832_xxaa/nrf_log_frontend.c.o
                0x0000069c                nrf_log_frontend_std_0
 .text.nrf_log_frontend_dequeue.part.6
                0x00000780      0x264 _build/nrf52832_xxaa/nrf_log_frontend.c.o
 .text.nrf_log_frontend_dequeue
                0x000009e4       0x18 _build/nrf52832_xxaa/nrf_log_frontend.c.o
                0x000009e4                nrf_log_frontend_dequeue
 .text.nrf_log_backend_add
                0x000009fc       0x68 _build/nrf52832_xxaa/nrf_log_frontend.c.o
                0x000009fc                nrf_log_backend_add
 .text.nrf_log_panic
                0x00000a64       0x2c _build/nrf52832_xxaa/nrf_log_frontend.c.o
                0x00000a64                nrf_log_panic
 .text.nrf_log_std_entry_process
                0x00000a90      0x14c _build/nrf52832_xxaa/nrf_log_str_formatter.c.o
                0x00000a90                nrf_log_std_entry_process
 .text.nrf_log_hexdump_entry_process
                0x00000bdc      0x160 _build/nrf52832_xxaa/nrf_log_str_formatter.c.o
                0x00000bdc                nrf_log_hexdump_entry_process
 .text.detection_delay_timeout_handler
                0x00000d3c      0x120 _build/nrf52832_xxaa/app_button.c.o
 .text.gpiote_event_handler
                0x00000e5c       0xa8 _build/nrf52832_xxaa/app_button.c.o
 .text.app_button_init
                0x00000f04       0xb0 _build/nrf52832_xxaa/app_button.c.o
                0x00000f04                app_button_init
 .text.app_button_enable
                0x00000fb4       0x2c _build/nrf52832_xxaa/app_button.c.o
                0x00000fb4                app_button_enable
 .text.app_error_handler_bare
                0x00000fe0       0x20 _build/nrf52832_xxaa/app_error.c.o
                0x00000fe0                app_error_handler_bare
 .text.app_error_fault_handler
                0x00001000       0x70 _build/nrf52832_xxaa/app_error_weak.c.o
                0x00001000                app_error_fault_handler
 .text.RTC1_IRQHandler
                0x00001070       0xa0 _build/nrf52832_xxaa/app_timer.c.o
                0x00001070                RTC1_IRQHandler
 .text.SWI0_EGU0_IRQHandler
                0x00001110      0x394 _build/nrf52832_xxaa/app_timer.c.o
                0x00001110                SWI0_EGU0_IRQHandler
 .text.app_timer_init
                0x000014a4       0xa8 _build/nrf52832_xxaa/app_timer.c.o
                0x000014a4                app_timer_init
 .text.app_timer_create
                0x0000154c       0x24 _build/nrf52832_xxaa/app_timer.c.o
                0x0000154c                app_timer_create
 .text.app_timer_start
                0x00001570       0x9c _build/nrf52832_xxaa/app_timer.c.o
                0x00001570                app_timer_start
 .text.app_timer_stop
                0x0000160c       0x68 _build/nrf52832_xxaa/app_timer.c.o
                0x0000160c                app_timer_stop
 .text.app_util_critical_region_enter
                0x00001674       0x10 _build/nrf52832_xxaa/app_util_platform.c.o
                0x00001674                app_util_critical_region_enter
 .text.app_util_critical_region_exit
                0x00001684       0x14 _build/nrf52832_xxaa/app_util_platform.c.o
                0x00001684                app_util_critical_region_exit
 .text.nrf_atomic_u32_fetch_store
                0x00001698       0x14 _build/nrf52832_xxaa/nrf_atomic.c.o
                0x00001698                nrf_atomic_u32_fetch_store
 .text.nrf_atomic_u32_add
                0x000016ac       0x18 _build/nrf52832_xxaa/nrf_atomic.c.o
                0x000016ac                nrf_atomic_u32_add
 .text.nrf_atomic_u32_sub
                0x000016c4       0x18 _build/nrf52832_xxaa/nrf_atomic.c.o
                0x000016c4                nrf_atomic_u32_sub
 .text.nrf_atomic_flag_set
                0x000016dc       0x18 _build/nrf52832_xxaa/nrf_atomic.c.o
                0x000016dc                nrf_atomic_flag_set
 .text.nrf_atomic_flag_clear_fetch
                0x000016f4       0x18 _build/nrf52832_xxaa/nrf_atomic.c.o
                0x000016f4                nrf_atomic_flag_clear_fetch
 .text.nrf_balloc_init
                0x0000170c       0x38 _build/nrf52832_xxaa/nrf_balloc.c.o
                0x0000170c                nrf_balloc_init
 .text.nrf_balloc_alloc
                0x00001744       0x44 _build/nrf52832_xxaa/nrf_balloc.c.o
                0x00001744                nrf_balloc_alloc
 .text.nrf_balloc_free
                0x00001788       0x2c _build/nrf52832_xxaa/nrf_balloc.c.o
                0x00001788                nrf_balloc_free
 .text.nrf_fprintf_buffer_flush
                0x000017b4       0x18 _build/nrf52832_xxaa/nrf_fprintf.c.o
                0x000017b4                nrf_fprintf_buffer_flush
 .text.nrf_fprintf
                0x000017cc       0x20 _build/nrf52832_xxaa/nrf_fprintf.c.o
                0x000017cc                nrf_fprintf
 .text.unsigned_print
                0x000017ec      0x148 _build/nrf52832_xxaa/nrf_fprintf_format.c.o
 .text.nrf_fprintf_fmt
                0x00001934      0x6e4 _build/nrf52832_xxaa/nrf_fprintf_format.c.o
                0x00001934                nrf_fprintf_fmt
 .text.nrf_memobj_pool_init
                0x00002018        0x4 _build/nrf52832_xxaa/nrf_memobj.c.o
                0x00002018                nrf_memobj_pool_init
 .text.nrf_memobj_alloc
                0x0000201c       0x84 _build/nrf52832_xxaa/nrf_memobj.c.o
                0x0000201c                nrf_memobj_alloc
 .text.nrf_memobj_get
                0x000020a0        0x8 _build/nrf52832_xxaa/nrf_memobj.c.o
                0x000020a0                nrf_memobj_get
 .text.nrf_memobj_put
                0x000020a8       0x44 _build/nrf52832_xxaa/nrf_memobj.c.o
                0x000020a8                nrf_memobj_put
 .text.nrf_memobj_write
                0x000020ec       0x68 _build/nrf52832_xxaa/nrf_memobj.c.o
                0x000020ec                nrf_memobj_write
 .text.nrf_memobj_read
                0x00002154       0x68 _build/nrf52832_xxaa/nrf_memobj.c.o
                0x00002154                nrf_memobj_read
 .text.nrf_ringbuf_init
                0x000021bc       0x1c _build/nrf52832_xxaa/nrf_ringbuf.c.o
                0x000021bc                nrf_ringbuf_init
 .text.uarte_evt_handler
                0x000021d8       0x34 _build/nrf52832_xxaa/nrf_drv_uart.c.o
 .text.uart_evt_handler
                0x0000220c       0x34 _build/nrf52832_xxaa/nrf_drv_uart.c.o
 .text.nrf_drv_uart_init
                0x00002240       0x80 _build/nrf52832_xxaa/nrf_drv_uart.c.o
                0x00002240                nrf_drv_uart_init
 .text.nrfx_gpiote_init
                0x000022c0       0x88 _build/nrf52832_xxaa/nrfx_gpiote.c.o
                0x000022c0                nrfx_gpiote_init
 .text.nrfx_gpiote_is_init
                0x00002348       0x14 _build/nrf52832_xxaa/nrfx_gpiote.c.o
                0x00002348                nrfx_gpiote_is_init
 .text.nrfx_gpiote_in_init
                0x0000235c      0x1bc _build/nrf52832_xxaa/nrfx_gpiote.c.o
                0x0000235c                nrfx_gpiote_in_init
 .text.nrfx_gpiote_in_event_enable
                0x00002518       0xc4 _build/nrf52832_xxaa/nrfx_gpiote.c.o
                0x00002518                nrfx_gpiote_in_event_enable
 .text.nrfx_gpiote_in_is_set
                0x000025dc       0x14 _build/nrf52832_xxaa/nrfx_gpiote.c.o
                0x000025dc                nrfx_gpiote_in_is_set
 .text.GPIOTE_IRQHandler
                0x000025f0      0x548 _build/nrf52832_xxaa/nrfx_gpiote.c.o
                0x000025f0                GPIOTE_IRQHandler
 .text.UARTE0_UART0_IRQHandler
                0x00002b38        0xc _build/nrf52832_xxaa/nrfx_prs.c.o
                0x00002b38                UARTE0_UART0_IRQHandler
 .text.nrfx_prs_acquire
                0x00002b44       0x3c _build/nrf52832_xxaa/nrfx_prs.c.o
                0x00002b44                nrfx_prs_acquire
 .text.nrfx_prs_release
                0x00002b80       0x18 _build/nrf52832_xxaa/nrfx_prs.c.o
                0x00002b80                nrfx_prs_release
 .text.nrfx_uart_0_irq_handler
                0x00002b98      0x1bc _build/nrf52832_xxaa/nrfx_uart.c.o
                0x00002b98                nrfx_uart_0_irq_handler
 .text.nrfx_uart_init
                0x00002d54      0x194 _build/nrf52832_xxaa/nrfx_uart.c.o
                0x00002d54                nrfx_uart_init
 .text.nrfx_uart_uninit
                0x00002ee8       0xcc _build/nrf52832_xxaa/nrfx_uart.c.o
                0x00002ee8                nrfx_uart_uninit
 .text.nrfx_uart_tx
                0x00002fb4       0xcc _build/nrf52832_xxaa/nrfx_uart.c.o
                0x00002fb4                nrfx_uart_tx
 .text.nrfx_uarte_0_irq_handler
                0x00003080      0x11c _build/nrf52832_xxaa/nrfx_uarte.c.o
                0x00003080                nrfx_uarte_0_irq_handler
 .text.nrfx_uarte_init
                0x0000319c      0x1b8 _build/nrf52832_xxaa/nrfx_uarte.c.o
                0x0000319c                nrfx_uarte_init
 .text.nrfx_uarte_uninit
                0x00003354       0xd0 _build/nrf52832_xxaa/nrfx_uarte.c.o
                0x00003354                nrfx_uarte_uninit
 .text.nrfx_uarte_tx
                0x00003424       0xa4 _build/nrf52832_xxaa/nrfx_uarte.c.o
                0x00003424                nrfx_uarte_tx
 .text.button_handler
                0x000034c8      0x110 _build/nrf52832_xxaa/main.c.o
 .text.init_leds
                0x000035d8       0x78 _build/nrf52832_xxaa/main.c.o
                0x000035d8                init_leds
 .text.startup.main
                0x00003650       0x9c _build/nrf52832_xxaa/main.c.o
                0x00003650                main
 .text.unlikely.NVIC_SystemReset
                0x000036ec       0x24 _build/nrf52832_xxaa/system_nrf52.c.o
 .text.SystemInit
                0x00003710      0x3e4 _build/nrf52832_xxaa/system_nrf52.c.o
                0x00003710                SystemInit
 .text.exit     0x00003af4       0x28 c:/program files (x86)/gnu tools arm embedded/7 2018-q2-update/bin/../lib/gcc/arm-none-eabi/7.3.1/../../../../arm-none-eabi/lib/thumb/v7e-m/fpv4-sp/hard\libc_nano.a(lib_a-exit.o)
                0x00003af4                exit
 .text.__libc_init_array
                0x00003b1c       0x48 c:/program files (x86)/gnu tools arm embedded/7 2018-q2-update/bin/../lib/gcc/arm-none-eabi/7.3.1/../../../../arm-none-eabi/lib/thumb/v7e-m/fpv4-sp/hard\libc_nano.a(lib_a-init.o)
                0x00003b1c                __libc_init_array
 .text.__locale_ctype_ptr
                0x00003b64       0x1c c:/program files (x86)/gnu tools arm embedded/7 2018-q2-update/bin/../lib/gcc/arm-none-eabi/7.3.1/../../../../arm-none-eabi/lib/thumb/v7e-m/fpv4-sp/hard\libc_nano.a(lib_a-locale.o)
                0x00003b64                __locale_ctype_ptr
 .text.__ascii_mbtowc
                0x00003b80       0x24 c:/program files (x86)/gnu tools arm embedded/7 2018-q2-update/bin/../lib/gcc/arm-none-eabi/7.3.1/../../../../arm-none-eabi/lib/thumb/v7e-m/fpv4-sp/hard\libc_nano.a(lib_a-mbtowc_r.o)
                0x00003b80                __ascii_mbtowc
 .text.memcpy   0x00003ba4       0x16 c:/program files (x86)/gnu tools arm embedded/7 2018-q2-update/bin/../lib/gcc/arm-none-eabi/7.3.1/../../../../arm-none-eabi/lib/thumb/v7e-m/fpv4-sp/hard\libc_nano.a(lib_a-memcpy-stub.o)
                0x00003ba4                memcpy
 .text.memset   0x00003bba       0x10 c:/program files (x86)/gnu tools arm embedded/7 2018-q2-update/bin/../lib/gcc/arm-none-eabi/7.3.1/../../../../arm-none-eabi/lib/thumb/v7e-m/fpv4-sp/hard\libc_nano.a(lib_a-memset.o)
                0x00003bba                memset
 .text          0x00003bca       0x10 c:/program files (x86)/gnu tools arm embedded/7 2018-q2-update/bin/../lib/gcc/arm-none-eabi/7.3.1/../../../../arm-none-eabi/lib/thumb/v7e-m/fpv4-sp/hard\libc_nano.a(lib_a-strlen.o)
                0x00003bca                strlen
 .text.__ascii_wctomb
                0x00003bda       0x1a c:/program files (x86)/gnu tools arm embedded/7 2018-q2-update/bin/../lib/gcc/arm-none-eabi/7.3.1/../../../../arm-none-eabi/lib/thumb/v7e-m/fpv4-sp/hard\libc_nano.a(lib_a-wctomb_r.o)
                0x00003bda                __ascii_wctomb
 .text._exit    0x00003bf4        0x4 c:/program files (x86)/gnu tools arm embedded/7 2018-q2-update/bin/../lib/gcc/arm-none-eabi/7.3.1/../../../../arm-none-eabi/lib/thumb/v7e-m/fpv4-sp/hard\libnosys.a(_exit.o)
                0x00003bf4                _exit
 *(.init)
 .init          0x00003bf8        0x4 c:/program files (x86)/gnu tools arm embedded/7 2018-q2-update/bin/../lib/gcc/arm-none-eabi/7.3.1/thumb/v7e-m/fpv4-sp/hard/crti.o
                0x00003bf8                _init
 .init          0x00003bfc        0x8 c:/program files (x86)/gnu tools arm embedded/7 2018-q2-update/bin/../lib/gcc/arm-none-eabi/7.3.1/thumb/v7e-m/fpv4-sp/hard/crtn.o
 *(.fini)
 .fini          0x00003c04        0x4 c:/program files (x86)/gnu tools arm embedded/7 2018-q2-update/bin/../lib/gcc/arm-none-eabi/7.3.1/thumb/v7e-m/fpv4-sp/hard/crti.o
                0x00003c04                _fini
 .fini          0x00003c08        0x8 c:/program files (x86)/gnu tools arm embedded/7 2018-q2-update/bin/../lib/gcc/arm-none-eabi/7.3.1/thumb/v7e-m/fpv4-sp/hard/crtn.o
 *crtbegin.o(.ctors)
 *crtbegin?.o(.ctors)
 *(EXCLUDE_FILE(*crtend.o *crtend?.o) .ctors)
 *(SORT_BY_NAME(.ctors.*))
 *(.ctors)
 *crtbegin.o(.dtors)
 *crtbegin?.o(.dtors)
 *(EXCLUDE_FILE(*crtend.o *crtend?.o) .dtors)
 *(SORT_BY_NAME(.dtors.*))
 *(.dtors)
 *(.rodata*)
 .rodata        0x00003c10       0x20 _build/nrf52832_xxaa/nrf_log_backend_uart.c.o
 .rodata.nrf_log_backend_uart_api
                0x00003c30        0xc _build/nrf52832_xxaa/nrf_log_backend_uart.c.o
                0x00003c30                nrf_log_backend_uart_api
 .rodata.str1.4
                0x00003c3c       0x11 _build/nrf52832_xxaa/nrf_log_default_backends.c.o
 *fill*         0x00003c4d        0x3 
 .rodata.m_log_push_ringbuf
                0x00003c50        0xc _build/nrf52832_xxaa/nrf_log_frontend.c.o
 .rodata.nrf_log_frontend_dequeue.part.6.str1.4
                0x00003c5c       0x11 _build/nrf52832_xxaa/nrf_log_frontend.c.o
 *fill*         0x00003c6d        0x3 
 .rodata.str1.4
                0x00003c70        0x4 _build/nrf52832_xxaa/nrf_log_frontend.c.o
 .rodata.m_colors
                0x00003c74       0x24 _build/nrf52832_xxaa/nrf_log_str_formatter.c.o
 .rodata.nrf_log_hexdump_entry_process.str1.4
                0x00003c98       0x13 _build/nrf52832_xxaa/nrf_log_str_formatter.c.o
                                 0x16 (size before relaxing)
 *fill*         0x00003cab        0x1 
 .rodata.nrf_log_std_entry_process.str1.4
                0x00003cac       0x3b _build/nrf52832_xxaa/nrf_log_str_formatter.c.o
 *fill*         0x00003ce7        0x1 
 .rodata.severity_names
                0x00003ce8       0x14 _build/nrf52832_xxaa/nrf_log_str_formatter.c.o
 .rodata.str1.4
                0x00003cfc       0x56 _build/nrf52832_xxaa/nrf_log_str_formatter.c.o
 *fill*         0x00003d52        0x2 
 .rodata.m_detection_delay_timer_id
                0x00003d54        0x4 _build/nrf52832_xxaa/app_button.c.o
 .rodata.app_error_fault_handler.str1.4
                0x00003d58       0x19 _build/nrf52832_xxaa/app_error_weak.c.o
 *fill*         0x00003d71        0xf 
 .rodata.delay_machine_code.8314
                0x00003d80        0x6 _build/nrf52832_xxaa/app_timer.c.o
 *fill*         0x00003d86        0x2 
 .rodata._aV2C.7399
                0x00003d88       0x10 _build/nrf52832_xxaa/nrf_fprintf_format.c.o
 .rodata.str1.4
                0x00003d98        0x7 _build/nrf52832_xxaa/nrfx_gpiote.c.o
 *fill*         0x00003d9f        0x1 
 .rodata.str1.4
                0x00003da0        0x4 _build/nrf52832_xxaa/nrfx_prs.c.o
 .rodata.str1.4
                0x00003da4        0x5 _build/nrf52832_xxaa/nrfx_uart.c.o
 *fill*         0x00003da9        0x3 
 .rodata.str1.4
                0x00003dac        0x6 _build/nrf52832_xxaa/nrfx_uarte.c.o
 *fill*         0x00003db2        0x2 
 .rodata.button_handler.str1.4
                0x00003db4        0xd _build/nrf52832_xxaa/main.c.o
 *fill*         0x00003dc1        0x3 
 .rodata.main.str1.4
                0x00003dc4       0x28 _build/nrf52832_xxaa/main.c.o
                                 0x27 (size before relaxing)
 .rodata._global_impure_ptr
                0x00003dec        0x4 c:/program files (x86)/gnu tools arm embedded/7 2018-q2-update/bin/../lib/gcc/arm-none-eabi/7.3.1/../../../../arm-none-eabi/lib/thumb/v7e-m/fpv4-sp/hard\libc_nano.a(lib_a-impure.o)
                0x00003dec                _global_impure_ptr
 .rodata._setlocale_r.str1.1
                0x00003df0        0x8 c:/program files (x86)/gnu tools arm embedded/7 2018-q2-update/bin/../lib/gcc/arm-none-eabi/7.3.1/../../../../arm-none-eabi/lib/thumb/v7e-m/fpv4-sp/hard\libc_nano.a(lib_a-locale.o)
                                  0x9 (size before relaxing)
 .rodata.str1.1
                0x00003df8        0x2 c:/program files (x86)/gnu tools arm embedded/7 2018-q2-update/bin/../lib/gcc/arm-none-eabi/7.3.1/../../../../arm-none-eabi/lib/thumb/v7e-m/fpv4-sp/hard\libc_nano.a(lib_a-locale.o)
 .rodata._ctype_
                0x00003dfa      0x101 c:/program files (x86)/gnu tools arm embedded/7 2018-q2-update/bin/../lib/gcc/arm-none-eabi/7.3.1/../../../../arm-none-eabi/lib/thumb/v7e-m/fpv4-sp/hard\libc_nano.a(lib_a-ctype_.o)
                0x00003dfa                _ctype_
 *(.eh_frame*)
 *fill*         0x00003efb        0x1 
 .eh_frame      0x00003efc        0x0 c:/program files (x86)/gnu tools arm embedded/7 2018-q2-update/bin/../lib/gcc/arm-none-eabi/7.3.1/thumb/v7e-m/fpv4-sp/hard/crtbegin.o
 .eh_frame      0x00003efc        0x4 c:/program files (x86)/gnu tools arm embedded/7 2018-q2-update/bin/../lib/gcc/arm-none-eabi/7.3.1/thumb/v7e-m/fpv4-sp/hard/crtend.o

.glue_7         0x00003f00        0x0
 .glue_7        0x00003f00        0x0 linker stubs

.glue_7t        0x00003f00        0x0
 .glue_7t       0x00003f00        0x0 linker stubs

.vfp11_veneer   0x00003f00        0x0
 .vfp11_veneer  0x00003f00        0x0 linker stubs

.v4_bx          0x00003f00        0x0
 .v4_bx         0x00003f00        0x0 linker stubs

.iplt           0x00003f00        0x0
 .iplt          0x00003f00        0x0 c:/program files (x86)/gnu tools arm embedded/7 2018-q2-update/bin/../lib/gcc/arm-none-eabi/7.3.1/thumb/v7e-m/fpv4-sp/hard/crtbegin.o

.mem_section_dummy_rom

.log_const_data
                0x00003f00       0x28
                0x00003f00                PROVIDE (__start_log_const_data = .)
 *(SORT_BY_NAME(.log_const_data*))
 .log_const_data_GPIOTE
                0x00003f00        0x8 _build/nrf52832_xxaa/nrfx_gpiote.c.o
                0x00003f00                m_nrf_log_GPIOTE_logs_data_const
 .log_const_data_PRS
                0x00003f08        0x8 _build/nrf52832_xxaa/nrfx_prs.c.o
                0x00003f08                m_nrf_log_PRS_logs_data_const
 .log_const_data_UART
                0x00003f10        0x8 _build/nrf52832_xxaa/nrfx_uart.c.o
                0x00003f10                m_nrf_log_UART_logs_data_const
 .log_const_data_UARTE
                0x00003f18        0x8 _build/nrf52832_xxaa/nrfx_uarte.c.o
                0x00003f18                m_nrf_log_UARTE_logs_data_const
 .log_const_data_app
                0x00003f20        0x8 _build/nrf52832_xxaa/nrf_log_frontend.c.o
                0x00003f20                m_nrf_log_app_logs_data_const
                0x00003f28                PROVIDE (__stop_log_const_data = .)

.log_backends   0x00003f28       0x10
                [!provide]                PROVIDE (__start_log_backends = .)
 *(SORT_BY_NAME(.log_backends*))
 .log_backends  0x00003f28       0x10 _build/nrf52832_xxaa/nrf_log_default_backends.c.o
                [!provide]                PROVIDE (__stop_log_backends = .)

.nrf_balloc     0x00003f38       0x14
                [!provide]                PROVIDE (__start_nrf_balloc = .)
 *(.nrf_balloc)
 .nrf_balloc    0x00003f38       0x14 _build/nrf52832_xxaa/nrf_log_frontend.c.o
                0x00003f38                log_mempool
                [!provide]                PROVIDE (__stop_nrf_balloc = .)

.ARM.extab
 *(.ARM.extab* .gnu.linkonce.armextab.*)
                0x00003f4c                __exidx_start = .

.ARM.exidx      0x00003f4c        0x8
 *(.ARM.exidx* .gnu.linkonce.armexidx.*)
 .ARM.exidx     0x00003f4c        0x8 c:/program files (x86)/gnu tools arm embedded/7 2018-q2-update/bin/../lib/gcc/arm-none-eabi/7.3.1/../../../../arm-none-eabi/lib/thumb/v7e-m/fpv4-sp/hard/crt0.o
                0x00003f54                __exidx_end = .
                0x00003f54                __etext = .

.rel.dyn        0x00003f54        0x0
 .rel.iplt      0x00003f54        0x0 c:/program files (x86)/gnu tools arm embedded/7 2018-q2-update/bin/../lib/gcc/arm-none-eabi/7.3.1/thumb/v7e-m/fpv4-sp/hard/crtbegin.o

.data           0x20000000      0x210 load address 0x00003f54
                0x20000000                __data_start__ = .
 *(vtable)
 *(.data*)
 .data.m_uart   0x20000000       0x14 _build/nrf52832_xxaa/nrf_log_backend_uart.c.o
                0x20000000                m_uart
 .data.log_backend_cb_uart_log_backend
                0x20000014        0x8 _build/nrf52832_xxaa/nrf_log_default_backends.c.o
 .data.p_button.9276
                0x2000001c       0x18 _build/nrf52832_xxaa/main.c.o
 .data.SystemCoreClock
                0x20000034        0x4 _build/nrf52832_xxaa/system_nrf52.c.o
                0x20000034                SystemCoreClock
 .data._impure_ptr
                0x20000038        0x4 c:/program files (x86)/gnu tools arm embedded/7 2018-q2-update/bin/../lib/gcc/arm-none-eabi/7.3.1/../../../../arm-none-eabi/lib/thumb/v7e-m/fpv4-sp/hard\libc_nano.a(lib_a-impure.o)
                0x20000038                _impure_ptr
 .data.impure_data
                0x2000003c       0x60 c:/program files (x86)/gnu tools arm embedded/7 2018-q2-update/bin/../lib/gcc/arm-none-eabi/7.3.1/../../../../arm-none-eabi/lib/thumb/v7e-m/fpv4-sp/hard\libc_nano.a(lib_a-impure.o)
 .data.__global_locale
                0x2000009c      0x16c c:/program files (x86)/gnu tools arm embedded/7 2018-q2-update/bin/../lib/gcc/arm-none-eabi/7.3.1/../../../../arm-none-eabi/lib/thumb/v7e-m/fpv4-sp/hard\libc_nano.a(lib_a-locale.o)
                0x2000009c                __global_locale
                0x20000208                . = ALIGN (0x4)
                0x20000208                PROVIDE (__preinit_array_start = .)
 *(.preinit_array)
                0x20000208                PROVIDE (__preinit_array_end = .)
                0x20000208                . = ALIGN (0x4)
                0x20000208                PROVIDE (__init_array_start = .)
 *(SORT_BY_NAME(.init_array.*))
 *(.init_array)
 .init_array    0x20000208        0x4 c:/program files (x86)/gnu tools arm embedded/7 2018-q2-update/bin/../lib/gcc/arm-none-eabi/7.3.1/thumb/v7e-m/fpv4-sp/hard/crtbegin.o
                0x2000020c                PROVIDE (__init_array_end = .)
                0x2000020c                . = ALIGN (0x4)
                [!provide]                PROVIDE (__fini_array_start = .)
 *(SORT_BY_NAME(.fini_array.*))
 *(.fini_array)
 .fini_array    0x2000020c        0x4 c:/program files (x86)/gnu tools arm embedded/7 2018-q2-update/bin/../lib/gcc/arm-none-eabi/7.3.1/thumb/v7e-m/fpv4-sp/hard/crtbegin.o
                [!provide]                PROVIDE (__fini_array_end = .)
 *(.jcr*)
                0x20000210                . = ALIGN (0x4)
                0x20000210                __data_end__ = .
LOAD c:/program files (x86)/gnu tools arm embedded/7 2018-q2-update/bin/../lib/gcc/arm-none-eabi/7.3.1/thumb/v7e-m/fpv4-sp/hard/crti.o
LOAD c:/program files (x86)/gnu tools arm embedded/7 2018-q2-update/bin/../lib/gcc/arm-none-eabi/7.3.1/thumb/v7e-m/fpv4-sp/hard/crtbegin.o
LOAD c:/program files (x86)/gnu tools arm embedded/7 2018-q2-update/bin/../lib/gcc/arm-none-eabi/7.3.1/../../../../arm-none-eabi/lib/thumb/v7e-m/fpv4-sp/hard/crt0.o
LOAD _build/nrf52832_xxaa/gcc_startup_nrf52.S.o
LOAD _build/nrf52832_xxaa/nrf_log_backend_rtt.c.o
LOAD _build/nrf52832_xxaa/nrf_log_backend_serial.c.o
LOAD _build/nrf52832_xxaa/nrf_log_backend_uart.c.o
LOAD _build/nrf52832_xxaa/nrf_log_default_backends.c.o
LOAD _build/nrf52832_xxaa/nrf_log_frontend.c.o
LOAD _build/nrf52832_xxaa/nrf_log_str_formatter.c.o
LOAD _build/nrf52832_xxaa/boards.c.o
LOAD _build/nrf52832_xxaa/app_button.c.o
LOAD _build/nrf52832_xxaa/app_error.c.o
LOAD _build/nrf52832_xxaa/app_error_handler_gcc.c.o
LOAD _build/nrf52832_xxaa/app_error_weak.c.o
LOAD _build/nrf52832_xxaa/app_fifo.c.o
LOAD _build/nrf52832_xxaa/app_scheduler.c.o
LOAD _build/nrf52832_xxaa/app_timer.c.o
LOAD _build/nrf52832_xxaa/app_uart_fifo.c.o
LOAD _build/nrf52832_xxaa/app_util_platform.c.o
LOAD _build/nrf52832_xxaa/nrf_assert.c.o
LOAD _build/nrf52832_xxaa/nrf_atomic.c.o
LOAD _build/nrf52832_xxaa/nrf_balloc.c.o
LOAD _build/nrf52832_xxaa/nrf_fprintf.c.o
LOAD _build/nrf52832_xxaa/nrf_fprintf_format.c.o
LOAD _build/nrf52832_xxaa/nrf_memobj.c.o
LOAD _build/nrf52832_xxaa/nrf_ringbuf.c.o
LOAD _build/nrf52832_xxaa/nrf_strerror.c.o
LOAD _build/nrf52832_xxaa/retarget.c.o
LOAD _build/nrf52832_xxaa/nrf_drv_uart.c.o
LOAD _build/nrf52832_xxaa/nrfx_atomic.c.o
LOAD _build/nrf52832_xxaa/nrfx_gpiote.c.o
LOAD _build/nrf52832_xxaa/nrfx_prs.c.o
LOAD _build/nrf52832_xxaa/nrfx_uart.c.o
LOAD _build/nrf52832_xxaa/nrfx_uarte.c.o
LOAD _build/nrf52832_xxaa/main.c.o
LOAD _build/nrf52832_xxaa/SEGGER_RTT.c.o
LOAD _build/nrf52832_xxaa/SEGGER_RTT_Syscalls_GCC.c.o
LOAD _build/nrf52832_xxaa/SEGGER_RTT_printf.c.o
LOAD _build/nrf52832_xxaa/system_nrf52.c.o
LOAD c:/program files (x86)/gnu tools arm embedded/7 2018-q2-update/bin/../lib/gcc/arm-none-eabi/7.3.1/../../../../arm-none-eabi/lib/thumb/v7e-m/fpv4-sp/hard\libc_nano.a
LOAD c:/program files (x86)/gnu tools arm embedded/7 2018-q2-update/bin/../lib/gcc/arm-none-eabi/7.3.1/../../../../arm-none-eabi/lib/thumb/v7e-m/fpv4-sp/hard\libnosys.a
LOAD c:/program files (x86)/gnu tools arm embedded/7 2018-q2-update/bin/../lib/gcc/arm-none-eabi/7.3.1/../../../../arm-none-eabi/lib/thumb/v7e-m/fpv4-sp/hard\libm.a
START GROUP
LOAD c:/program files (x86)/gnu tools arm embedded/7 2018-q2-update/bin/../lib/gcc/arm-none-eabi/7.3.1/thumb/v7e-m/fpv4-sp/hard\libgcc.a
LOAD c:/program files (x86)/gnu tools arm embedded/7 2018-q2-update/bin/../lib/gcc/arm-none-eabi/7.3.1/../../../../arm-none-eabi/lib/thumb/v7e-m/fpv4-sp/hard\libg_nano.a
LOAD c:/program files (x86)/gnu tools arm embedded/7 2018-q2-update/bin/../lib/gcc/arm-none-eabi/7.3.1/../../../../arm-none-eabi/lib/thumb/v7e-m/fpv4-sp/hard\libc_nano.a
END GROUP
START GROUP
LOAD c:/program files (x86)/gnu tools arm embedded/7 2018-q2-update/bin/../lib/gcc/arm-none-eabi/7.3.1/thumb/v7e-m/fpv4-sp/hard\libgcc.a
LOAD c:/program files (x86)/gnu tools arm embedded/7 2018-q2-update/bin/../lib/gcc/arm-none-eabi/7.3.1/../../../../arm-none-eabi/lib/thumb/v7e-m/fpv4-sp/hard\libc_nano.a
END GROUP
LOAD c:/program files (x86)/gnu tools arm embedded/7 2018-q2-update/bin/../lib/gcc/arm-none-eabi/7.3.1/thumb/v7e-m/fpv4-sp/hard/crtend.o
LOAD c:/program files (x86)/gnu tools arm embedded/7 2018-q2-update/bin/../lib/gcc/arm-none-eabi/7.3.1/thumb/v7e-m/fpv4-sp/hard/crtn.o
START GROUP
LOAD c:/program files (x86)/gnu tools arm embedded/7 2018-q2-update/bin/../lib/gcc/arm-none-eabi/7.3.1/thumb/v7e-m/fpv4-sp/hard\libgcc.a
LOAD c:/program files (x86)/gnu tools arm embedded/7 2018-q2-update/bin/../lib/gcc/arm-none-eabi/7.3.1/../../../../arm-none-eabi/lib/thumb/v7e-m/fpv4-sp/hard\libc.a
LOAD c:/program files (x86)/gnu tools arm embedded/7 2018-q2-update/bin/../lib/gcc/arm-none-eabi/7.3.1/../../../../arm-none-eabi/lib/thumb/v7e-m/fpv4-sp/hard\libnosys.a
END GROUP

.igot.plt       0x20000210        0x0 load address 0x00004164
 .igot.plt      0x20000210        0x0 c:/program files (x86)/gnu tools arm embedded/7 2018-q2-update/bin/../lib/gcc/arm-none-eabi/7.3.1/thumb/v7e-m/fpv4-sp/hard/crtbegin.o
                0x20000210                . = ALIGN (0x4)

.mem_section_dummy_ram

.log_dynamic_data
                0x20000210        0x0
                0x20000210                PROVIDE (__start_log_dynamic_data = .)
 *(SORT_BY_NAME(.log_dynamic_data*))
                [!provide]                PROVIDE (__stop_log_dynamic_data = .)

.log_filter_data
                0x20000210        0x0
                [!provide]                PROVIDE (__start_log_filter_data = .)
 *(SORT_BY_NAME(.log_filter_data*))
                [!provide]                PROVIDE (__stop_log_filter_data = .)

.bss            0x20000210      0x814 load address 0x00004168
                0x20000210                . = ALIGN (0x4)
                0x20000210                __bss_start__ = .
 *(.bss*)
 .bss           0x20000210       0x1c c:/program files (x86)/gnu tools arm embedded/7 2018-q2-update/bin/../lib/gcc/arm-none-eabi/7.3.1/thumb/v7e-m/fpv4-sp/hard/crtbegin.o
 .bss.m_async_mode
                0x2000022c        0x1 _build/nrf52832_xxaa/nrf_log_backend_uart.c.o
 *fill*         0x2000022d        0x3 
 .bss.m_string_buff
                0x20000230       0x40 _build/nrf52832_xxaa/nrf_log_backend_uart.c.o
 .bss.m_xfer_done
                0x20000270        0x1 _build/nrf52832_xxaa/nrf_log_backend_uart.c.o
 *fill*         0x20000271        0x3 
 .bss.log_mempool_nrf_balloc_cb
                0x20000274        0x8 _build/nrf52832_xxaa/nrf_log_frontend.c.o
 .bss.log_mempool_nrf_balloc_pool_mem
                0x2000027c       0xc0 _build/nrf52832_xxaa/nrf_log_frontend.c.o
 .bss.log_mempool_nrf_balloc_pool_stack
                0x2000033c        0x8 _build/nrf52832_xxaa/nrf_log_frontend.c.o
 .bss.m_log_data
                0x20000344      0x424 _build/nrf52832_xxaa/nrf_log_frontend.c.o
 .bss.m_log_push_ringbuf_buf
                0x20000768       0x80 _build/nrf52832_xxaa/nrf_log_frontend.c.o
 .bss.m_log_push_ringbuf_cb
                0x200007e8       0x18 _build/nrf52832_xxaa/nrf_log_frontend.c.o
 .bss.m_button_count
                0x20000800        0x1 _build/nrf52832_xxaa/app_button.c.o
 *fill*         0x20000801        0x3 
 .bss.m_detection_delay
                0x20000804        0x4 _build/nrf52832_xxaa/app_button.c.o
 .bss.m_detection_delay_timer_id_data
                0x20000808       0x20 _build/nrf52832_xxaa/app_button.c.o
 .bss.m_pin_state
                0x20000828        0x8 _build/nrf52832_xxaa/app_button.c.o
 .bss.m_pin_transition
                0x20000830        0x8 _build/nrf52832_xxaa/app_button.c.o
 .bss.mp_buttons
                0x20000838        0x4 _build/nrf52832_xxaa/app_button.c.o
 .bss.m_op_queue
                0x2000083c      0x10c _build/nrf52832_xxaa/app_timer.c.o
 .bss.m_rtc1_reset
                0x20000948        0x1 _build/nrf52832_xxaa/app_timer.c.o
 .bss.m_rtc1_running
                0x20000949        0x1 _build/nrf52832_xxaa/app_timer.c.o
 *fill*         0x2000094a        0x2 
 .bss.m_ticks_elapsed
                0x2000094c        0x8 _build/nrf52832_xxaa/app_timer.c.o
 .bss.m_ticks_elapsed_q_read_ind
                0x20000954        0x1 _build/nrf52832_xxaa/app_timer.c.o
 .bss.m_ticks_elapsed_q_write_ind
                0x20000955        0x1 _build/nrf52832_xxaa/app_timer.c.o
 *fill*         0x20000956        0x2 
 .bss.m_ticks_latest
                0x20000958        0x4 _build/nrf52832_xxaa/app_timer.c.o
 .bss.mp_timer_id_head
                0x2000095c        0x4 _build/nrf52832_xxaa/app_timer.c.o
 .bss.m_in_critical_region
                0x20000960        0x4 _build/nrf52832_xxaa/app_util_platform.c.o
 .bss.m_contexts
                0x20000964        0x4 _build/nrf52832_xxaa/nrf_drv_uart.c.o
 .bss.m_handlers
                0x20000968        0x4 _build/nrf52832_xxaa/nrf_drv_uart.c.o
 .bss.m_cb      0x2000096c       0x5c _build/nrf52832_xxaa/nrfx_gpiote.c.o
 .bss.m_prs_box_4
                0x200009c8        0x8 _build/nrf52832_xxaa/nrfx_prs.c.o
 .bss.m_cb      0x200009d0       0x2c _build/nrf52832_xxaa/nrfx_uart.c.o
 .bss.m_cb      0x200009fc       0x24 _build/nrf52832_xxaa/nrfx_uarte.c.o
 *(COMMON)
 COMMON         0x20000a20        0x1 _build/nrf52832_xxaa/nrf_drv_uart.c.o
                0x20000a20                nrf_drv_uart_use_easy_dma
                0x20000a24                . = ALIGN (0x4)
 *fill*         0x20000a21        0x3 
                0x20000a24                __bss_end__ = .

.heap           0x20000a28     0x2000
                0x20000a28                __HeapBase = .
                0x20000a28                __end__ = .
                [!provide]                PROVIDE (end = .)
 *(.heap*)
 .heap          0x20000a28     0x2000 _build/nrf52832_xxaa/gcc_startup_nrf52.S.o
                0x20002a28                __HeapLimit = .

.stack_dummy    0x20000a28     0x2000
 *(.stack*)
 .stack         0x20000a28     0x2000 _build/nrf52832_xxaa/gcc_startup_nrf52.S.o
                0x20010000                __StackTop = (ORIGIN (RAM) + LENGTH (RAM))
                0x2000e000                __StackLimit = (__StackTop - SIZEOF (.stack_dummy))
                0x20010000                PROVIDE (__stack = __StackTop)
                0x00000001                ASSERT ((__StackLimit >= __HeapLimit), region RAM overflowed with stack)
                0x00000210                DataInitFlashUsed = (__bss_start__ - __data_start__)
                0x00003f54                CodeFlashUsed = (__etext - ORIGIN (FLASH))
                0x00004164                TotalFlashUsed = (CodeFlashUsed + DataInitFlashUsed)
                0x00000001                ASSERT ((TotalFlashUsed <= LENGTH (FLASH)), region FLASH overflowed with .data and user data)
OUTPUT(_build/nrf52832_xxaa.out elf32-littlearm)

.ARM.attributes
                0x00000000       0x30
 .ARM.attributes
                0x00000000       0x22 c:/program files (x86)/gnu tools arm embedded/7 2018-q2-update/bin/../lib/gcc/arm-none-eabi/7.3.1/thumb/v7e-m/fpv4-sp/hard/crti.o
 .ARM.attributes
                0x00000022       0x34 c:/program files (x86)/gnu tools arm embedded/7 2018-q2-update/bin/../lib/gcc/arm-none-eabi/7.3.1/thumb/v7e-m/fpv4-sp/hard/crtbegin.o
 .ARM.attributes
                0x00000056       0x20 c:/program files (x86)/gnu tools arm embedded/7 2018-q2-update/bin/../lib/gcc/arm-none-eabi/7.3.1/../../../../arm-none-eabi/lib/thumb/v7e-m/fpv4-sp/hard/crt0.o
 .ARM.attributes
                0x00000076       0x20 _build/nrf52832_xxaa/gcc_startup_nrf52.S.o
 .ARM.attributes
                0x00000096       0x39 _build/nrf52832_xxaa/nrf_log_backend_serial.c.o
 .ARM.attributes
                0x000000cf       0x39 _build/nrf52832_xxaa/nrf_log_backend_uart.c.o
 .ARM.attributes
                0x00000108       0x39 _build/nrf52832_xxaa/nrf_log_default_backends.c.o
 .ARM.attributes
                0x00000141       0x39 _build/nrf52832_xxaa/nrf_log_frontend.c.o
 .ARM.attributes
                0x0000017a       0x39 _build/nrf52832_xxaa/nrf_log_str_formatter.c.o
 .ARM.attributes
                0x000001b3       0x39 _build/nrf52832_xxaa/app_button.c.o
 .ARM.attributes
                0x000001ec       0x39 _build/nrf52832_xxaa/app_error.c.o
 .ARM.attributes
                0x00000225       0x39 _build/nrf52832_xxaa/app_error_weak.c.o
 .ARM.attributes
                0x0000025e       0x39 _build/nrf52832_xxaa/app_timer.c.o
 .ARM.attributes
                0x00000297       0x39 _build/nrf52832_xxaa/app_util_platform.c.o
 .ARM.attributes
                0x000002d0       0x39 _build/nrf52832_xxaa/nrf_atomic.c.o
 .ARM.attributes
                0x00000309       0x39 _build/nrf52832_xxaa/nrf_balloc.c.o
 .ARM.attributes
                0x00000342       0x39 _build/nrf52832_xxaa/nrf_fprintf.c.o
 .ARM.attributes
                0x0000037b       0x39 _build/nrf52832_xxaa/nrf_fprintf_format.c.o
 .ARM.attributes
                0x000003b4       0x39 _build/nrf52832_xxaa/nrf_memobj.c.o
 .ARM.attributes
                0x000003ed       0x39 _build/nrf52832_xxaa/nrf_ringbuf.c.o
 .ARM.attributes
                0x00000426       0x39 _build/nrf52832_xxaa/nrf_drv_uart.c.o
 .ARM.attributes
                0x0000045f       0x39 _build/nrf52832_xxaa/nrfx_gpiote.c.o
 .ARM.attributes
                0x00000498       0x39 _build/nrf52832_xxaa/nrfx_prs.c.o
 .ARM.attributes
                0x000004d1       0x39 _build/nrf52832_xxaa/nrfx_uart.c.o
 .ARM.attributes
                0x0000050a       0x39 _build/nrf52832_xxaa/nrfx_uarte.c.o
 .ARM.attributes
                0x00000543       0x39 _build/nrf52832_xxaa/main.c.o
 .ARM.attributes
                0x0000057c       0x39 _build/nrf52832_xxaa/system_nrf52.c.o
 .ARM.attributes
                0x000005b5       0x34 c:/program files (x86)/gnu tools arm embedded/7 2018-q2-update/bin/../lib/gcc/arm-none-eabi/7.3.1/../../../../arm-none-eabi/lib/thumb/v7e-m/fpv4-sp/hard\libc_nano.a(lib_a-exit.o)
 .ARM.attributes
                0x000005e9       0x34 c:/program files (x86)/gnu tools arm embedded/7 2018-q2-update/bin/../lib/gcc/arm-none-eabi/7.3.1/../../../../arm-none-eabi/lib/thumb/v7e-m/fpv4-sp/hard\libc_nano.a(lib_a-impure.o)
 .ARM.attributes
                0x0000061d       0x34 c:/program files (x86)/gnu tools arm embedded/7 2018-q2-update/bin/../lib/gcc/arm-none-eabi/7.3.1/../../../../arm-none-eabi/lib/thumb/v7e-m/fpv4-sp/hard\libc_nano.a(lib_a-init.o)
 .ARM.attributes
                0x00000651       0x34 c:/program files (x86)/gnu tools arm embedded/7 2018-q2-update/bin/../lib/gcc/arm-none-eabi/7.3.1/../../../../arm-none-eabi/lib/thumb/v7e-m/fpv4-sp/hard\libc_nano.a(lib_a-locale.o)
 .ARM.attributes
                0x00000685       0x34 c:/program files (x86)/gnu tools arm embedded/7 2018-q2-update/bin/../lib/gcc/arm-none-eabi/7.3.1/../../../../arm-none-eabi/lib/thumb/v7e-m/fpv4-sp/hard\libc_nano.a(lib_a-mbtowc_r.o)
 .ARM.attributes
                0x000006b9       0x34 c:/program files (x86)/gnu tools arm embedded/7 2018-q2-update/bin/../lib/gcc/arm-none-eabi/7.3.1/../../../../arm-none-eabi/lib/thumb/v7e-m/fpv4-sp/hard\libc_nano.a(lib_a-memcpy-stub.o)
 .ARM.attributes
                0x000006ed       0x34 c:/program files (x86)/gnu tools arm embedded/7 2018-q2-update/bin/../lib/gcc/arm-none-eabi/7.3.1/../../../../arm-none-eabi/lib/thumb/v7e-m/fpv4-sp/hard\libc_nano.a(lib_a-memset.o)
 .ARM.attributes
                0x00000721       0x1b c:/program files (x86)/gnu tools arm embedded/7 2018-q2-update/bin/../lib/gcc/arm-none-eabi/7.3.1/../../../../arm-none-eabi/lib/thumb/v7e-m/fpv4-sp/hard\libc_nano.a(lib_a-strlen.o)
 .ARM.attributes
                0x0000073c       0x34 c:/program files (x86)/gnu tools arm embedded/7 2018-q2-update/bin/../lib/gcc/arm-none-eabi/7.3.1/../../../../arm-none-eabi/lib/thumb/v7e-m/fpv4-sp/hard\libc_nano.a(lib_a-wctomb_r.o)
 .ARM.attributes
                0x00000770       0x34 c:/program files (x86)/gnu tools arm embedded/7 2018-q2-update/bin/../lib/gcc/arm-none-eabi/7.3.1/../../../../arm-none-eabi/lib/thumb/v7e-m/fpv4-sp/hard\libc_nano.a(lib_a-ctype_.o)
 .ARM.attributes
                0x000007a4       0x34 c:/program files (x86)/gnu tools arm embedded/7 2018-q2-update/bin/../lib/gcc/arm-none-eabi/7.3.1/../../../../arm-none-eabi/lib/thumb/v7e-m/fpv4-sp/hard\libnosys.a(_exit.o)
 .ARM.attributes
                0x000007d8       0x34 c:/program files (x86)/gnu tools arm embedded/7 2018-q2-update/bin/../lib/gcc/arm-none-eabi/7.3.1/thumb/v7e-m/fpv4-sp/hard/crtend.o
 .ARM.attributes
                0x0000080c       0x22 c:/program files (x86)/gnu tools arm embedded/7 2018-q2-update/bin/../lib/gcc/arm-none-eabi/7.3.1/thumb/v7e-m/fpv4-sp/hard/crtn.o

.comment        0x00000000       0x7f
 .comment       0x00000000       0x7f _build/nrf52832_xxaa/nrf_log_backend_serial.c.o
                                 0x80 (size before relaxing)
 .comment       0x0000007f       0x80 _build/nrf52832_xxaa/nrf_log_backend_uart.c.o
 .comment       0x0000007f       0x80 _build/nrf52832_xxaa/nrf_log_default_backends.c.o
 .comment       0x0000007f       0x80 _build/nrf52832_xxaa/nrf_log_frontend.c.o
 .comment       0x0000007f       0x80 _build/nrf52832_xxaa/nrf_log_str_formatter.c.o
 .comment       0x0000007f       0x80 _build/nrf52832_xxaa/app_button.c.o
 .comment       0x0000007f       0x80 _build/nrf52832_xxaa/app_error.c.o
 .comment       0x0000007f       0x80 _build/nrf52832_xxaa/app_error_weak.c.o
 .comment       0x0000007f       0x80 _build/nrf52832_xxaa/app_timer.c.o
 .comment       0x0000007f       0x80 _build/nrf52832_xxaa/app_util_platform.c.o
 .comment       0x0000007f       0x80 _build/nrf52832_xxaa/nrf_atomic.c.o
 .comment       0x0000007f       0x80 _build/nrf52832_xxaa/nrf_balloc.c.o
 .comment       0x0000007f       0x80 _build/nrf52832_xxaa/nrf_fprintf.c.o
 .comment       0x0000007f       0x80 _build/nrf52832_xxaa/nrf_fprintf_format.c.o
 .comment       0x0000007f       0x80 _build/nrf52832_xxaa/nrf_memobj.c.o
 .comment       0x0000007f       0x80 _build/nrf52832_xxaa/nrf_ringbuf.c.o
 .comment       0x0000007f       0x80 _build/nrf52832_xxaa/nrf_drv_uart.c.o
 .comment       0x0000007f       0x80 _build/nrf52832_xxaa/nrfx_gpiote.c.o
 .comment       0x0000007f       0x80 _build/nrf52832_xxaa/nrfx_prs.c.o
 .comment       0x0000007f       0x80 _build/nrf52832_xxaa/nrfx_uart.c.o
 .comment       0x0000007f       0x80 _build/nrf52832_xxaa/nrfx_uarte.c.o
 .comment       0x0000007f       0x80 _build/nrf52832_xxaa/main.c.o
 .comment       0x0000007f       0x80 _build/nrf52832_xxaa/system_nrf52.c.o

.debug_line     0x00000000     0xd81c
 .debug_line    0x00000000       0x89 _build/nrf52832_xxaa/gcc_startup_nrf52.S.o
 .debug_line    0x00000089      0x812 _build/nrf52832_xxaa/nrf_log_backend_serial.c.o
 .debug_line    0x0000089b      0xaa2 _build/nrf52832_xxaa/nrf_log_backend_uart.c.o
 .debug_line    0x0000133d      0x78d _build/nrf52832_xxaa/nrf_log_default_backends.c.o
 .debug_line    0x00001aca      0xebe _build/nrf52832_xxaa/nrf_log_frontend.c.o
 .debug_line    0x00002988      0x885 _build/nrf52832_xxaa/nrf_log_str_formatter.c.o
 .debug_line    0x0000320d      0x914 _build/nrf52832_xxaa/app_button.c.o
 .debug_line    0x00003b21      0x50f _build/nrf52832_xxaa/app_error.c.o
 .debug_line    0x00004030      0x7e5 _build/nrf52832_xxaa/app_error_weak.c.o
 .debug_line    0x00004815      0xc7c _build/nrf52832_xxaa/app_timer.c.o
 .debug_line    0x00005491      0x5ae _build/nrf52832_xxaa/app_util_platform.c.o
 .debug_line    0x00005a3f      0x6c3 _build/nrf52832_xxaa/nrf_atomic.c.o
 .debug_line    0x00006102      0x758 _build/nrf52832_xxaa/nrf_balloc.c.o
 .debug_line    0x0000685a      0x55c _build/nrf52832_xxaa/nrf_fprintf.c.o
 .debug_line    0x00006db6      0x76c _build/nrf52832_xxaa/nrf_fprintf_format.c.o
 .debug_line    0x00007522      0x83c _build/nrf52832_xxaa/nrf_memobj.c.o
 .debug_line    0x00007d5e      0x6f2 _build/nrf52832_xxaa/nrf_ringbuf.c.o
 .debug_line    0x00008450      0x7e2 _build/nrf52832_xxaa/nrf_drv_uart.c.o
 .debug_line    0x00008c32     0x1301 _build/nrf52832_xxaa/nrfx_gpiote.c.o
 .debug_line    0x00009f33      0x8e7 _build/nrf52832_xxaa/nrfx_prs.c.o
 .debug_line    0x0000a81a      0xfe3 _build/nrf52832_xxaa/nrfx_uart.c.o
 .debug_line    0x0000b7fd      0xf0b _build/nrf52832_xxaa/nrfx_uarte.c.o
 .debug_line    0x0000c708      0xc41 _build/nrf52832_xxaa/main.c.o
 .debug_line    0x0000d349      0x4d3 _build/nrf52832_xxaa/system_nrf52.c.o

.debug_info     0x00000000    0x23ad7
 .debug_info    0x00000000       0x26 _build/nrf52832_xxaa/gcc_startup_nrf52.S.o
 .debug_info    0x00000026     0x10d4 _build/nrf52832_xxaa/nrf_log_backend_serial.c.o
 .debug_info    0x000010fa     0x1a7a _build/nrf52832_xxaa/nrf_log_backend_uart.c.o
 .debug_info    0x00002b74      0xc7b _build/nrf52832_xxaa/nrf_log_default_backends.c.o
 .debug_info    0x000037ef     0x3848 _build/nrf52832_xxaa/nrf_log_frontend.c.o
 .debug_info    0x00007037     0x132f _build/nrf52832_xxaa/nrf_log_str_formatter.c.o
 .debug_info    0x00008366      0xec2 _build/nrf52832_xxaa/app_button.c.o
 .debug_info    0x00009228      0xaeb _build/nrf52832_xxaa/app_error.c.o
 .debug_info    0x00009d13      0xecd _build/nrf52832_xxaa/app_error_weak.c.o
 .debug_info    0x0000abe0     0x2366 _build/nrf52832_xxaa/app_timer.c.o
 .debug_info    0x0000cf46      0xfa6 _build/nrf52832_xxaa/app_util_platform.c.o
 .debug_info    0x0000deec     0x122a _build/nrf52832_xxaa/nrf_atomic.c.o
 .debug_info    0x0000f116      0xd20 _build/nrf52832_xxaa/nrf_balloc.c.o
 .debug_info    0x0000fe36      0xaa8 _build/nrf52832_xxaa/nrf_fprintf.c.o
 .debug_info    0x000108de     0x132f _build/nrf52832_xxaa/nrf_fprintf_format.c.o
 .debug_info    0x00011c0d     0x1320 _build/nrf52832_xxaa/nrf_memobj.c.o
 .debug_info    0x00012f2d      0xdee _build/nrf52832_xxaa/nrf_ringbuf.c.o
 .debug_info    0x00013d1b     0x18f3 _build/nrf52832_xxaa/nrf_drv_uart.c.o
 .debug_info    0x0001560e     0x393f _build/nrf52832_xxaa/nrfx_gpiote.c.o
 .debug_info    0x00018f4d     0x1080 _build/nrf52832_xxaa/nrfx_prs.c.o
 .debug_info    0x00019fcd     0x37f3 _build/nrf52832_xxaa/nrfx_uart.c.o
 .debug_info    0x0001d7c0     0x352a _build/nrf52832_xxaa/nrfx_uarte.c.o
 .debug_info    0x00020cea     0x1cad _build/nrf52832_xxaa/main.c.o
 .debug_info    0x00022997     0x1140 _build/nrf52832_xxaa/system_nrf52.c.o

.debug_abbrev   0x00000000     0x4c22
 .debug_abbrev  0x00000000       0x14 _build/nrf52832_xxaa/gcc_startup_nrf52.S.o
 .debug_abbrev  0x00000014      0x27f _build/nrf52832_xxaa/nrf_log_backend_serial.c.o
 .debug_abbrev  0x00000293      0x3ca _build/nrf52832_xxaa/nrf_log_backend_uart.c.o
 .debug_abbrev  0x0000065d      0x256 _build/nrf52832_xxaa/nrf_log_default_backends.c.o
 .debug_abbrev  0x000008b3      0x598 _build/nrf52832_xxaa/nrf_log_frontend.c.o
 .debug_abbrev  0x00000e4b      0x2ba _build/nrf52832_xxaa/nrf_log_str_formatter.c.o
 .debug_abbrev  0x00001105      0x2d9 _build/nrf52832_xxaa/app_button.c.o
 .debug_abbrev  0x000013de      0x235 _build/nrf52832_xxaa/app_error.c.o
 .debug_abbrev  0x00001613      0x298 _build/nrf52832_xxaa/app_error_weak.c.o
 .debug_abbrev  0x000018ab      0x494 _build/nrf52832_xxaa/app_timer.c.o
 .debug_abbrev  0x00001d3f      0x326 _build/nrf52832_xxaa/app_util_platform.c.o
 .debug_abbrev  0x00002065      0x31f _build/nrf52832_xxaa/nrf_atomic.c.o
 .debug_abbrev  0x00002384      0x2f1 _build/nrf52832_xxaa/nrf_balloc.c.o
 .debug_abbrev  0x00002675      0x239 _build/nrf52832_xxaa/nrf_fprintf.c.o
 .debug_abbrev  0x000028ae      0x347 _build/nrf52832_xxaa/nrf_fprintf_format.c.o
 .debug_abbrev  0x00002bf5      0x350 _build/nrf52832_xxaa/nrf_memobj.c.o
 .debug_abbrev  0x00002f45      0x265 _build/nrf52832_xxaa/nrf_ringbuf.c.o
 .debug_abbrev  0x000031aa      0x298 _build/nrf52832_xxaa/nrf_drv_uart.c.o
 .debug_abbrev  0x00003442      0x522 _build/nrf52832_xxaa/nrfx_gpiote.c.o
 .debug_abbrev  0x00003964      0x305 _build/nrf52832_xxaa/nrfx_prs.c.o
 .debug_abbrev  0x00003c69      0x4fe _build/nrf52832_xxaa/nrfx_uart.c.o
 .debug_abbrev  0x00004167      0x4c8 _build/nrf52832_xxaa/nrfx_uarte.c.o
 .debug_abbrev  0x0000462f      0x3fd _build/nrf52832_xxaa/main.c.o
 .debug_abbrev  0x00004a2c      0x1f6 _build/nrf52832_xxaa/system_nrf52.c.o

.debug_aranges  0x00000000      0x738
 .debug_aranges
                0x00000000       0x20 _build/nrf52832_xxaa/gcc_startup_nrf52.S.o
 .debug_aranges
                0x00000020       0x20 _build/nrf52832_xxaa/nrf_log_backend_serial.c.o
 .debug_aranges
                0x00000040       0x48 _build/nrf52832_xxaa/nrf_log_backend_uart.c.o
 .debug_aranges
                0x00000088       0x20 _build/nrf52832_xxaa/nrf_log_default_backends.c.o
 .debug_aranges
                0x000000a8       0xc8 _build/nrf52832_xxaa/nrf_log_frontend.c.o
 .debug_aranges
                0x00000170       0x30 _build/nrf52832_xxaa/nrf_log_str_formatter.c.o
 .debug_aranges
                0x000001a0       0x48 _build/nrf52832_xxaa/app_button.c.o
 .debug_aranges
                0x000001e8       0x28 _build/nrf52832_xxaa/app_error.c.o
 .debug_aranges
                0x00000210       0x20 _build/nrf52832_xxaa/app_error_weak.c.o
 .debug_aranges
                0x00000230       0x70 _build/nrf52832_xxaa/app_timer.c.o
 .debug_aranges
                0x000002a0       0x48 _build/nrf52832_xxaa/app_util_platform.c.o
 .debug_aranges
                0x000002e8       0xb0 _build/nrf52832_xxaa/nrf_atomic.c.o
 .debug_aranges
                0x00000398       0x30 _build/nrf52832_xxaa/nrf_balloc.c.o
 .debug_aranges
                0x000003c8       0x28 _build/nrf52832_xxaa/nrf_fprintf.c.o
 .debug_aranges
                0x000003f0       0x28 _build/nrf52832_xxaa/nrf_fprintf_format.c.o
 .debug_aranges
                0x00000418       0x50 _build/nrf52832_xxaa/nrf_memobj.c.o
 .debug_aranges
                0x00000468       0x50 _build/nrf52832_xxaa/nrf_ringbuf.c.o
 .debug_aranges
                0x000004b8       0x30 _build/nrf52832_xxaa/nrf_drv_uart.c.o
 .debug_aranges
                0x000004e8       0xd8 _build/nrf52832_xxaa/nrfx_gpiote.c.o
 .debug_aranges
                0x000005c0       0x30 _build/nrf52832_xxaa/nrfx_prs.c.o
 .debug_aranges
                0x000005f0       0x78 _build/nrf52832_xxaa/nrfx_uart.c.o
 .debug_aranges
                0x00000668       0x68 _build/nrf52832_xxaa/nrfx_uarte.c.o
 .debug_aranges
                0x000006d0       0x38 _build/nrf52832_xxaa/main.c.o
 .debug_aranges
                0x00000708       0x30 _build/nrf52832_xxaa/system_nrf52.c.o

.debug_str      0x00000000    0x7a42c
 .debug_str     0x00000000       0x96 _build/nrf52832_xxaa/gcc_startup_nrf52.S.o
 .debug_str     0x00000096    0x6da92 _build/nrf52832_xxaa/nrf_log_backend_serial.c.o
                              0x6ea1d (size before relaxing)
 .debug_str     0x0006db28     0x3dfe _build/nrf52832_xxaa/nrf_log_backend_uart.c.o
                              0x722ef (size before relaxing)
 .debug_str     0x00071926      0x11f _build/nrf52832_xxaa/nrf_log_default_backends.c.o
                              0x6e7d4 (size before relaxing)
 .debug_str     0x00071a45     0x1369 _build/nrf52832_xxaa/nrf_log_frontend.c.o
                              0x6fc7f (size before relaxing)
 .debug_str     0x00072dae      0x6a7 _build/nrf52832_xxaa/nrf_log_str_formatter.c.o
                              0x6ef35 (size before relaxing)
 .debug_str     0x00073455     0x1640 _build/nrf52832_xxaa/app_button.c.o
                              0x6f26c (size before relaxing)
 .debug_str     0x00074a95       0xf7 _build/nrf52832_xxaa/app_error.c.o
                              0x60949 (size before relaxing)
 .debug_str     0x00074b8c       0xdc _build/nrf52832_xxaa/app_error_weak.c.o
                              0x6ee9d (size before relaxing)
 .debug_str     0x00074c68      0xb5e _build/nrf52832_xxaa/app_timer.c.o
                              0x6ec37 (size before relaxing)
 .debug_str     0x000757c6      0x1b6 _build/nrf52832_xxaa/app_util_platform.c.o
                              0x6113b (size before relaxing)
 .debug_str     0x0007597c      0x6bc _build/nrf52832_xxaa/nrf_atomic.c.o
                              0x6a873 (size before relaxing)
 .debug_str     0x00076038      0x167 _build/nrf52832_xxaa/nrf_balloc.c.o
                              0x6e7c2 (size before relaxing)
 .debug_str     0x0007619f      0x147 _build/nrf52832_xxaa/nrf_fprintf.c.o
                              0x6a4cc (size before relaxing)
 .debug_str     0x000762e6      0x120 _build/nrf52832_xxaa/nrf_fprintf_format.c.o
                              0x6a5c1 (size before relaxing)
 .debug_str     0x00076406      0x1a8 _build/nrf52832_xxaa/nrf_memobj.c.o
                              0x6cb86 (size before relaxing)
 .debug_str     0x000765ae       0xdf _build/nrf52832_xxaa/nrf_ringbuf.c.o
                              0x6b278 (size before relaxing)
 .debug_str     0x0007668d      0x473 _build/nrf52832_xxaa/nrf_drv_uart.c.o
                              0x6eb02 (size before relaxing)
 .debug_str     0x00076b00     0x136c _build/nrf52832_xxaa/nrfx_gpiote.c.o
                              0x72843 (size before relaxing)
 .debug_str     0x00077e6c      0x349 _build/nrf52832_xxaa/nrfx_prs.c.o
                              0x70d25 (size before relaxing)
 .debug_str     0x000781b5      0x6d9 _build/nrf52832_xxaa/nrfx_uart.c.o
                              0x71ebf (size before relaxing)
 .debug_str     0x0007888e      0x979 _build/nrf52832_xxaa/nrfx_uarte.c.o
                              0x72353 (size before relaxing)
 .debug_str     0x00079207      0xee7 _build/nrf52832_xxaa/main.c.o
                              0x73ffe (size before relaxing)
 .debug_str     0x0007a0ee      0x33e _build/nrf52832_xxaa/system_nrf52.c.o
                              0x5c4a8 (size before relaxing)

.debug_loc      0x00000000     0xc9fd
 .debug_loc     0x00000000      0x160 _build/nrf52832_xxaa/nrf_log_backend_serial.c.o
 .debug_loc     0x00000160      0x227 _build/nrf52832_xxaa/nrf_log_backend_uart.c.o
 .debug_loc     0x00000387       0x15 _build/nrf52832_xxaa/nrf_log_default_backends.c.o
 .debug_loc     0x0000039c     0x27e7 _build/nrf52832_xxaa/nrf_log_frontend.c.o
 .debug_loc     0x00002b83      0x42f _build/nrf52832_xxaa/nrf_log_str_formatter.c.o
 .debug_loc     0x00002fb2      0x3b3 _build/nrf52832_xxaa/app_button.c.o
 .debug_loc     0x00003365       0xca _build/nrf52832_xxaa/app_error.c.o
 .debug_loc     0x0000342f       0x63 _build/nrf52832_xxaa/app_error_weak.c.o
 .debug_loc     0x00003492      0xeeb _build/nrf52832_xxaa/app_timer.c.o
 .debug_loc     0x0000437d       0xc3 _build/nrf52832_xxaa/app_util_platform.c.o
 .debug_loc     0x00004440      0x35c _build/nrf52832_xxaa/nrf_atomic.c.o
 .debug_loc     0x0000479c      0x21b _build/nrf52832_xxaa/nrf_balloc.c.o
 .debug_loc     0x000049b7       0x4a _build/nrf52832_xxaa/nrf_fprintf.c.o
 .debug_loc     0x00004a01     0x1169 _build/nrf52832_xxaa/nrf_fprintf_format.c.o
 .debug_loc     0x00005b6a      0xb27 _build/nrf52832_xxaa/nrf_memobj.c.o
 .debug_loc     0x00006691      0x5d5 _build/nrf52832_xxaa/nrf_ringbuf.c.o
 .debug_loc     0x00006c66      0x1ae _build/nrf52832_xxaa/nrf_drv_uart.c.o
 .debug_loc     0x00006e14     0x28a7 _build/nrf52832_xxaa/nrfx_gpiote.c.o
 .debug_loc     0x000096bb       0xc6 _build/nrf52832_xxaa/nrfx_prs.c.o
 .debug_loc     0x00009781     0x18b3 _build/nrf52832_xxaa/nrfx_uart.c.o
 .debug_loc     0x0000b034     0x13d0 _build/nrf52832_xxaa/nrfx_uarte.c.o
 .debug_loc     0x0000c404      0x5f9 _build/nrf52832_xxaa/main.c.o

.debug_ranges   0x00000000     0x2ad8
 .debug_ranges  0x00000000       0x28 _build/nrf52832_xxaa/nrf_log_backend_serial.c.o
 .debug_ranges  0x00000028       0xb0 _build/nrf52832_xxaa/nrf_log_backend_uart.c.o
 .debug_ranges  0x000000d8       0x10 _build/nrf52832_xxaa/nrf_log_default_backends.c.o
 .debug_ranges  0x000000e8      0x860 _build/nrf52832_xxaa/nrf_log_frontend.c.o
 .debug_ranges  0x00000948       0xb8 _build/nrf52832_xxaa/nrf_log_str_formatter.c.o
 .debug_ranges  0x00000a00       0x88 _build/nrf52832_xxaa/app_button.c.o
 .debug_ranges  0x00000a88       0x18 _build/nrf52832_xxaa/app_error.c.o
 .debug_ranges  0x00000aa0       0x10 _build/nrf52832_xxaa/app_error_weak.c.o
 .debug_ranges  0x00000ab0      0x498 _build/nrf52832_xxaa/app_timer.c.o
 .debug_ranges  0x00000f48       0x50 _build/nrf52832_xxaa/app_util_platform.c.o
 .debug_ranges  0x00000f98       0xb8 _build/nrf52832_xxaa/nrf_atomic.c.o
 .debug_ranges  0x00001050       0x38 _build/nrf52832_xxaa/nrf_balloc.c.o
 .debug_ranges  0x00001088       0x18 _build/nrf52832_xxaa/nrf_fprintf.c.o
 .debug_ranges  0x000010a0      0x310 _build/nrf52832_xxaa/nrf_fprintf_format.c.o
 .debug_ranges  0x000013b0       0xb0 _build/nrf52832_xxaa/nrf_memobj.c.o
 .debug_ranges  0x00001460       0x40 _build/nrf52832_xxaa/nrf_ringbuf.c.o
 .debug_ranges  0x000014a0       0x20 _build/nrf52832_xxaa/nrf_drv_uart.c.o
 .debug_ranges  0x000014c0      0x9b8 _build/nrf52832_xxaa/nrfx_gpiote.c.o
 .debug_ranges  0x00001e78       0x38 _build/nrf52832_xxaa/nrfx_prs.c.o
 .debug_ranges  0x00001eb0      0x4d0 _build/nrf52832_xxaa/nrfx_uart.c.o
 .debug_ranges  0x00002380      0x440 _build/nrf52832_xxaa/nrfx_uarte.c.o
 .debug_ranges  0x000027c0      0x1b0 _build/nrf52832_xxaa/main.c.o
 .debug_ranges  0x00002970      0x168 _build/nrf52832_xxaa/system_nrf52.c.o

.debug_macro    0x00000000     0x6578
 .debug_macro   0x00000000      0x371 _build/nrf52832_xxaa/nrf_log_backend_serial.c.o
 .debug_macro   0x00000371       0x16 _build/nrf52832_xxaa/nrf_log_backend_serial.c.o
 .debug_macro   0x00000387       0x22 _build/nrf52832_xxaa/nrf_log_backend_serial.c.o
 .debug_macro   0x000003a9       0x1c _build/nrf52832_xxaa/nrf_log_backend_serial.c.o
 .debug_macro   0x000003c5       0x10 _build/nrf52832_xxaa/nrf_log_backend_serial.c.o
 .debug_macro   0x000003d5       0x10 _build/nrf52832_xxaa/nrf_log_backend_serial.c.o
 .debug_macro   0x000003e5       0xb6 _build/nrf52832_xxaa/nrf_log_backend_serial.c.o
 .debug_macro   0x0000049b       0x16 _build/nrf52832_xxaa/nrf_log_backend_serial.c.o
 .debug_macro   0x000004b1      0x129 _build/nrf52832_xxaa/nrf_log_backend_serial.c.o
 .debug_macro   0x000005da       0x49 _build/nrf52832_xxaa/nrf_log_backend_serial.c.o
 .debug_macro   0x00000623       0x8c _build/nrf52832_xxaa/nrf_log_backend_serial.c.o
 .debug_macro   0x000006af       0x31 _build/nrf52832_xxaa/nrf_log_backend_serial.c.o
 .debug_macro   0x000006e0       0x55 _build/nrf52832_xxaa/nrf_log_backend_serial.c.o
 .debug_macro   0x00000735       0x98 _build/nrf52832_xxaa/nrf_log_backend_serial.c.o
 .debug_macro   0x000007cd       0x10 _build/nrf52832_xxaa/nrf_log_backend_serial.c.o
 .debug_macro   0x000007dd       0x1d _build/nrf52832_xxaa/nrf_log_backend_serial.c.o
 .debug_macro   0x000007fa       0x2e _build/nrf52832_xxaa/nrf_log_backend_serial.c.o
 .debug_macro   0x00000828       0x1c _build/nrf52832_xxaa/nrf_log_backend_serial.c.o
 .debug_macro   0x00000844      0x185 _build/nrf52832_xxaa/nrf_log_backend_serial.c.o
 .debug_macro   0x000009c9      0x454 _build/nrf52832_xxaa/nrf_log_backend_uart.c.o
 .debug_macro   0x00000e1d      0x3b1 _build/nrf52832_xxaa/nrf_log_backend_uart.c.o
 .debug_macro   0x000011ce       0x52 _build/nrf52832_xxaa/nrf_log_backend_uart.c.o
 .debug_macro   0x00001220      0x1a7 _build/nrf52832_xxaa/nrf_log_backend_uart.c.o
 .debug_macro   0x000013c7      0x125 _build/nrf52832_xxaa/nrf_log_backend_uart.c.o
 .debug_macro   0x000014ec       0x5a _build/nrf52832_xxaa/nrf_log_backend_uart.c.o
 .debug_macro   0x00001546       0x1d _build/nrf52832_xxaa/nrf_log_backend_uart.c.o
 .debug_macro   0x00001563       0xac _build/nrf52832_xxaa/nrf_log_backend_uart.c.o
 .debug_macro   0x0000160f       0x64 _build/nrf52832_xxaa/nrf_log_backend_uart.c.o
 .debug_macro   0x00001673       0x20 _build/nrf52832_xxaa/nrf_log_backend_uart.c.o
 .debug_macro   0x00001693       0x10 _build/nrf52832_xxaa/nrf_log_backend_uart.c.o
 .debug_macro   0x000016a3       0x10 _build/nrf52832_xxaa/nrf_log_backend_uart.c.o
 .debug_macro   0x000016b3       0x10 _build/nrf52832_xxaa/nrf_log_backend_uart.c.o
 .debug_macro   0x000016c3       0x10 _build/nrf52832_xxaa/nrf_log_backend_uart.c.o
 .debug_macro   0x000016d3       0x10 _build/nrf52832_xxaa/nrf_log_backend_uart.c.o
 .debug_macro   0x000016e3       0x3f _build/nrf52832_xxaa/nrf_log_backend_uart.c.o
 .debug_macro   0x00001722      0x362 _build/nrf52832_xxaa/nrf_log_default_backends.c.o
 .debug_macro   0x00001a84       0x10 _build/nrf52832_xxaa/nrf_log_default_backends.c.o
 .debug_macro   0x00001a94      0x3e3 _build/nrf52832_xxaa/nrf_log_frontend.c.o
 .debug_macro   0x00001e77       0x16 _build/nrf52832_xxaa/nrf_log_frontend.c.o
 .debug_macro   0x00001e8d       0x9a _build/nrf52832_xxaa/nrf_log_frontend.c.o
 .debug_macro   0x00001f27       0x9e _build/nrf52832_xxaa/nrf_log_frontend.c.o
 .debug_macro   0x00001fc5      0x3b3 _build/nrf52832_xxaa/nrf_log_str_formatter.c.o
 .debug_macro   0x00002378       0x9c _build/nrf52832_xxaa/nrf_log_str_formatter.c.o
 .debug_macro   0x00002414      0x3a6 _build/nrf52832_xxaa/app_button.c.o
 .debug_macro   0x000027ba       0x1c _build/nrf52832_xxaa/app_button.c.o
 .debug_macro   0x000027d6       0x42 _build/nrf52832_xxaa/app_button.c.o
 .debug_macro   0x00002818       0x25 _build/nrf52832_xxaa/app_button.c.o
 .debug_macro   0x0000283d       0x44 _build/nrf52832_xxaa/app_button.c.o
 .debug_macro   0x00002881       0xcc _build/nrf52832_xxaa/app_button.c.o
 .debug_macro   0x0000294d      0x21f _build/nrf52832_xxaa/app_error.c.o
 .debug_macro   0x00002b6c       0x35 _build/nrf52832_xxaa/app_error.c.o
 .debug_macro   0x00002ba1       0x97 _build/nrf52832_xxaa/app_error.c.o
 .debug_macro   0x00002c38       0xf6 _build/nrf52832_xxaa/app_error.c.o
 .debug_macro   0x00002d2e      0x361 _build/nrf52832_xxaa/app_error_weak.c.o
 .debug_macro   0x0000308f       0x16 _build/nrf52832_xxaa/app_error_weak.c.o
 .debug_macro   0x000030a5       0x92 _build/nrf52832_xxaa/app_error_weak.c.o
 .debug_macro   0x00003137      0x3f0 _build/nrf52832_xxaa/app_timer.c.o
 .debug_macro   0x00003527       0x3c _build/nrf52832_xxaa/app_timer.c.o
 .debug_macro   0x00003563       0x45 _build/nrf52832_xxaa/app_timer.c.o
 .debug_macro   0x000035a8      0x235 _build/nrf52832_xxaa/app_util_platform.c.o
 .debug_macro   0x000037dd      0x223 _build/nrf52832_xxaa/nrf_atomic.c.o
 .debug_macro   0x00003a00       0x42 _build/nrf52832_xxaa/nrf_atomic.c.o
 .debug_macro   0x00003a42      0x326 _build/nrf52832_xxaa/nrf_balloc.c.o
 .debug_macro   0x00003d68       0x10 _build/nrf52832_xxaa/nrf_balloc.c.o
 .debug_macro   0x00003d78      0x22f _build/nrf52832_xxaa/nrf_fprintf.c.o
 .debug_macro   0x00003fa7       0x58 _build/nrf52832_xxaa/nrf_fprintf.c.o
 .debug_macro   0x00003fff      0x241 _build/nrf52832_xxaa/nrf_fprintf_format.c.o
 .debug_macro   0x00004240      0x309 _build/nrf52832_xxaa/nrf_memobj.c.o
 .debug_macro   0x00004549      0x10e _build/nrf52832_xxaa/nrf_memobj.c.o
 .debug_macro   0x00004657       0x86 _build/nrf52832_xxaa/nrf_memobj.c.o
 .debug_macro   0x000046dd       0x54 _build/nrf52832_xxaa/nrf_memobj.c.o
 .debug_macro   0x00004731      0x2b8 _build/nrf52832_xxaa/nrf_ringbuf.c.o
 .debug_macro   0x000049e9      0x363 _build/nrf52832_xxaa/nrf_drv_uart.c.o
 .debug_macro   0x00004d4c      0x41b _build/nrf52832_xxaa/nrfx_gpiote.c.o
 .debug_macro   0x00005167       0x1c _build/nrf52832_xxaa/nrfx_gpiote.c.o
 .debug_macro   0x00005183       0x16 _build/nrf52832_xxaa/nrfx_gpiote.c.o
 .debug_macro   0x00005199       0x1c _build/nrf52832_xxaa/nrfx_gpiote.c.o
 .debug_macro   0x000051b5       0x37 _build/nrf52832_xxaa/nrfx_gpiote.c.o
 .debug_macro   0x000051ec      0x17f _build/nrf52832_xxaa/nrfx_gpiote.c.o
 .debug_macro   0x0000536b       0x42 _build/nrf52832_xxaa/nrfx_gpiote.c.o
 .debug_macro   0x000053ad      0x3d0 _build/nrf52832_xxaa/nrfx_prs.c.o
 .debug_macro   0x0000577d       0x28 _build/nrf52832_xxaa/nrfx_prs.c.o
 .debug_macro   0x000057a5      0x3eb _build/nrf52832_xxaa/nrfx_uart.c.o
 .debug_macro   0x00005b90      0x409 _build/nrf52832_xxaa/nrfx_uarte.c.o
 .debug_macro   0x00005f99      0x4b7 _build/nrf52832_xxaa/main.c.o
 .debug_macro   0x00006450       0x17 _build/nrf52832_xxaa/main.c.o
 .debug_macro   0x00006467       0x10 _build/nrf52832_xxaa/main.c.o
 .debug_macro   0x00006477       0x10 _build/nrf52832_xxaa/main.c.o
 .debug_macro   0x00006487       0xf1 _build/nrf52832_xxaa/system_nrf52.c.o

.debug_frame    0x00000000     0x1504
 .debug_frame   0x00000000       0x40 _build/nrf52832_xxaa/nrf_log_backend_serial.c.o
 .debug_frame   0x00000040       0xb0 _build/nrf52832_xxaa/nrf_log_backend_uart.c.o
 .debug_frame   0x000000f0       0x28 _build/nrf52832_xxaa/nrf_log_default_backends.c.o
 .debug_frame   0x00000118      0x300 _build/nrf52832_xxaa/nrf_log_frontend.c.o
 .debug_frame   0x00000418       0x7c _build/nrf52832_xxaa/nrf_log_str_formatter.c.o
 .debug_frame   0x00000494      0x120 _build/nrf52832_xxaa/app_button.c.o
 .debug_frame   0x000005b4       0x54 _build/nrf52832_xxaa/app_error.c.o
 .debug_frame   0x00000608       0x28 _build/nrf52832_xxaa/app_error_weak.c.o
 .debug_frame   0x00000630      0x138 _build/nrf52832_xxaa/app_timer.c.o
 .debug_frame   0x00000768       0x70 _build/nrf52832_xxaa/app_util_platform.c.o
 .debug_frame   0x000007d8      0x150 _build/nrf52832_xxaa/nrf_atomic.c.o
 .debug_frame   0x00000928       0x6c _build/nrf52832_xxaa/nrf_balloc.c.o
 .debug_frame   0x00000994       0x5c _build/nrf52832_xxaa/nrf_fprintf.c.o
 .debug_frame   0x000009f0       0xa8 _build/nrf52832_xxaa/nrf_fprintf_format.c.o
 .debug_frame   0x00000a98       0xd8 _build/nrf52832_xxaa/nrf_memobj.c.o
 .debug_frame   0x00000b70       0xd8 _build/nrf52832_xxaa/nrf_ringbuf.c.o
 .debug_frame   0x00000c48       0x7c _build/nrf52832_xxaa/nrf_drv_uart.c.o
 .debug_frame   0x00000cc4      0x260 _build/nrf52832_xxaa/nrfx_gpiote.c.o
 .debug_frame   0x00000f24       0x4c _build/nrf52832_xxaa/nrfx_prs.c.o
 .debug_frame   0x00000f70      0x198 _build/nrf52832_xxaa/nrfx_uart.c.o
 .debug_frame   0x00001108      0x194 _build/nrf52832_xxaa/nrfx_uarte.c.o
 .debug_frame   0x0000129c       0x74 _build/nrf52832_xxaa/main.c.o
 .debug_frame   0x00001310       0x4c _build/nrf52832_xxaa/system_nrf52.c.o
 .debug_frame   0x0000135c       0x28 c:/program files (x86)/gnu tools arm embedded/7 2018-q2-update/bin/../lib/gcc/arm-none-eabi/7.3.1/../../../../arm-none-eabi/lib/thumb/v7e-m/fpv4-sp/hard\libc_nano.a(lib_a-exit.o)
 .debug_frame   0x00001384       0x2c c:/program files (x86)/gnu tools arm embedded/7 2018-q2-update/bin/../lib/gcc/arm-none-eabi/7.3.1/../../../../arm-none-eabi/lib/thumb/v7e-m/fpv4-sp/hard\libc_nano.a(lib_a-init.o)
 .debug_frame   0x000013b0       0x68 c:/program files (x86)/gnu tools arm embedded/7 2018-q2-update/bin/../lib/gcc/arm-none-eabi/7.3.1/../../../../arm-none-eabi/lib/thumb/v7e-m/fpv4-sp/hard\libc_nano.a(lib_a-locale.o)
 .debug_frame   0x00001418       0x48 c:/program files (x86)/gnu tools arm embedded/7 2018-q2-update/bin/../lib/gcc/arm-none-eabi/7.3.1/../../../../arm-none-eabi/lib/thumb/v7e-m/fpv4-sp/hard\libc_nano.a(lib_a-mbtowc_r.o)
 .debug_frame   0x00001460       0x28 c:/program files (x86)/gnu tools arm embedded/7 2018-q2-update/bin/../lib/gcc/arm-none-eabi/7.3.1/../../../../arm-none-eabi/lib/thumb/v7e-m/fpv4-sp/hard\libc_nano.a(lib_a-memcpy-stub.o)
 .debug_frame   0x00001488       0x20 c:/program files (x86)/gnu tools arm embedded/7 2018-q2-update/bin/../lib/gcc/arm-none-eabi/7.3.1/../../../../arm-none-eabi/lib/thumb/v7e-m/fpv4-sp/hard\libc_nano.a(lib_a-memset.o)
 .debug_frame   0x000014a8       0x3c c:/program files (x86)/gnu tools arm embedded/7 2018-q2-update/bin/../lib/gcc/arm-none-eabi/7.3.1/../../../../arm-none-eabi/lib/thumb/v7e-m/fpv4-sp/hard\libc_nano.a(lib_a-wctomb_r.o)
 .debug_frame   0x000014e4       0x20 c:/program files (x86)/gnu tools arm embedded/7 2018-q2-update/bin/../lib/gcc/arm-none-eabi/7.3.1/../../../../arm-none-eabi/lib/thumb/v7e-m/fpv4-sp/hard\libnosys.a(_exit.o)
